Archive member included to satisfy reference by file (symbol)

/opt/devkitpro/libctru/lib/libctru.a(console.o)
                              main.o (consoleInit)
/opt/devkitpro/libctru/lib/libctru.a(gfx.o)
                              /opt/devkitpro/libctru/lib/libctru.a(console.o) (gfxSetScreenFormat)
/opt/devkitpro/libctru/lib/libctru.a(gx.o)
                              /opt/devkitpro/libctru/lib/libctru.a(gfx.o) (gxCmdBuf)
/opt/devkitpro/libctru/lib/libctru.a(gspgpu.o)
                              /opt/devkitpro/libctru/lib/libctru.a(gfx.o) (gspInit)
/opt/devkitpro/libctru/lib/libctru.a(apt.o)
                              main.o (aptMainLoop)
/opt/devkitpro/libctru/lib/libctru.a(hid.o)
                              main.o (hidScanInput)
/opt/devkitpro/libctru/lib/libctru.a(initSystem.o)
                              /opt/devkitpro/libctru/lib/libctru.a(apt.o) (__system_retAddr)
/opt/devkitpro/libctru/lib/libctru.a(syscalls.o)
                              /opt/devkitpro/libctru/lib/libctru.a(initSystem.o) (__system_initSyscalls)
/opt/devkitpro/libctru/lib/libctru.a(allocateHeaps.o)
                              /opt/devkitpro/libctru/lib/libctru.a(initSystem.o) (__system_allocateHeaps)
/opt/devkitpro/libctru/lib/libctru.a(initArgv.o)
                              /opt/devkitpro/libctru/lib/libctru.a(initSystem.o) (__system_initArgv)
/opt/devkitpro/libctru/lib/libctru.a(svc.o)
                              /opt/devkitpro/libctru/lib/libctru.a(allocateHeaps.o) (svcControlMemory)
/opt/devkitpro/libctru/lib/libctru.a(stack_adjust.o)
                              /opt/devkitpro/devkitARM/bin/../lib/gcc/arm-none-eabi/9.1.0/../../../../arm-none-eabi/lib/armv6k/fpu/3dsx_crt0.o (initSystem)
/opt/devkitpro/libctru/lib/libctru.a(default_font.bin.o)
                              /opt/devkitpro/libctru/lib/libctru.a(console.o) (default_font_bin)
/opt/devkitpro/libctru/lib/libctru.a(vram.o)
                              /opt/devkitpro/libctru/lib/libctru.a(gfx.o) (vramAlloc)
/opt/devkitpro/libctru/lib/libctru.a(mappable.o)
                              /opt/devkitpro/libctru/lib/libctru.a(gfx.o) (mappableAlloc)
/opt/devkitpro/libctru/lib/libctru.a(linear.o)
                              /opt/devkitpro/libctru/lib/libctru.a(gfx.o) (linearAlloc)
/opt/devkitpro/libctru/lib/libctru.a(mem_pool.o)
                              /opt/devkitpro/libctru/lib/libctru.a(vram.o) (MemPool::Allocate(MemChunk&, unsigned long, int))
/opt/devkitpro/libctru/lib/libctru.a(synchronization.o)
                              /opt/devkitpro/libctru/lib/libctru.a(initSystem.o) (__sync_init)
/opt/devkitpro/libctru/lib/libctru.a(os.o)
                              /opt/devkitpro/libctru/lib/libctru.a(allocateHeaps.o) (osGetMemRegionUsed)
/opt/devkitpro/libctru/lib/libctru.a(srv.o)
                              /opt/devkitpro/libctru/lib/libctru.a(apt.o) (srvInit)
/opt/devkitpro/libctru/lib/libctru.a(thread.o)
                              /opt/devkitpro/libctru/lib/libctru.a(gspgpu.o) (threadCreate)
/opt/devkitpro/libctru/lib/libctru.a(irrst.o)
                              /opt/devkitpro/libctru/lib/libctru.a(hid.o) (irrstScanInput)
/opt/devkitpro/libctru/lib/libctru.a(srvpm.o)
                              /opt/devkitpro/libctru/lib/libctru.a(srv.o) (srvPmGetSessionHandle)
/opt/devkitpro/libctru/lib/libctru.a(ptmsysm.o)
                              /opt/devkitpro/libctru/lib/libctru.a(os.o) (ptmSysmInit)
/opt/devkitpro/libctru/lib/libctru.a(rbtree_init.o)
                              /opt/devkitpro/libctru/lib/libctru.a(vram.o) (rbtree_init)
/opt/devkitpro/libctru/lib/libctru.a(rbtree_insert.o)
                              /opt/devkitpro/libctru/lib/libctru.a(vram.o) (rbtree_insert)
/opt/devkitpro/libctru/lib/libctru.a(rbtree_rotate.o)
                              /opt/devkitpro/libctru/lib/libctru.a(rbtree_insert.o) (rbtree_rotate)
/opt/devkitpro/libctru/lib/libctru.a(rbtree_remove.o)
                              /opt/devkitpro/libctru/lib/libctru.a(vram.o) (rbtree_remove)
/opt/devkitpro/libctru/lib/libctru.a(rbtree_find.o)
                              /opt/devkitpro/libctru/lib/libctru.a(vram.o) (rbtree_find)
/opt/devkitpro/libctru/lib/libctru.a(appInit.o)
                              /opt/devkitpro/libctru/lib/libctru.a(stack_adjust.o) (__appInit)
/opt/devkitpro/libctru/lib/libctru.a(appExit.o)
                              /opt/devkitpro/libctru/lib/libctru.a(stack_adjust.o) (__appExit)
/opt/devkitpro/libctru/lib/libctru.a(ctru_exit.o)
                              /opt/devkitpro/libctru/lib/libctru.a(stack_adjust.o) (__libctru_exit)
/opt/devkitpro/libctru/lib/libctru.a(env.o)
                              /opt/devkitpro/libctru/lib/libctru.a(srv.o) (envGetHandle)
/opt/devkitpro/libctru/lib/libctru.a(sdmc_dev.o)
                              /opt/devkitpro/libctru/lib/libctru.a(appInit.o) (sdmcInit)
/opt/devkitpro/libctru/lib/libctru.a(fs.o)
                              /opt/devkitpro/libctru/lib/libctru.a(appInit.o) (fsInit)
[...]
Memory Configuration

Name             Origin             Length             Attributes
*default*        0x0000000000000000 0xffffffffffffffff

Linker script and memory map

                0x0000000000100000                PROVIDE (__start__ = 0x100000)
                0x0000000000100000                . = __start__

.text           0x0000000000100000    0x1cd14
 *(.crt0)
 .crt0          0x0000000000100000       0x94 /opt/devkitpro/devkitARM/bin/../lib/gcc/arm-none-eabi/9.1.0/../../../../arm-none-eabi/lib/armv6k/fpu/3dsx_crt0.o
                0x0000000000100000                _start
                0x0000000000100008                __service_ptr
                0x000000000010000c                __apt_appid
                0x0000000000100010                __heap_size
                0x0000000000100014                __linear_heap_size
                0x0000000000100018                __system_arglist
                0x000000000010001c                __system_runflags
 *(.init)
 .init          0x0000000000100094        0xc /opt/devkitpro/devkitARM/bin/../lib/gcc/arm-none-eabi/9.1.0/armv6k/fpu/crti.o
                0x0000000000100094                _init
 .init          0x00000000001000a0        0xc /opt/devkitpro/devkitARM/bin/../lib/gcc/arm-none-eabi/9.1.0/armv6k/fpu/crtn.o
                0x00000000001000ac                . = ALIGN (0x4)
 *(.text)
 .text          0x00000000001000ac       0x64 /opt/devkitpro/libctru/lib/libctru.a(stack_adjust.o)
                0x00000000001000ac                initSystem
                0x00000000001000f0                __ctru_exit
 .text          0x0000000000100110      0x240 /opt/devkitpro/devkitARM/bin/../lib/gcc/arm-none-eabi/9.1.0/armv6k/fpu/libgcc.a(_divsi3.o)
                0x0000000000100110                __aeabi_idiv
                0x0000000000100110                __divsi3
                0x0000000000100330                __aeabi_idivmod
 .text          0x0000000000100350        0x4 /opt/devkitpro/devkitARM/bin/../lib/gcc/arm-none-eabi/9.1.0/armv6k/fpu/libgcc.a(_dvmd_tls.o)
                0x0000000000100350                __aeabi_ldiv0
                0x0000000000100350                __aeabi_idiv0
 .text          0x0000000000100354       0x3c /opt/devkitpro/devkitARM/bin/../lib/gcc/arm-none-eabi/9.1.0/armv6k/fpu/libgcc.a(_aeabi_uldivmod.o)
                0x0000000000100354                __aeabi_uldivmod
 *fill*         0x0000000000100390       0x10 
 .text          0x00000000001003a0      0x390 /opt/devkitpro/devkitARM/bin/../lib/gcc/arm-none-eabi/9.1.0/../../../../arm-none-eabi/lib/armv6k/fpu/libg.a(lib_a-strcmp.o)
                0x00000000001003a8                strcmp
 .text          0x0000000000100730      0x20c /opt/devkitpro/devkitARM/bin/../lib/gcc/arm-none-eabi/9.1.0/armv6k/fpu/libgcc.a(_udivsi3.o)
                0x0000000000100730                __udivsi3
                0x0000000000100730                __aeabi_uidiv
                0x000000000010091c                __aeabi_uidivmod
 .text          0x000000000010093c      0x3c0 /opt/devkitpro/devkitARM/bin/../lib/gcc/arm-none-eabi/9.1.0/armv6k/fpu/libgcc.a(_arm_addsubdf3.o)
                0x000000000010093c                __aeabi_drsub
                0x0000000000100944                __subdf3
                0x0000000000100944                __aeabi_dsub
                0x0000000000100948                __aeabi_dadd
                0x0000000000100948                __adddf3
                0x0000000000100bf4                __aeabi_ui2d
                0x0000000000100bf4                __floatunsidf
                0x0000000000100c18                __floatsidf
                0x0000000000100c18                __aeabi_i2d
                0x0000000000100c40                __extendsfdf2
                0x0000000000100c40                __aeabi_f2d
                0x0000000000100c88                __aeabi_ul2d
                0x0000000000100c88                __floatundidf
                0x0000000000100c9c                __aeabi_l2d
                0x0000000000100c9c                __floatdidf
 *(.text.*)
 .text.deregister_tm_clones
                0x0000000000100cfc       0x2c /opt/devkitpro/devkitARM/bin/../lib/gcc/arm-none-eabi/9.1.0/armv6k/fpu/crtbegin.o
 .text.register_tm_clones
                0x0000000000100d28       0x38 /opt/devkitpro/devkitARM/bin/../lib/gcc/arm-none-eabi/9.1.0/armv6k/fpu/crtbegin.o
 .text.__do_global_dtors_aux
                0x0000000000100d60       0x44 /opt/devkitpro/devkitARM/bin/../lib/gcc/arm-none-eabi/9.1.0/armv6k/fpu/crtbegin.o
 .text.frame_dummy
                0x0000000000100da4       0x34 /opt/devkitpro/devkitARM/bin/../lib/gcc/arm-none-eabi/9.1.0/armv6k/fpu/crtbegin.o
 .text.startup.main
                0x0000000000100dd8      0x194 main.o
                0x0000000000100dd8                main
 .text.consoleDrawChar
                0x0000000000100f6c      0x1b8 /opt/devkitpro/libctru/lib/libctru.a(console.o)
                0x0000000000100f6c                consoleDrawChar
 .text.consolePrintChar
                0x0000000000101124      0x124 /opt/devkitpro/libctru/lib/libctru.a(console.o)
                0x0000000000101124                consolePrintChar
 .text.consoleCls
                0x0000000000101248      0x15c /opt/devkitpro/libctru/lib/libctru.a(console.o)
 .text.consoleInit
                0x00000000001013a4      0x104 /opt/devkitpro/libctru/lib/libctru.a(console.o)
                0x00000000001013a4                consoleInit
 .text.consoleClearLine
                0x00000000001014a8      0x10c /opt/devkitpro/libctru/lib/libctru.a(console.o)
 .text.newRow   0x00000000001015b4       0xc4 /opt/devkitpro/libctru/lib/libctru.a(console.o)
 .text.con_write
                0x0000000000101678      0x7cc /opt/devkitpro/libctru/lib/libctru.a(console.o)
                0x0000000000101678                con_write
 .text.gfxSetFramebufferInfo.part.0
                0x0000000000101e44       0x8c /opt/devkitpro/libctru/lib/libctru.a(gfx.o)
 .text.gfxSetFramebufferInfo
                0x0000000000101ed0       0x6c /opt/devkitpro/libctru/lib/libctru.a(gfx.o)
 .text.gfxGetFramebuffer.part.0
                0x0000000000101f3c       0x58 /opt/devkitpro/libctru/lib/libctru.a(gfx.o)
 .text.__get_bytes_per_pixel
                0x0000000000101f94       0x18 /opt/devkitpro/libctru/lib/libctru.a(gfx.o)
                0x0000000000101f94                __get_bytes_per_pixel
 .text.gfxSetScreenFormat
                0x0000000000101fac      0x184 /opt/devkitpro/libctru/lib/libctru.a(gfx.o)
                0x0000000000101fac                gfxSetScreenFormat
 .text.gfxSetDoubleBuffering
                0x0000000000102130       0x10 /opt/devkitpro/libctru/lib/libctru.a(gfx.o)
                0x0000000000102130                gfxSetDoubleBuffering
 .text.gfxInit  0x0000000000102140      0x214 /opt/devkitpro/libctru/lib/libctru.a(gfx.o)
                0x0000000000102140                gfxInit
 .text.gfxInitDefault
                0x0000000000102354       0x10 /opt/devkitpro/libctru/lib/libctru.a(gfx.o)
                0x0000000000102354                gfxInitDefault
 .text.gfxExit  0x0000000000102364       0xe0 /opt/devkitpro/libctru/lib/libctru.a(gfx.o)
                0x0000000000102364                gfxExit
 .text.gfxGetFramebuffer
                0x0000000000102444       0x64 /opt/devkitpro/libctru/lib/libctru.a(gfx.o)
                0x0000000000102444                gfxGetFramebuffer
 .text.gfxFlushBuffers
                0x00000000001024a8       0xcc /opt/devkitpro/libctru/lib/libctru.a(gfx.o)
                0x00000000001024a8                gfxFlushBuffers
 .text.gfxConfigScreen
                0x0000000000102574       0xf4 /opt/devkitpro/libctru/lib/libctru.a(gfx.o)
                0x0000000000102574                gfxConfigScreen
 .text.gfxSwapBuffers
                0x0000000000102668       0x20 /opt/devkitpro/libctru/lib/libctru.a(gfx.o)
                0x0000000000102668                gfxSwapBuffers
 .text.gfxSwapBuffersGpu
                0x0000000000102688       0x20 /opt/devkitpro/libctru/lib/libctru.a(gfx.o)
                0x0000000000102688                gfxSwapBuffersGpu
 .text.gspInit  0x00000000001026a8       0x74 /opt/devkitpro/libctru/lib/libctru.a(gspgpu.o)
                0x00000000001026a8                gspInit
 .text.gspExit  0x000000000010271c       0x3c /opt/devkitpro/libctru/lib/libctru.a(gspgpu.o)
                0x000000000010271c                gspExit
 .text.gspInitEventHandler
                0x0000000000102758       0xa4 /opt/devkitpro/libctru/lib/libctru.a(gspgpu.o)
                0x0000000000102758                gspInitEventHandler
 .text.gspExitEventHandler
                0x00000000001027fc       0x40 /opt/devkitpro/libctru/lib/libctru.a(gspgpu.o)
                0x00000000001027fc                gspExitEventHandler
 .text.gspWaitForEvent
                0x000000000010283c       0x50 /opt/devkitpro/libctru/lib/libctru.a(gspgpu.o)
                0x000000000010283c                gspWaitForEvent
 .text.gxCmdQueueInterrupt
                0x000000000010288c        0x4 /opt/devkitpro/libctru/lib/libctru.a(gspgpu.o)
                0x000000000010288c                gxCmdQueueInterrupt
 .text.gspEventThreadMain
                0x0000000000102890      0x178 /opt/devkitpro/libctru/lib/libctru.a(gspgpu.o)
 .text.GSPGPU_SetBufferSwap
                0x0000000000102a08       0x6c /opt/devkitpro/libctru/lib/libctru.a(gspgpu.o)
                0x0000000000102a08                GSPGPU_SetBufferSwap
 .text.GSPGPU_FlushDataCache
                0x0000000000102a74       0x4c /opt/devkitpro/libctru/lib/libctru.a(gspgpu.o)
                0x0000000000102a74                GSPGPU_FlushDataCache
 .text.GSPGPU_SetLcdForceBlack
                0x0000000000102ac0       0x34 /opt/devkitpro/libctru/lib/libctru.a(gspgpu.o)
                0x0000000000102ac0                GSPGPU_SetLcdForceBlack
 .text.GSPGPU_RegisterInterruptRelayQueue
                0x0000000000102af4       0x64 /opt/devkitpro/libctru/lib/libctru.a(gspgpu.o)
                0x0000000000102af4                GSPGPU_RegisterInterruptRelayQueue
 .text.GSPGPU_UnregisterInterruptRelayQueue
                0x0000000000102b58       0x2c /opt/devkitpro/libctru/lib/libctru.a(gspgpu.o)
                0x0000000000102b58                GSPGPU_UnregisterInterruptRelayQueue
 .text.GSPGPU_AcquireRight
                0x0000000000102b84       0x48 /opt/devkitpro/libctru/lib/libctru.a(gspgpu.o)
                0x0000000000102b84                GSPGPU_AcquireRight
 .text.GSPGPU_ReleaseRight
                0x0000000000102bcc       0x2c /opt/devkitpro/libctru/lib/libctru.a(gspgpu.o)
                0x0000000000102bcc                GSPGPU_ReleaseRight
 .text.GSPGPU_ImportDisplayCaptureInfo
                0x0000000000102bf8       0x80 /opt/devkitpro/libctru/lib/libctru.a(gspgpu.o)
                0x0000000000102bf8                GSPGPU_ImportDisplayCaptureInfo
 .text.GSPGPU_SaveVramSysArea
                0x0000000000102c78       0x2c /opt/devkitpro/libctru/lib/libctru.a(gspgpu.o)
                0x0000000000102c78                GSPGPU_SaveVramSysArea
 .text.GSPGPU_RestoreVramSysArea
                0x0000000000102ca4       0x2c /opt/devkitpro/libctru/lib/libctru.a(gspgpu.o)
                0x0000000000102ca4                GSPGPU_RestoreVramSysArea
 .text._aptDebug
                0x0000000000102cd0        0x4 /opt/devkitpro/libctru/lib/libctru.a(apt.o)
                0x0000000000102cd0                _aptDebug
 .text.aptSendCommand
                0x0000000000102cd4      0x170 /opt/devkitpro/libctru/lib/libctru.a(apt.o)
                0x0000000000102cd4                aptSendCommand
 .text.aptExitProcess
                0x0000000000102e44       0x3c /opt/devkitpro/libctru/lib/libctru.a(apt.o)
 .text.APT_InquireNotification
                0x0000000000102e80       0x50 /opt/devkitpro/libctru/lib/libctru.a(apt.o)
                0x0000000000102e80                APT_InquireNotification
 .text.aptEventHandler
                0x0000000000102ed0      0x194 /opt/devkitpro/libctru/lib/libctru.a(apt.o)
 .text.APT_AppletUtility
                0x0000000000103064       0x74 /opt/devkitpro/libctru/lib/libctru.a(apt.o)
                0x0000000000103064                APT_AppletUtility
 .text.aptSetSleepAllowed
                0x00000000001030d8       0xb0 /opt/devkitpro/libctru/lib/libctru.a(apt.o)
                0x00000000001030d8                aptSetSleepAllowed
 .text.APT_GlanceParameter
                0x0000000000103188       0xb4 /opt/devkitpro/libctru/lib/libctru.a(apt.o)
                0x0000000000103188                APT_GlanceParameter
 .text.APT_ReceiveParameter
                0x000000000010323c       0xc8 /opt/devkitpro/libctru/lib/libctru.a(apt.o)
                0x000000000010323c                APT_ReceiveParameter
 .text.aptReceiveParameter.constprop.0
                0x0000000000103304       0xbc /opt/devkitpro/libctru/lib/libctru.a(apt.o)
 .text.aptScreenTransfer
                0x00000000001033c0      0x1e0 /opt/devkitpro/libctru/lib/libctru.a(apt.o)
 .text.aptWaitForWakeUp
                0x00000000001035a0      0x210 /opt/devkitpro/libctru/lib/libctru.a(apt.o)
 .text.APT_CancelParameter
                0x00000000001037b0       0x70 /opt/devkitpro/libctru/lib/libctru.a(apt.o)
                0x00000000001037b0                APT_CancelParameter
 .text.aptInit  0x0000000000103820      0x25c /opt/devkitpro/libctru/lib/libctru.a(apt.o)
                0x0000000000103820                aptInit
 .text.aptClearParamQueue
                0x0000000000103a7c       0x88 /opt/devkitpro/libctru/lib/libctru.a(apt.o)
 .text.aptMainLoop
                0x0000000000103b04      0x264 /opt/devkitpro/libctru/lib/libctru.a(apt.o)
                0x0000000000103b04                aptMainLoop
 .text.aptExit  0x0000000000103d68      0x254 /opt/devkitpro/libctru/lib/libctru.a(apt.o)
                0x0000000000103d68                aptExit
 .text.APT_CheckNew3DS
                0x0000000000103fbc       0x7c /opt/devkitpro/libctru/lib/libctru.a(apt.o)
                0x0000000000103fbc                APT_CheckNew3DS
 .text.hidCheckSectionUpdateTime.part.0
                0x0000000000104038       0x28 /opt/devkitpro/libctru/lib/libctru.a(hid.o)
 .text.hidExit  0x0000000000104060       0xd0 /opt/devkitpro/libctru/lib/libctru.a(hid.o)
                0x0000000000104060                hidExit
 .text.hidScanInput
                0x0000000000104130      0x1d8 /opt/devkitpro/libctru/lib/libctru.a(hid.o)
                0x0000000000104130                hidScanInput
 .text.hidKeysDown
                0x0000000000104308       0x10 /opt/devkitpro/libctru/lib/libctru.a(hid.o)
                0x0000000000104308                hidKeysDown
 .text.hidTouchRead
                0x0000000000104318       0x18 /opt/devkitpro/libctru/lib/libctru.a(hid.o)
                0x0000000000104318                hidTouchRead
 .text.HIDUSER_GetHandles
                0x0000000000104330       0x90 /opt/devkitpro/libctru/lib/libctru.a(hid.o)
                0x0000000000104330                HIDUSER_GetHandles
 .text.hidInit  0x00000000001043c0      0x1a4 /opt/devkitpro/libctru/lib/libctru.a(hid.o)
                0x00000000001043c0                hidInit
 .text.__libctru_init
                0x0000000000104564       0x38 /opt/devkitpro/libctru/lib/libctru.a(initSystem.o)
                0x0000000000104564                __libctru_init
 .text.__libctru_nanosleep
                0x000000000010459c       0x34 /opt/devkitpro/libctru/lib/libctru.a(syscalls.o)
 .text.__ctru_get_reent
                0x00000000001045d0       0x30 /opt/devkitpro/libctru/lib/libctru.a(syscalls.o)
 .text.__system_initSyscalls
                0x0000000000104600       0xfc /opt/devkitpro/libctru/lib/libctru.a(syscalls.o)
                0x0000000000104600                __system_initSyscalls
 .text.__system_allocateHeaps
                0x00000000001046fc      0x100 /opt/devkitpro/libctru/lib/libctru.a(allocateHeaps.o)
                0x00000000001046fc                __system_allocateHeaps
 .text.__system_initArgv
                0x00000000001047fc       0xf0 /opt/devkitpro/libctru/lib/libctru.a(initArgv.o)
                0x00000000001047fc                __system_initArgv
 .text.svcControlMemory
                0x00000000001048ec       0x20 /opt/devkitpro/libctru/lib/libctru.a(svc.o)
                0x00000000001048ec                svcControlMemory
 .text.svcExitProcess
                0x000000000010490c        0x8 /opt/devkitpro/libctru/lib/libctru.a(svc.o)
                0x000000000010490c                svcExitProcess
 .text.svcCreateThread
                0x0000000000104914       0x20 /opt/devkitpro/libctru/lib/libctru.a(svc.o)
                0x0000000000104914                svcCreateThread
 .text.svcExitThread
                0x0000000000104934        0x8 /opt/devkitpro/libctru/lib/libctru.a(svc.o)
                0x0000000000104934                svcExitThread
 .text.svcSleepThread
                0x000000000010493c        0x8 /opt/devkitpro/libctru/lib/libctru.a(svc.o)
                0x000000000010493c                svcSleepThread
 .text.svcReleaseMutex
                0x0000000000104944        0x8 /opt/devkitpro/libctru/lib/libctru.a(svc.o)
                0x0000000000104944                svcReleaseMutex
 .text.svcCreateEvent
                0x000000000010494c       0x14 /opt/devkitpro/libctru/lib/libctru.a(svc.o)
                0x000000000010494c                svcCreateEvent
 .text.svcSignalEvent
                0x0000000000104960        0x8 /opt/devkitpro/libctru/lib/libctru.a(svc.o)
                0x0000000000104960                svcSignalEvent
 .text.svcClearEvent
                0x0000000000104968        0x8 /opt/devkitpro/libctru/lib/libctru.a(svc.o)
                0x0000000000104968                svcClearEvent
 .text.svcMapMemoryBlock
                0x0000000000104970        0x8 /opt/devkitpro/libctru/lib/libctru.a(svc.o)
                0x0000000000104970                svcMapMemoryBlock
 .text.svcUnmapMemoryBlock
                0x0000000000104978        0x8 /opt/devkitpro/libctru/lib/libctru.a(svc.o)
                0x0000000000104978                svcUnmapMemoryBlock
 .text.svcCreateAddressArbiter
                0x0000000000104980       0x14 /opt/devkitpro/libctru/lib/libctru.a(svc.o)
                0x0000000000104980                svcCreateAddressArbiter
 .text.svcArbitrateAddress
                0x0000000000104994       0x18 /opt/devkitpro/libctru/lib/libctru.a(svc.o)
                0x0000000000104994                svcArbitrateAddress
 .text.svcCloseHandle
                0x00000000001049ac        0x8 /opt/devkitpro/libctru/lib/libctru.a(svc.o)
                0x00000000001049ac                svcCloseHandle
 .text.svcWaitSynchronization
                0x00000000001049b4        0x8 /opt/devkitpro/libctru/lib/libctru.a(svc.o)
                0x00000000001049b4                svcWaitSynchronization
 .text.svcWaitSynchronizationN
                0x00000000001049bc       0x28 /opt/devkitpro/libctru/lib/libctru.a(svc.o)
                0x00000000001049bc                svcWaitSynchronizationN
 .text.svcDuplicateHandle
                0x00000000001049e4       0x14 /opt/devkitpro/libctru/lib/libctru.a(svc.o)
                0x00000000001049e4                svcDuplicateHandle
 .text.svcGetSystemTick
                0x00000000001049f8        0x8 /opt/devkitpro/libctru/lib/libctru.a(svc.o)
                0x00000000001049f8                svcGetSystemTick
 .text.svcGetSystemInfo
                0x0000000000104a00       0x18 /opt/devkitpro/libctru/lib/libctru.a(svc.o)
                0x0000000000104a00                svcGetSystemInfo
 .text.svcConnectToPort
                0x0000000000104a18       0x14 /opt/devkitpro/libctru/lib/libctru.a(svc.o)
                0x0000000000104a18                svcConnectToPort
 .text.svcSendSyncRequest
                0x0000000000104a2c        0x8 /opt/devkitpro/libctru/lib/libctru.a(svc.o)
                0x0000000000104a2c                svcSendSyncRequest
 .text.svcBreak
                0x0000000000104a34        0x8 /opt/devkitpro/libctru/lib/libctru.a(svc.o)
                0x0000000000104a34                svcBreak
 .text._ZL21addrMapNodeComparatorPK11rbtree_nodeS1_
                0x0000000000104a3c       0x24 /opt/devkitpro/libctru/lib/libctru.a(vram.o)
 .text._ZL21addrMapNodeDestructorP11rbtree_node
                0x0000000000104a60        0x4 /opt/devkitpro/libctru/lib/libctru.a(vram.o)
 .text.vramMemAlign
                0x0000000000104a64      0x114 /opt/devkitpro/libctru/lib/libctru.a(vram.o)
                0x0000000000104a64                vramMemAlign
 .text.vramAlloc
                0x0000000000104b78        0x8 /opt/devkitpro/libctru/lib/libctru.a(vram.o)
                0x0000000000104b78                vramAlloc
 .text.vramFree
                0x0000000000104b80       0x54 /opt/devkitpro/libctru/lib/libctru.a(vram.o)
                0x0000000000104b80                vramFree
 .text._ZL21addrMapNodeComparatorPK11rbtree_nodeS1_
                0x0000000000104bd4       0x24 /opt/devkitpro/libctru/lib/libctru.a(mappable.o)
 .text._ZL21addrMapNodeDestructorP11rbtree_node
                0x0000000000104bf8        0x4 /opt/devkitpro/libctru/lib/libctru.a(mappable.o)
 .text.mappableAlloc
                0x0000000000104bfc       0xe8 /opt/devkitpro/libctru/lib/libctru.a(mappable.o)
                0x0000000000104bfc                mappableAlloc
 .text.mappableFree
                0x0000000000104ce4       0x54 /opt/devkitpro/libctru/lib/libctru.a(mappable.o)
                0x0000000000104ce4                mappableFree
 .text._ZL21addrMapNodeComparatorPK11rbtree_nodeS1_
                0x0000000000104d38       0x24 /opt/devkitpro/libctru/lib/libctru.a(linear.o)
 .text._ZL21addrMapNodeDestructorP11rbtree_node
                0x0000000000104d5c        0x4 /opt/devkitpro/libctru/lib/libctru.a(linear.o)
 .text.linearMemAlign
                0x0000000000104d60      0x124 /opt/devkitpro/libctru/lib/libctru.a(linear.o)
                0x0000000000104d60                linearMemAlign
 .text.linearAlloc
                0x0000000000104e84        0x8 /opt/devkitpro/libctru/lib/libctru.a(linear.o)
                0x0000000000104e84                linearAlloc
 .text.linearFree
                0x0000000000104e8c       0x54 /opt/devkitpro/libctru/lib/libctru.a(linear.o)
                0x0000000000104e8c                linearFree
 .text._ZN7MemPool13CoalesceRightEP8MemBlock
                0x0000000000104ee0       0x8c /opt/devkitpro/libctru/lib/libctru.a(mem_pool.o)
                0x0000000000104ee0                MemPool::CoalesceRight(MemBlock*)
 .text._ZN7MemPool8AllocateER8MemChunkmi
                0x0000000000104f6c      0x174 /opt/devkitpro/libctru/lib/libctru.a(mem_pool.o)
                0x0000000000104f6c                MemPool::Allocate(MemChunk&, unsigned long, int)
 .text._ZN7MemPool10DeallocateERK8MemChunk
                0x00000000001050e0       0xfc /opt/devkitpro/libctru/lib/libctru.a(mem_pool.o)
                0x00000000001050e0                MemPool::Deallocate(MemChunk const&)
 .text.LightLock_Unlock.part.0
                0x00000000001051dc       0x38 /opt/devkitpro/libctru/lib/libctru.a(synchronization.o)
 .text.__sync_init
                0x0000000000105214        0xc /opt/devkitpro/libctru/lib/libctru.a(synchronization.o)
                0x0000000000105214                __sync_init
 .text.__sync_fini
                0x0000000000105220       0x18 /opt/devkitpro/libctru/lib/libctru.a(synchronization.o)
                0x0000000000105220                __sync_fini
 .text.__sync_get_arbiter
                0x0000000000105238       0x10 /opt/devkitpro/libctru/lib/libctru.a(synchronization.o)
                0x0000000000105238                __sync_get_arbiter
 .text.LightLock_Init
                0x0000000000105248       0x18 /opt/devkitpro/libctru/lib/libctru.a(synchronization.o)
                0x0000000000105248                LightLock_Init
 .text.LightLock_Lock
                0x0000000000105260       0x90 /opt/devkitpro/libctru/lib/libctru.a(synchronization.o)
                0x0000000000105260                LightLock_Lock
 .text.LightLock_TryLock
                0x00000000001052f0       0x34 /opt/devkitpro/libctru/lib/libctru.a(synchronization.o)
                0x00000000001052f0                LightLock_TryLock
 .text.LightLock_Unlock
                0x0000000000105324       0x20 /opt/devkitpro/libctru/lib/libctru.a(synchronization.o)
                0x0000000000105324                LightLock_Unlock
 .text.RecursiveLock_Init
                0x0000000000105344       0x24 /opt/devkitpro/libctru/lib/libctru.a(synchronization.o)
                0x0000000000105344                RecursiveLock_Init
 .text.RecursiveLock_Lock
                0x0000000000105368       0x30 /opt/devkitpro/libctru/lib/libctru.a(synchronization.o)
                0x0000000000105368                RecursiveLock_Lock
 .text.RecursiveLock_TryLock
                0x0000000000105398       0x58 /opt/devkitpro/libctru/lib/libctru.a(synchronization.o)
                0x0000000000105398                RecursiveLock_TryLock
 .text.RecursiveLock_Unlock
                0x00000000001053f0       0x38 /opt/devkitpro/libctru/lib/libctru.a(synchronization.o)
                0x00000000001053f0                RecursiveLock_Unlock
 .text.LightEvent_Init
                0x0000000000105428       0x38 /opt/devkitpro/libctru/lib/libctru.a(synchronization.o)
                0x0000000000105428                LightEvent_Init
 .text.LightEvent_Clear
                0x0000000000105460       0x7c /opt/devkitpro/libctru/lib/libctru.a(synchronization.o)
                0x0000000000105460                LightEvent_Clear
 .text.LightEvent_Signal
                0x00000000001054dc       0xdc /opt/devkitpro/libctru/lib/libctru.a(synchronization.o)
                0x00000000001054dc                LightEvent_Signal
 .text.LightEvent_Wait
                0x00000000001055b8       0xc0 /opt/devkitpro/libctru/lib/libctru.a(synchronization.o)
                0x00000000001055b8                LightEvent_Wait
 .text.getSysTime
                0x0000000000105678       0x58 /opt/devkitpro/libctru/lib/libctru.a(os.o)
 .text.__ctru_speedup_config.part.0
                0x00000000001056d0       0x28 /opt/devkitpro/libctru/lib/libctru.a(os.o)
 .text.osGetMemRegionUsed
                0x00000000001056f8       0x24 /opt/devkitpro/libctru/lib/libctru.a(os.o)
                0x00000000001056f8                osGetMemRegionUsed
 *fill*         0x000000000010571c        0x4 
 .text.__libctru_gtod
                0x0000000000105720      0x128 /opt/devkitpro/libctru/lib/libctru.a(os.o)
                0x0000000000105720                __libctru_gtod
 .text.__ctru_speedup_config
                0x0000000000105848       0x18 /opt/devkitpro/libctru/lib/libctru.a(os.o)
                0x0000000000105848                __ctru_speedup_config
 .text.srvExit  0x0000000000105860       0x58 /opt/devkitpro/libctru/lib/libctru.a(srv.o)
                0x0000000000105860                srvExit
 .text.srvRegisterClient
                0x00000000001058b8       0x38 /opt/devkitpro/libctru/lib/libctru.a(srv.o)
                0x00000000001058b8                srvRegisterClient
 .text.srvInit  0x00000000001058f0       0xcc /opt/devkitpro/libctru/lib/libctru.a(srv.o)
                0x00000000001058f0                srvInit
 .text.srvGetServiceHandleDirect
                0x00000000001059bc       0x80 /opt/devkitpro/libctru/lib/libctru.a(srv.o)
                0x00000000001059bc                srvGetServiceHandleDirect
 .text.srvGetServiceHandle
                0x0000000000105a3c       0x48 /opt/devkitpro/libctru/lib/libctru.a(srv.o)
                0x0000000000105a3c                srvGetServiceHandle
 .text.threadFree.part.0
                0x0000000000105a84       0x1c /opt/devkitpro/libctru/lib/libctru.a(thread.o)
 .text.threadCreate
                0x0000000000105aa0      0x180 /opt/devkitpro/libctru/lib/libctru.a(thread.o)
                0x0000000000105aa0                threadCreate
 .text.threadJoin
                0x0000000000105c20       0x24 /opt/devkitpro/libctru/lib/libctru.a(thread.o)
                0x0000000000105c20                threadJoin
 .text.threadExit
                0x0000000000105c44       0x68 /opt/devkitpro/libctru/lib/libctru.a(thread.o)
                0x0000000000105c44                threadExit
 .text._thread_begin
                0x0000000000105cac       0x48 /opt/devkitpro/libctru/lib/libctru.a(thread.o)
 .text.irrstScanInput
                0x0000000000105cf4       0xac /opt/devkitpro/libctru/lib/libctru.a(irrst.o)
                0x0000000000105cf4                irrstScanInput
 .text.irrstKeysHeld
                0x0000000000105da0       0x24 /opt/devkitpro/libctru/lib/libctru.a(irrst.o)
                0x0000000000105da0                irrstKeysHeld
 .text.IRRST_GetHandles
                0x0000000000105dc4       0x50 /opt/devkitpro/libctru/lib/libctru.a(irrst.o)
                0x0000000000105dc4                IRRST_GetHandles
 .text.irrstInit
                0x0000000000105e14      0x154 /opt/devkitpro/libctru/lib/libctru.a(irrst.o)
                0x0000000000105e14                irrstInit
 .text.IRRST_Shutdown
                0x0000000000105f68       0x2c /opt/devkitpro/libctru/lib/libctru.a(irrst.o)
                0x0000000000105f68                IRRST_Shutdown
 .text.irrstExit
                0x0000000000105f94       0xac /opt/devkitpro/libctru/lib/libctru.a(irrst.o)
                0x0000000000105f94                irrstExit
 .text.srvPmGetSessionHandle
                0x0000000000106040        0xc /opt/devkitpro/libctru/lib/libctru.a(srvpm.o)
                0x0000000000106040                srvPmGetSessionHandle
 .text.ptmSysmInit
                0x000000000010604c       0x74 /opt/devkitpro/libctru/lib/libctru.a(ptmsysm.o)
                0x000000000010604c                ptmSysmInit
 .text.ptmSysmExit
                0x00000000001060c0       0x3c /opt/devkitpro/libctru/lib/libctru.a(ptmsysm.o)
                0x00000000001060c0                ptmSysmExit
 .text.PTMSYSM_ConfigureNew3DSCPU
                0x00000000001060fc       0x34 /opt/devkitpro/libctru/lib/libctru.a(ptmsysm.o)
                0x00000000001060fc                PTMSYSM_ConfigureNew3DSCPU
 .text.rbtree_init
                0x0000000000106130       0x14 /opt/devkitpro/libctru/lib/libctru.a(rbtree_init.o)
                0x0000000000106130                rbtree_init
 .text.do_insert
                0x0000000000106144      0x1a4 /opt/devkitpro/libctru/lib/libctru.a(rbtree_insert.o)
 .text.rbtree_insert
                0x00000000001062e8        0x8 /opt/devkitpro/libctru/lib/libctru.a(rbtree_insert.o)
                0x00000000001062e8                rbtree_insert
 .text.rbtree_rotate
                0x00000000001062f0       0x90 /opt/devkitpro/libctru/lib/libctru.a(rbtree_rotate.o)
                0x00000000001062f0                rbtree_rotate
 .text.rbtree_remove
                0x0000000000106380      0x334 /opt/devkitpro/libctru/lib/libctru.a(rbtree_remove.o)
                0x0000000000106380                rbtree_remove
 .text.rbtree_find
                0x00000000001066b4       0x74 /opt/devkitpro/libctru/lib/libctru.a(rbtree_find.o)
                0x00000000001066b4                rbtree_find
 .text.__appInit
                0x0000000000106728       0x1c /opt/devkitpro/libctru/lib/libctru.a(appInit.o)
                0x0000000000106728                __appInit
 .text.__appExit
                0x0000000000106744       0x1c /opt/devkitpro/libctru/lib/libctru.a(appExit.o)
                0x0000000000106744                __appExit
 .text.__libctru_exit
                0x0000000000106760       0xa0 /opt/devkitpro/libctru/lib/libctru.a(ctru_exit.o)
                0x0000000000106760                __libctru_exit
 .text.envGetHandle
                0x0000000000106800       0x84 /opt/devkitpro/libctru/lib/libctru.a(env.o)
                0x0000000000106800                envGetHandle
 .text.envDestroyHandles
                0x0000000000106884       0x4c /opt/devkitpro/libctru/lib/libctru.a(env.o)
                0x0000000000106884                envDestroyHandles
 .text.sdmc_link
                0x00000000001068d0       0x14 /opt/devkitpro/libctru/lib/libctru.a(sdmc_dev.o)
 .text.sdmc_dirreset
                0x00000000001068e4       0x14 /opt/devkitpro/libctru/lib/libctru.a(sdmc_dev.o)
 .text.sdmc_chmod
                0x00000000001068f8       0x14 /opt/devkitpro/libctru/lib/libctru.a(sdmc_dev.o)
 .text.error_cmp
                0x000000000010690c       0x24 /opt/devkitpro/libctru/lib/libctru.a(sdmc_dev.o)
 .text.sdmc_translate_error
                0x0000000000106930       0x50 /opt/devkitpro/libctru/lib/libctru.a(sdmc_dev.o)
 .text.sdmc_fsync
                0x0000000000106980       0x34 /opt/devkitpro/libctru/lib/libctru.a(sdmc_dev.o)
 .text.sdmc_ftruncate
                0x00000000001069b4       0x54 /opt/devkitpro/libctru/lib/libctru.a(sdmc_dev.o)
 .text.sdmc_statvfs
                0x0000000000106a08       0xbc /opt/devkitpro/libctru/lib/libctru.a(sdmc_dev.o)
 .text.sdmc_dirclose
                0x0000000000106ac4       0x38 /opt/devkitpro/libctru/lib/libctru.a(sdmc_dev.o)
 .text.sdmc_dirnext
                0x0000000000106afc      0x13c /opt/devkitpro/libctru/lib/libctru.a(sdmc_dev.o)
 .text.sdmc_close
                0x0000000000106c38       0x34 /opt/devkitpro/libctru/lib/libctru.a(sdmc_dev.o)
 .text.sdmc_fstat
                0x0000000000106c6c       0x70 /opt/devkitpro/libctru/lib/libctru.a(sdmc_dev.o)
 .text.sdmc_seek
                0x0000000000106cdc       0xd4 /opt/devkitpro/libctru/lib/libctru.a(sdmc_dev.o)
 .text.sdmc_read
                0x0000000000106db0       0x78 /opt/devkitpro/libctru/lib/libctru.a(sdmc_dev.o)
 .text.sdmc_write
                0x0000000000106e28       0xac /opt/devkitpro/libctru/lib/libctru.a(sdmc_dev.o)
 .text.sdmc_utf16path
                0x0000000000106ed4      0x1b0 /opt/devkitpro/libctru/lib/libctru.a(sdmc_dev.o)
 .text.sdmc_rmdir
                0x0000000000107084       0x74 /opt/devkitpro/libctru/lib/libctru.a(sdmc_dev.o)
 .text.sdmc_diropen
                0x00000000001070f8       0xa4 /opt/devkitpro/libctru/lib/libctru.a(sdmc_dev.o)
 .text.sdmc_chdir
                0x000000000010719c       0xac /opt/devkitpro/libctru/lib/libctru.a(sdmc_dev.o)
 .text.sdmc_mkdir
                0x0000000000107248       0x98 /opt/devkitpro/libctru/lib/libctru.a(sdmc_dev.o)
 .text.sdmc_rename
                0x00000000001072e0      0x108 /opt/devkitpro/libctru/lib/libctru.a(sdmc_dev.o)
 .text.sdmc_unlink
                0x00000000001073e8       0x74 /opt/devkitpro/libctru/lib/libctru.a(sdmc_dev.o)
 .text.sdmc_stat
                0x000000000010745c      0x108 /opt/devkitpro/libctru/lib/libctru.a(sdmc_dev.o)
 .text.sdmc_open
                0x0000000000107564      0x198 /opt/devkitpro/libctru/lib/libctru.a(sdmc_dev.o)
 .text.sdmc_fchmod
                0x00000000001076fc       0x14 /opt/devkitpro/libctru/lib/libctru.a(sdmc_dev.o)
 .text.sdmcInit
                0x0000000000107710      0x168 /opt/devkitpro/libctru/lib/libctru.a(sdmc_dev.o)
                0x0000000000107710                sdmcInit
 .text.sdmcExit
                0x0000000000107878       0x60 /opt/devkitpro/libctru/lib/libctru.a(sdmc_dev.o)
                0x0000000000107878                sdmcExit
 .text.fsSessionForArchive.part.0
                0x00000000001078d8       0x28 /opt/devkitpro/libctru/lib/libctru.a(fs.o)
 .text.fsInit   0x0000000000107900       0xc4 /opt/devkitpro/libctru/lib/libctru.a(fs.o)
                0x0000000000107900                fsInit
 .text.fsExit   0x00000000001079c4       0x3c /opt/devkitpro/libctru/lib/libctru.a(fs.o)
                0x00000000001079c4                fsExit
 .text.fsExemptFromSession
                0x0000000000107a00       0x64 /opt/devkitpro/libctru/lib/libctru.a(fs.o)
                0x0000000000107a00                fsExemptFromSession
 .text.fsUnexemptFromSession
                0x0000000000107a64       0x5c /opt/devkitpro/libctru/lib/libctru.a(fs.o)
                0x0000000000107a64                fsUnexemptFromSession
 .text.FSUSER_OpenFile
                0x0000000000107ac0       0xbc /opt/devkitpro/libctru/lib/libctru.a(fs.o)
                0x0000000000107ac0                FSUSER_OpenFile
 .text.FSUSER_DeleteFile
                0x0000000000107b7c       0xac /opt/devkitpro/libctru/lib/libctru.a(fs.o)
                0x0000000000107b7c                FSUSER_DeleteFile
 .text.FSUSER_RenameFile
                0x0000000000107c28       0xe8 /opt/devkitpro/libctru/lib/libctru.a(fs.o)
                0x0000000000107c28                FSUSER_RenameFile
 .text.FSUSER_DeleteDirectory
                0x0000000000107d10       0xac /opt/devkitpro/libctru/lib/libctru.a(fs.o)
                0x0000000000107d10                FSUSER_DeleteDirectory
 .text.FSUSER_CreateFile
                0x0000000000107dbc       0xc4 /opt/devkitpro/libctru/lib/libctru.a(fs.o)
                0x0000000000107dbc                FSUSER_CreateFile
 .text.FSUSER_CreateDirectory
                0x0000000000107e80       0xb4 /opt/devkitpro/libctru/lib/libctru.a(fs.o)
                0x0000000000107e80                FSUSER_CreateDirectory
 .text.FSUSER_RenameDirectory
                0x0000000000107f34       0xe8 /opt/devkitpro/libctru/lib/libctru.a(fs.o)
                0x0000000000107f34                FSUSER_RenameDirectory
 .text.FSUSER_OpenDirectory
                0x000000000010801c       0xa0 /opt/devkitpro/libctru/lib/libctru.a(fs.o)
                0x000000000010801c                FSUSER_OpenDirectory
 .text.FSUSER_OpenArchive
                0x00000000001080bc       0x98 /opt/devkitpro/libctru/lib/libctru.a(fs.o)
                0x00000000001080bc                FSUSER_OpenArchive
 .text.FSUSER_CloseArchive
                0x0000000000108154       0x78 /opt/devkitpro/libctru/lib/libctru.a(fs.o)
                0x0000000000108154                FSUSER_CloseArchive
 .text.FSUSER_GetSdmcArchiveResource
                0x00000000001081cc       0x78 /opt/devkitpro/libctru/lib/libctru.a(fs.o)
                0x00000000001081cc                FSUSER_GetSdmcArchiveResource
 .text.FSUSER_IsSdmcWritable
                0x0000000000108244       0x64 /opt/devkitpro/libctru/lib/libctru.a(fs.o)
                0x0000000000108244                FSUSER_IsSdmcWritable
 .text.FSFILE_Read
                0x00000000001082a8       0x5c /opt/devkitpro/libctru/lib/libctru.a(fs.o)
                0x00000000001082a8                FSFILE_Read
 .text.FSFILE_Write
                0x0000000000108304       0x64 /opt/devkitpro/libctru/lib/libctru.a(fs.o)
                0x0000000000108304                FSFILE_Write
 .text.FSFILE_GetSize
                0x0000000000108368       0x38 /opt/devkitpro/libctru/lib/libctru.a(fs.o)
                0x0000000000108368                FSFILE_GetSize
 .text.FSFILE_SetSize
                0x00000000001083a0       0x28 /opt/devkitpro/libctru/lib/libctru.a(fs.o)
                0x00000000001083a0                FSFILE_SetSize
 .text.FSFILE_Close
                0x00000000001083c8       0x3c /opt/devkitpro/libctru/lib/libctru.a(fs.o)
                0x00000000001083c8                FSFILE_Close
 .text.FSFILE_Flush
                0x0000000000108404       0x24 /opt/devkitpro/libctru/lib/libctru.a(fs.o)
                0x0000000000108404                FSFILE_Flush
 .text.FSDIR_Read
                0x0000000000108428       0x54 /opt/devkitpro/libctru/lib/libctru.a(fs.o)
                0x0000000000108428                FSDIR_Read
 .text.FSDIR_Close
                0x000000000010847c       0x3c /opt/devkitpro/libctru/lib/libctru.a(fs.o)
                0x000000000010847c                FSDIR_Close
 .text.rbtree_node_next
                0x00000000001084b8       0x50 /opt/devkitpro/libctru/lib/libctru.a(rbtree_iterator.o)
                0x00000000001084b8                rbtree_node_next
 .text.utf16_to_utf8
                0x0000000000108508       0xe8 /opt/devkitpro/libctru/lib/libctru.a(utf16_to_utf8.o)
                0x0000000000108508                utf16_to_utf8
 .text.decode_utf16
                0x00000000001085f0       0x60 /opt/devkitpro/libctru/lib/libctru.a(decode_utf16.o)
                0x00000000001085f0                decode_utf16
 .text.decode_utf8
                0x0000000000108650      0x138 /opt/devkitpro/libctru/lib/libctru.a(decode_utf8.o)
                0x0000000000108650                decode_utf8
 .text.utf8_to_utf16
                0x0000000000108788       0xc0 /opt/devkitpro/libctru/lib/libctru.a(utf8_to_utf16.o)
                0x0000000000108788                utf8_to_utf16
 .text.__aeabi_read_tp
                0x0000000000108848        0xc /opt/devkitpro/libctru/lib/libctru.a(readtp.o)
                0x0000000000108848                __aeabi_read_tp
 .text.encode_utf16
                0x0000000000108854       0x68 /opt/devkitpro/libctru/lib/libctru.a(encode_utf16.o)
                0x0000000000108854                encode_utf16
 .text.encode_utf8
                0x00000000001088bc      0x104 /opt/devkitpro/libctru/lib/libctru.a(encode_utf8.o)
                0x00000000001088bc                encode_utf8
 .text.__fixdfdi
                0x00000000001089c0       0x38 /opt/devkitpro/devkitARM/bin/../lib/gcc/arm-none-eabi/9.1.0/armv6k/fpu/libgcc.a(_fixdfdi.o)
                0x00000000001089c0                __aeabi_d2lz
                0x00000000001089c0                __fixdfdi
 .text.__fixunsdfdi
                0x00000000001089f8       0x40 /opt/devkitpro/devkitARM/bin/../lib/gcc/arm-none-eabi/9.1.0/armv6k/fpu/libgcc.a(_fixunsdfdi.o)
                0x00000000001089f8                __aeabi_d2ulz
                0x00000000001089f8                __fixunsdfdi
 .text.__udivmoddi4
                0x0000000000108a38      0x130 /opt/devkitpro/devkitARM/bin/../lib/gcc/arm-none-eabi/9.1.0/armv6k/fpu/libgcc.a(_udivmoddi4.o)
                0x0000000000108a38                __udivmoddi4
 .text.bsearch  0x0000000000108b68       0x7c /opt/devkitpro/devkitARM/bin/../lib/gcc/arm-none-eabi/9.1.0/../../../../arm-none-eabi/lib/armv6k/fpu/libg.a(lib_a-bsearch.o)
                0x0000000000108b68                bsearch
 .text.exit     0x0000000000108be4       0x34 /opt/devkitpro/devkitARM/bin/../lib/gcc/arm-none-eabi/9.1.0/../../../../arm-none-eabi/lib/armv6k/fpu/libg.a(lib_a-exit.o)
                0x0000000000108be4                exit
 .text.__libc_fini_array
                0x0000000000108c18       0x3c /opt/devkitpro/devkitARM/bin/../lib/gcc/arm-none-eabi/9.1.0/../../../../arm-none-eabi/lib/armv6k/fpu/libg.a(lib_a-fini.o)
                0x0000000000108c18                __libc_fini_array
 .text.__libc_init_array
                0x0000000000108c54       0x7c /opt/devkitpro/devkitARM/bin/../lib/gcc/arm-none-eabi/9.1.0/../../../../arm-none-eabi/lib/armv6k/fpu/libg.a(lib_a-init.o)
                0x0000000000108c54                __libc_init_array
 .text.memalign
                0x0000000000108cd0       0x28 /opt/devkitpro/devkitARM/bin/../lib/gcc/arm-none-eabi/9.1.0/../../../../arm-none-eabi/lib/armv6k/fpu/libg.a(lib_a-malign.o)
                0x0000000000108cd0                memalign
 .text._memalign_r
                0x0000000000108cf8      0x14c /opt/devkitpro/devkitARM/bin/../lib/gcc/arm-none-eabi/9.1.0/../../../../arm-none-eabi/lib/armv6k/fpu/libg.a(lib_a-malignr.o)
                0x0000000000108cf8                _memalign_r
 .text.malloc   0x0000000000108e44       0x20 /opt/devkitpro/devkitARM/bin/../lib/gcc/arm-none-eabi/9.1.0/../../../../arm-none-eabi/lib/armv6k/fpu/libg.a(lib_a-malloc.o)
                0x0000000000108e44                malloc
 .text.free     0x0000000000108e64       0x20 /opt/devkitpro/devkitARM/bin/../lib/gcc/arm-none-eabi/9.1.0/../../../../arm-none-eabi/lib/armv6k/fpu/libg.a(lib_a-malloc.o)
                0x0000000000108e64                free
 .text._malloc_r
                0x0000000000108e84      0x7d0 /opt/devkitpro/devkitARM/bin/../lib/gcc/arm-none-eabi/9.1.0/../../../../arm-none-eabi/lib/armv6k/fpu/libg.a(lib_a-mallocr.o)
                0x0000000000108e84                _malloc_r
 .text.memchr   0x0000000000109654       0xe0 /opt/devkitpro/devkitARM/bin/../lib/gcc/arm-none-eabi/9.1.0/../../../../arm-none-eabi/lib/armv6k/fpu/libg.a(lib_a-memchr-stub.o)
                0x0000000000109654                memchr
 .text.memcpy   0x0000000000109734      0x120 /opt/devkitpro/devkitARM/bin/../lib/gcc/arm-none-eabi/9.1.0/../../../../arm-none-eabi/lib/armv6k/fpu/libg.a(lib_a-memcpy-stub.o)
                0x0000000000109734                memcpy
 .text.memset   0x0000000000109854      0x118 /opt/devkitpro/devkitARM/bin/../lib/gcc/arm-none-eabi/9.1.0/../../../../arm-none-eabi/lib/armv6k/fpu/libg.a(lib_a-memset.o)
                0x0000000000109854                memset
 .text.__malloc_lock
                0x000000000010996c        0xc /opt/devkitpro/devkitARM/bin/../lib/gcc/arm-none-eabi/9.1.0/../../../../arm-none-eabi/lib/armv6k/fpu/libg.a(lib_a-mlock.o)
                0x000000000010996c                __malloc_lock
 .text.__malloc_unlock
                0x0000000000109978        0xc /opt/devkitpro/devkitARM/bin/../lib/gcc/arm-none-eabi/9.1.0/../../../../arm-none-eabi/lib/armv6k/fpu/libg.a(lib_a-mlock.o)
                0x0000000000109978                __malloc_unlock
 .text.printf   0x0000000000109984       0x34 /opt/devkitpro/devkitARM/bin/../lib/gcc/arm-none-eabi/9.1.0/../../../../arm-none-eabi/lib/armv6k/fpu/libg.a(lib_a-printf.o)
                0x0000000000109984                printf
 .text.putchar  0x00000000001099b8       0x24 /opt/devkitpro/devkitARM/bin/../lib/gcc/arm-none-eabi/9.1.0/../../../../arm-none-eabi/lib/armv6k/fpu/libg.a(lib_a-putchar.o)
                0x00000000001099b8                putchar
 .text._putc_r  0x00000000001099dc       0xdc /opt/devkitpro/devkitARM/bin/../lib/gcc/arm-none-eabi/9.1.0/../../../../arm-none-eabi/lib/armv6k/fpu/libg.a(lib_a-putc.o)
                0x00000000001099dc                _putc_r
 .text._puts_r  0x0000000000109ab8       0xe0 /opt/devkitpro/devkitARM/bin/../lib/gcc/arm-none-eabi/9.1.0/../../../../arm-none-eabi/lib/armv6k/fpu/libg.a(lib_a-puts.o)
                0x0000000000109ab8                _puts_r
 .text.puts     0x0000000000109b98       0x20 /opt/devkitpro/devkitARM/bin/../lib/gcc/arm-none-eabi/9.1.0/../../../../arm-none-eabi/lib/armv6k/fpu/libg.a(lib_a-puts.o)
                0x0000000000109b98                puts
 .text.setvbuf  0x0000000000109bb8      0x260 /opt/devkitpro/devkitARM/bin/../lib/gcc/arm-none-eabi/9.1.0/../../../../arm-none-eabi/lib/armv6k/fpu/libg.a(lib_a-setvbuf.o)
                0x0000000000109bb8                setvbuf
 .text.sscanf   0x0000000000109e18       0x74 /opt/devkitpro/devkitARM/bin/../lib/gcc/arm-none-eabi/9.1.0/../../../../arm-none-eabi/lib/armv6k/fpu/libg.a(lib_a-sscanf.o)
                0x0000000000109e18                sscanf
 .text.__sread  0x0000000000109e8c       0x3c /opt/devkitpro/devkitARM/bin/../lib/gcc/arm-none-eabi/9.1.0/../../../../arm-none-eabi/lib/armv6k/fpu/libg.a(lib_a-stdio.o)
                0x0000000000109e8c                __sread
 .text.__seofread
                0x0000000000109ec8        0x8 /opt/devkitpro/devkitARM/bin/../lib/gcc/arm-none-eabi/9.1.0/../../../../arm-none-eabi/lib/armv6k/fpu/libg.a(lib_a-stdio.o)
                0x0000000000109ec8                __seofread
 .text.__swrite
                0x0000000000109ed0       0x68 /opt/devkitpro/devkitARM/bin/../lib/gcc/arm-none-eabi/9.1.0/../../../../arm-none-eabi/lib/armv6k/fpu/libg.a(lib_a-stdio.o)
                0x0000000000109ed0                __swrite
 .text.__sseek  0x0000000000109f38       0x58 /opt/devkitpro/devkitARM/bin/../lib/gcc/arm-none-eabi/9.1.0/../../../../arm-none-eabi/lib/armv6k/fpu/libg.a(lib_a-stdio.o)
                0x0000000000109f38                __sseek
 .text.__sclose
                0x0000000000109f90        0x8 /opt/devkitpro/devkitARM/bin/../lib/gcc/arm-none-eabi/9.1.0/../../../../arm-none-eabi/lib/armv6k/fpu/libg.a(lib_a-stdio.o)
                0x0000000000109f90                __sclose
 .text.strlen   0x0000000000109f98       0x5c /opt/devkitpro/devkitARM/bin/../lib/gcc/arm-none-eabi/9.1.0/../../../../arm-none-eabi/lib/armv6k/fpu/libg.a(lib_a-strlen-stub.o)
                0x0000000000109f98                strlen
 .text.strncat  0x0000000000109ff4       0x98 /opt/devkitpro/devkitARM/bin/../lib/gcc/arm-none-eabi/9.1.0/../../../../arm-none-eabi/lib/armv6k/fpu/libg.a(lib_a-strncat.o)
                0x0000000000109ff4                strncat
 .text.strncpy  0x000000000010a08c       0xc0 /opt/devkitpro/devkitARM/bin/../lib/gcc/arm-none-eabi/9.1.0/../../../../arm-none-eabi/lib/armv6k/fpu/libg.a(lib_a-strncpy.o)
                0x000000000010a08c                strncpy
 .text.strnlen  0x000000000010a14c       0x48 /opt/devkitpro/devkitARM/bin/../lib/gcc/arm-none-eabi/9.1.0/../../../../arm-none-eabi/lib/armv6k/fpu/libg.a(lib_a-strnlen.o)
                0x000000000010a14c                strnlen
 .text.get_arg  0x000000000010a194       0x48 /opt/devkitpro/devkitARM/bin/../lib/gcc/arm-none-eabi/9.1.0/../../../../arm-none-eabi/lib/armv6k/fpu/libg.a(lib_a-svfscanf.o)
 .text.__ssvfscanf_r
                0x000000000010a1dc     0x2b84 /opt/devkitpro/devkitARM/bin/../lib/gcc/arm-none-eabi/9.1.0/../../../../arm-none-eabi/lib/armv6k/fpu/libg.a(lib_a-svfscanf.o)
                0x000000000010a1dc                __ssvfscanf_r
 .text.__sprint_r
                0x000000000010cd60       0x34 /opt/devkitpro/devkitARM/bin/../lib/gcc/arm-none-eabi/9.1.0/../../../../arm-none-eabi/lib/armv6k/fpu/libg.a(lib_a-vfiprintf.o)
                0x000000000010cd60                __sprint_r
 .text.get_arg  0x000000000010cd94      0x650 /opt/devkitpro/devkitARM/bin/../lib/gcc/arm-none-eabi/9.1.0/../../../../arm-none-eabi/lib/armv6k/fpu/libg.a(lib_a-vfprintf.o)
 *fill*         0x000000000010d3e4        0x4 
 .text._vfprintf_r
                0x000000000010d3e8     0x38e0 /opt/devkitpro/devkitARM/bin/../lib/gcc/arm-none-eabi/9.1.0/../../../../arm-none-eabi/lib/armv6k/fpu/libg.a(lib_a-vfprintf.o)
                0x000000000010d3e8                _vfprintf_r
 .text.__sbprintf
                0x0000000000110cc8       0xd4 /opt/devkitpro/devkitARM/bin/../lib/gcc/arm-none-eabi/9.1.0/../../../../arm-none-eabi/lib/armv6k/fpu/libg.a(lib_a-vfprintf.o)
 .text.__swbuf_r
                0x0000000000110d9c      0x108 /opt/devkitpro/devkitARM/bin/../lib/gcc/arm-none-eabi/9.1.0/../../../../arm-none-eabi/lib/armv6k/fpu/libg.a(lib_a-wbuf.o)
                0x0000000000110d9c                __swbuf_r
 .text._wcrtomb_r
                0x0000000000110ea4       0x54 /opt/devkitpro/devkitARM/bin/../lib/gcc/arm-none-eabi/9.1.0/../../../../arm-none-eabi/lib/armv6k/fpu/libg.a(lib_a-wcrtomb.o)
                0x0000000000110ea4                _wcrtomb_r
 .text._wcsrtombs_r
                0x0000000000110ef8       0x20 /opt/devkitpro/devkitARM/bin/../lib/gcc/arm-none-eabi/9.1.0/../../../../arm-none-eabi/lib/armv6k/fpu/libg.a(lib_a-wcsrtombs.o)
                0x0000000000110ef8                _wcsrtombs_r
 .text.__swsetup_r
                0x0000000000110f18      0x150 /opt/devkitpro/devkitARM/bin/../lib/gcc/arm-none-eabi/9.1.0/../../../../arm-none-eabi/lib/armv6k/fpu/libg.a(lib_a-wsetup.o)
                0x0000000000110f18                __swsetup_r
 .text.__call_exitprocs
                0x0000000000111068      0x118 /opt/devkitpro/devkitARM/bin/../lib/gcc/arm-none-eabi/9.1.0/../../../../arm-none-eabi/lib/armv6k/fpu/libg.a(lib_a-__call_atexit.o)
                0x0000000000111068                __call_exitprocs
 .text.quorem   0x0000000000111180      0x1a8 /opt/devkitpro/devkitARM/bin/../lib/gcc/arm-none-eabi/9.1.0/../../../../arm-none-eabi/lib/armv6k/fpu/libg.a(lib_a-dtoa.o)
 .text._dtoa_r  0x0000000000111328     0x12ac /opt/devkitpro/devkitARM/bin/../lib/gcc/arm-none-eabi/9.1.0/../../../../arm-none-eabi/lib/armv6k/fpu/libg.a(lib_a-dtoa.o)
                0x0000000000111328                _dtoa_r
 .text.__sflush_r
                0x00000000001125d4      0x278 /opt/devkitpro/devkitARM/bin/../lib/gcc/arm-none-eabi/9.1.0/../../../../arm-none-eabi/lib/armv6k/fpu/libg.a(lib_a-fflush.o)
                0x00000000001125d4                __sflush_r
 .text._fflush_r
                0x000000000011284c       0x94 /opt/devkitpro/devkitARM/bin/../lib/gcc/arm-none-eabi/9.1.0/../../../../arm-none-eabi/lib/armv6k/fpu/libg.a(lib_a-fflush.o)
                0x000000000011284c                _fflush_r
 .text.std      0x00000000001128e0       0x78 /opt/devkitpro/devkitARM/bin/../lib/gcc/arm-none-eabi/9.1.0/../../../../arm-none-eabi/lib/armv6k/fpu/libg.a(lib_a-findfp.o)
 .text._cleanup_r
                0x0000000000112958        0xc /opt/devkitpro/devkitARM/bin/../lib/gcc/arm-none-eabi/9.1.0/../../../../arm-none-eabi/lib/armv6k/fpu/libg.a(lib_a-findfp.o)
                0x0000000000112958                _cleanup_r
 .text.__sinit  0x0000000000112964       0x8c /opt/devkitpro/devkitARM/bin/../lib/gcc/arm-none-eabi/9.1.0/../../../../arm-none-eabi/lib/armv6k/fpu/libg.a(lib_a-findfp.o)
                0x0000000000112964                __sinit
 .text.__sfp_lock_acquire
                0x00000000001129f0        0xc /opt/devkitpro/devkitARM/bin/../lib/gcc/arm-none-eabi/9.1.0/../../../../arm-none-eabi/lib/armv6k/fpu/libg.a(lib_a-findfp.o)
                0x00000000001129f0                __sfp_lock_acquire
 .text.__sfp_lock_release
                0x00000000001129fc        0xc /opt/devkitpro/devkitARM/bin/../lib/gcc/arm-none-eabi/9.1.0/../../../../arm-none-eabi/lib/armv6k/fpu/libg.a(lib_a-findfp.o)
                0x00000000001129fc                __sfp_lock_release
 .text._malloc_trim_r
                0x0000000000112a08       0xf8 /opt/devkitpro/devkitARM/bin/../lib/gcc/arm-none-eabi/9.1.0/../../../../arm-none-eabi/lib/armv6k/fpu/libg.a(lib_a-freer.o)
                0x0000000000112a08                _malloc_trim_r
 .text._free_r  0x0000000000112b00      0x2e8 /opt/devkitpro/devkitARM/bin/../lib/gcc/arm-none-eabi/9.1.0/../../../../arm-none-eabi/lib/armv6k/fpu/libg.a(lib_a-freer.o)
                0x0000000000112b00                _free_r
 .text.__sfvwrite_r
                0x0000000000112de8      0x4a4 /opt/devkitpro/devkitARM/bin/../lib/gcc/arm-none-eabi/9.1.0/../../../../arm-none-eabi/lib/armv6k/fpu/libg.a(lib_a-fvwrite.o)
                0x0000000000112de8                __sfvwrite_r
 .text._fwalk_reent
                0x000000000011328c       0x70 /opt/devkitpro/devkitARM/bin/../lib/gcc/arm-none-eabi/9.1.0/../../../../arm-none-eabi/lib/armv6k/fpu/libg.a(lib_a-fwalk.o)
                0x000000000011328c                _fwalk_reent
 .text.iswspace
                0x00000000001132fc        0x8 /opt/devkitpro/devkitARM/bin/../lib/gcc/arm-none-eabi/9.1.0/../../../../arm-none-eabi/lib/armv6k/fpu/libg.a(lib_a-iswspace.o)
                0x00000000001132fc                iswspace
 .text._localeconv_r
                0x0000000000113304        0xc /opt/devkitpro/devkitARM/bin/../lib/gcc/arm-none-eabi/9.1.0/../../../../arm-none-eabi/lib/armv6k/fpu/libg.a(lib_a-localeconv.o)
                0x0000000000113304                _localeconv_r
 .text.__locale_mb_cur_max
                0x0000000000113310       0x10 /opt/devkitpro/devkitARM/bin/../lib/gcc/arm-none-eabi/9.1.0/../../../../arm-none-eabi/lib/armv6k/fpu/libg.a(lib_a-locale.o)
                0x0000000000113310                __locale_mb_cur_max
 .text.__swhatbuf_r
                0x0000000000113320       0x94 /opt/devkitpro/devkitARM/bin/../lib/gcc/arm-none-eabi/9.1.0/../../../../arm-none-eabi/lib/armv6k/fpu/libg.a(lib_a-makebuf.o)
                0x0000000000113320                __swhatbuf_r
 .text.__smakebuf_r
                0x00000000001133b4       0xf8 /opt/devkitpro/devkitARM/bin/../lib/gcc/arm-none-eabi/9.1.0/../../../../arm-none-eabi/lib/armv6k/fpu/libg.a(lib_a-makebuf.o)
                0x00000000001133b4                __smakebuf_r
 .text._mbrtowc_r
                0x00000000001134ac       0x60 /opt/devkitpro/devkitARM/bin/../lib/gcc/arm-none-eabi/9.1.0/../../../../arm-none-eabi/lib/armv6k/fpu/libg.a(lib_a-mbrtowc.o)
                0x00000000001134ac                _mbrtowc_r
 .text.__utf8_mbtowc
                0x000000000011350c      0x2fc /opt/devkitpro/devkitARM/bin/../lib/gcc/arm-none-eabi/9.1.0/../../../../arm-none-eabi/lib/armv6k/fpu/libg.a(lib_a-mbtowc_r.o)
                0x000000000011350c                __utf8_mbtowc
 .text.memmove  0x0000000000113808      0x154 /opt/devkitpro/devkitARM/bin/../lib/gcc/arm-none-eabi/9.1.0/../../../../arm-none-eabi/lib/armv6k/fpu/libg.a(lib_a-memmove.o)
                0x0000000000113808                memmove
 .text._Balloc  0x000000000011395c       0x88 /opt/devkitpro/devkitARM/bin/../lib/gcc/arm-none-eabi/9.1.0/../../../../arm-none-eabi/lib/armv6k/fpu/libg.a(lib_a-mprec.o)
                0x000000000011395c                _Balloc
 .text._Bfree   0x00000000001139e4       0x1c /opt/devkitpro/devkitARM/bin/../lib/gcc/arm-none-eabi/9.1.0/../../../../arm-none-eabi/lib/armv6k/fpu/libg.a(lib_a-mprec.o)
                0x00000000001139e4                _Bfree
 .text.__multadd
                0x0000000000113a00       0xd0 /opt/devkitpro/devkitARM/bin/../lib/gcc/arm-none-eabi/9.1.0/../../../../arm-none-eabi/lib/armv6k/fpu/libg.a(lib_a-mprec.o)
                0x0000000000113a00                __multadd
 .text.__s2b    0x0000000000113ad0       0xec /opt/devkitpro/devkitARM/bin/../lib/gcc/arm-none-eabi/9.1.0/../../../../arm-none-eabi/lib/armv6k/fpu/libg.a(lib_a-mprec.o)
                0x0000000000113ad0                __s2b
 .text.__hi0bits
                0x0000000000113bbc       0x58 /opt/devkitpro/devkitARM/bin/../lib/gcc/arm-none-eabi/9.1.0/../../../../arm-none-eabi/lib/armv6k/fpu/libg.a(lib_a-mprec.o)
                0x0000000000113bbc                __hi0bits
 .text.__lo0bits
                0x0000000000113c14       0x9c /opt/devkitpro/devkitARM/bin/../lib/gcc/arm-none-eabi/9.1.0/../../../../arm-none-eabi/lib/armv6k/fpu/libg.a(lib_a-mprec.o)
                0x0000000000113c14                __lo0bits
 .text.__i2b    0x0000000000113cb0       0x20 /opt/devkitpro/devkitARM/bin/../lib/gcc/arm-none-eabi/9.1.0/../../../../arm-none-eabi/lib/armv6k/fpu/libg.a(lib_a-mprec.o)
                0x0000000000113cb0                __i2b
 .text.__multiply
                0x0000000000113cd0      0x1e0 /opt/devkitpro/devkitARM/bin/../lib/gcc/arm-none-eabi/9.1.0/../../../../arm-none-eabi/lib/armv6k/fpu/libg.a(lib_a-mprec.o)
                0x0000000000113cd0                __multiply
 .text.__pow5mult
                0x0000000000113eb0      0x100 /opt/devkitpro/devkitARM/bin/../lib/gcc/arm-none-eabi/9.1.0/../../../../arm-none-eabi/lib/armv6k/fpu/libg.a(lib_a-mprec.o)
                0x0000000000113eb0                __pow5mult
 .text.__lshift
                0x0000000000113fb0      0x114 /opt/devkitpro/devkitARM/bin/../lib/gcc/arm-none-eabi/9.1.0/../../../../arm-none-eabi/lib/armv6k/fpu/libg.a(lib_a-mprec.o)
                0x0000000000113fb0                __lshift
 .text.__mcmp   0x00000000001140c4       0x58 /opt/devkitpro/devkitARM/bin/../lib/gcc/arm-none-eabi/9.1.0/../../../../arm-none-eabi/lib/armv6k/fpu/libg.a(lib_a-mprec.o)
                0x00000000001140c4                __mcmp
 .text.__mdiff  0x000000000011411c      0x190 /opt/devkitpro/devkitARM/bin/../lib/gcc/arm-none-eabi/9.1.0/../../../../arm-none-eabi/lib/armv6k/fpu/libg.a(lib_a-mprec.o)
                0x000000000011411c                __mdiff
 .text.__ulp    0x00000000001142ac       0x88 /opt/devkitpro/devkitARM/bin/../lib/gcc/arm-none-eabi/9.1.0/../../../../arm-none-eabi/lib/armv6k/fpu/libg.a(lib_a-mprec.o)
                0x00000000001142ac                __ulp
 .text.__b2d    0x0000000000114334       0xd4 /opt/devkitpro/devkitARM/bin/../lib/gcc/arm-none-eabi/9.1.0/../../../../arm-none-eabi/lib/armv6k/fpu/libg.a(lib_a-mprec.o)
                0x0000000000114334                __b2d
 .text.__d2b    0x0000000000114408      0x104 /opt/devkitpro/devkitARM/bin/../lib/gcc/arm-none-eabi/9.1.0/../../../../arm-none-eabi/lib/armv6k/fpu/libg.a(lib_a-mprec.o)
                0x0000000000114408                __d2b
 .text.__ratio  0x000000000011450c       0x84 /opt/devkitpro/devkitARM/bin/../lib/gcc/arm-none-eabi/9.1.0/../../../../arm-none-eabi/lib/armv6k/fpu/libg.a(lib_a-mprec.o)
                0x000000000011450c                __ratio
 .text.__copybits
                0x0000000000114590       0x6c /opt/devkitpro/devkitARM/bin/../lib/gcc/arm-none-eabi/9.1.0/../../../../arm-none-eabi/lib/armv6k/fpu/libg.a(lib_a-mprec.o)
                0x0000000000114590                __copybits
 .text.__any_on
                0x00000000001145fc       0x5c /opt/devkitpro/devkitARM/bin/../lib/gcc/arm-none-eabi/9.1.0/../../../../arm-none-eabi/lib/armv6k/fpu/libg.a(lib_a-mprec.o)
                0x00000000001145fc                __any_on
 .text.realloc  0x0000000000114658       0x28 /opt/devkitpro/devkitARM/bin/../lib/gcc/arm-none-eabi/9.1.0/../../../../arm-none-eabi/lib/armv6k/fpu/libg.a(lib_a-realloc.o)
                0x0000000000114658                realloc
 .text._realloc_r
                0x0000000000114680      0x4bc /opt/devkitpro/devkitARM/bin/../lib/gcc/arm-none-eabi/9.1.0/../../../../arm-none-eabi/lib/armv6k/fpu/libg.a(lib_a-reallocr.o)
                0x0000000000114680                _realloc_r
 .text.__sccl   0x0000000000114b3c       0xe8 /opt/devkitpro/devkitARM/bin/../lib/gcc/arm-none-eabi/9.1.0/../../../../arm-none-eabi/lib/armv6k/fpu/libg.a(lib_a-sccl.o)
                0x0000000000114b3c                __sccl
 .text.nanf     0x0000000000114c24        0xc /opt/devkitpro/devkitARM/bin/../lib/gcc/arm-none-eabi/9.1.0/../../../../arm-none-eabi/lib/armv6k/fpu/libg.a(lib_a-sf_nan.o)
                0x0000000000114c24                nanf
 .text.frexp    0x0000000000114c30       0xa8 /opt/devkitpro/devkitARM/bin/../lib/gcc/arm-none-eabi/9.1.0/../../../../arm-none-eabi/lib/armv6k/fpu/libg.a(lib_a-s_frexp.o)
                0x0000000000114c30                frexp
 .text.sprintf  0x0000000000114cd8       0x64 /opt/devkitpro/devkitARM/bin/../lib/gcc/arm-none-eabi/9.1.0/../../../../arm-none-eabi/lib/armv6k/fpu/libg.a(lib_a-sprintf.o)
                0x0000000000114cd8                sprintf
 .text.stpncpy  0x0000000000114d3c       0xb8 /opt/devkitpro/devkitARM/bin/../lib/gcc/arm-none-eabi/9.1.0/../../../../arm-none-eabi/lib/armv6k/fpu/libg.a(lib_a-stpncpy.o)
                0x0000000000114d3c                stpncpy
 .text.strchr   0x0000000000114df4      0x144 /opt/devkitpro/devkitARM/bin/../lib/gcc/arm-none-eabi/9.1.0/../../../../arm-none-eabi/lib/armv6k/fpu/libg.a(lib_a-strchr.o)
                0x0000000000114df4                strchr
 .text.strncmp  0x0000000000114f38       0xec /opt/devkitpro/devkitARM/bin/../lib/gcc/arm-none-eabi/9.1.0/../../../../arm-none-eabi/lib/armv6k/fpu/libg.a(lib_a-strncmp.o)
                0x0000000000114f38                strncmp
 .text.sulp     0x0000000000115024       0x54 /opt/devkitpro/devkitARM/bin/../lib/gcc/arm-none-eabi/9.1.0/../../../../arm-none-eabi/lib/armv6k/fpu/libg.a(lib_a-strtod.o)
 .text._strtod_l
                0x0000000000115078     0x1414 /opt/devkitpro/devkitARM/bin/../lib/gcc/arm-none-eabi/9.1.0/../../../../arm-none-eabi/lib/armv6k/fpu/libg.a(lib_a-strtod.o)
                0x0000000000115078                _strtod_l
 .text._strtod_r
                0x000000000011648c        0xc /opt/devkitpro/devkitARM/bin/../lib/gcc/arm-none-eabi/9.1.0/../../../../arm-none-eabi/lib/armv6k/fpu/libg.a(lib_a-strtod.o)
                0x000000000011648c                _strtod_r
 .text._strtoll_l.isra.0
                0x0000000000116498      0x23c /opt/devkitpro/devkitARM/bin/../lib/gcc/arm-none-eabi/9.1.0/../../../../arm-none-eabi/lib/armv6k/fpu/libg.a(lib_a-strtoll.o)
 .text._strtoll_r
                0x00000000001166d4        0x4 /opt/devkitpro/devkitARM/bin/../lib/gcc/arm-none-eabi/9.1.0/../../../../arm-none-eabi/lib/armv6k/fpu/libg.a(lib_a-strtoll.o)
                0x00000000001166d4                _strtoll_r
 .text._strtol_l.isra.0
                0x00000000001166d8      0x1b4 /opt/devkitpro/devkitARM/bin/../lib/gcc/arm-none-eabi/9.1.0/../../../../arm-none-eabi/lib/armv6k/fpu/libg.a(lib_a-strtol.o)
 .text._strtol_r
                0x000000000011688c        0x4 /opt/devkitpro/devkitARM/bin/../lib/gcc/arm-none-eabi/9.1.0/../../../../arm-none-eabi/lib/armv6k/fpu/libg.a(lib_a-strtol.o)
                0x000000000011688c                _strtol_r
 .text._strtoull_l.isra.0
                0x0000000000116890      0x24c /opt/devkitpro/devkitARM/bin/../lib/gcc/arm-none-eabi/9.1.0/../../../../arm-none-eabi/lib/armv6k/fpu/libg.a(lib_a-strtoull.o)
 .text._strtoull_r
                0x0000000000116adc        0x4 /opt/devkitpro/devkitARM/bin/../lib/gcc/arm-none-eabi/9.1.0/../../../../arm-none-eabi/lib/armv6k/fpu/libg.a(lib_a-strtoull.o)
                0x0000000000116adc                _strtoull_r
 .text._strtoul_l.isra.0
                0x0000000000116ae0      0x1c8 /opt/devkitpro/devkitARM/bin/../lib/gcc/arm-none-eabi/9.1.0/../../../../arm-none-eabi/lib/armv6k/fpu/libg.a(lib_a-strtoul.o)
 .text._strtoul_r
                0x0000000000116ca8        0x4 /opt/devkitpro/devkitARM/bin/../lib/gcc/arm-none-eabi/9.1.0/../../../../arm-none-eabi/lib/armv6k/fpu/libg.a(lib_a-strtoul.o)
                0x0000000000116ca8                _strtoul_r
 .text.__ssprint_r
                0x0000000000116cac      0x188 /opt/devkitpro/devkitARM/bin/../lib/gcc/arm-none-eabi/9.1.0/../../../../arm-none-eabi/lib/armv6k/fpu/libg.a(lib_a-svfiprintf.o)
                0x0000000000116cac                __ssprint_r
 .text._sungetc_r
                0x0000000000116e34       0xe0 /opt/devkitpro/devkitARM/bin/../lib/gcc/arm-none-eabi/9.1.0/../../../../arm-none-eabi/lib/armv6k/fpu/libg.a(lib_a-svfiscanf.o)
                0x0000000000116e34                _sungetc_r
 .text.__ssrefill_r
                0x0000000000116f14       0x6c /opt/devkitpro/devkitARM/bin/../lib/gcc/arm-none-eabi/9.1.0/../../../../arm-none-eabi/lib/armv6k/fpu/libg.a(lib_a-svfiscanf.o)
                0x0000000000116f14                __ssrefill_r
 .text._sfread_r
                0x0000000000116f80       0xc8 /opt/devkitpro/devkitARM/bin/../lib/gcc/arm-none-eabi/9.1.0/../../../../arm-none-eabi/lib/armv6k/fpu/libg.a(lib_a-svfiscanf.o)
                0x0000000000116f80                _sfread_r
 .text.get_arg  0x0000000000117048      0x650 /opt/devkitpro/devkitARM/bin/../lib/gcc/arm-none-eabi/9.1.0/../../../../arm-none-eabi/lib/armv6k/fpu/libg.a(lib_a-svfprintf.o)
 .text._svfprintf_r
                0x0000000000117698     0x3814 /opt/devkitpro/devkitARM/bin/../lib/gcc/arm-none-eabi/9.1.0/../../../../arm-none-eabi/lib/armv6k/fpu/libg.a(lib_a-svfprintf.o)
                0x0000000000117698                _svfprintf_r
 .text.__submore
                0x000000000011aeac       0xa8 /opt/devkitpro/devkitARM/bin/../lib/gcc/arm-none-eabi/9.1.0/../../../../arm-none-eabi/lib/armv6k/fpu/libg.a(lib_a-ungetc.o)
                0x000000000011aeac                __submore
 .text._wcsnrtombs_l
                0x000000000011af54      0x190 /opt/devkitpro/devkitARM/bin/../lib/gcc/arm-none-eabi/9.1.0/../../../../arm-none-eabi/lib/armv6k/fpu/libg.a(lib_a-wcsnrtombs.o)
                0x000000000011af54                _wcsnrtombs_l
 .text._wcsnrtombs_r
                0x000000000011b0e4       0x48 /opt/devkitpro/devkitARM/bin/../lib/gcc/arm-none-eabi/9.1.0/../../../../arm-none-eabi/lib/armv6k/fpu/libg.a(lib_a-wcsnrtombs.o)
                0x000000000011b0e4                _wcsnrtombs_r
 .text.__utf8_wctomb
                0x000000000011b12c       0xf0 /opt/devkitpro/devkitARM/bin/../lib/gcc/arm-none-eabi/9.1.0/../../../../arm-none-eabi/lib/armv6k/fpu/libg.a(lib_a-wctomb_r.o)
                0x000000000011b12c                __utf8_wctomb
 .text._calloc_r
                0x000000000011b21c       0x94 /opt/devkitpro/devkitARM/bin/../lib/gcc/arm-none-eabi/9.1.0/../../../../arm-none-eabi/lib/armv6k/fpu/libg.a(lib_a-callocr.o)
                0x000000000011b21c                _calloc_r
 .text._fclose_r
                0x000000000011b2b0      0x160 /opt/devkitpro/devkitARM/bin/../lib/gcc/arm-none-eabi/9.1.0/../../../../arm-none-eabi/lib/armv6k/fpu/libg.a(lib_a-fclose.o)
                0x000000000011b2b0                _fclose_r
 .text.rshift   0x000000000011b410       0xec /opt/devkitpro/devkitARM/bin/../lib/gcc/arm-none-eabi/9.1.0/../../../../arm-none-eabi/lib/armv6k/fpu/libg.a(lib_a-gdtoa-gethex.o)
 .text.__gethex
                0x000000000011b4fc      0x828 /opt/devkitpro/devkitARM/bin/../lib/gcc/arm-none-eabi/9.1.0/../../../../arm-none-eabi/lib/armv6k/fpu/libg.a(lib_a-gdtoa-gethex.o)
                0x000000000011b4fc                __gethex
 .text.__match  0x000000000011bd24       0x60 /opt/devkitpro/devkitARM/bin/../lib/gcc/arm-none-eabi/9.1.0/../../../../arm-none-eabi/lib/armv6k/fpu/libg.a(lib_a-gdtoa-hexnan.o)
                0x000000000011bd24                __match
 .text.__hexnan
                0x000000000011bd84      0x28c /opt/devkitpro/devkitARM/bin/../lib/gcc/arm-none-eabi/9.1.0/../../../../arm-none-eabi/lib/armv6k/fpu/libg.a(lib_a-gdtoa-hexnan.o)
                0x000000000011bd84                __hexnan
 .text.iswspace_l
                0x000000000011c010       0x3c /opt/devkitpro/devkitARM/bin/../lib/gcc/arm-none-eabi/9.1.0/../../../../arm-none-eabi/lib/armv6k/fpu/libg.a(lib_a-iswspace_l.o)
                0x000000000011c010                iswspace_l
 .text.__jp2uc  0x000000000011c04c      0x1e0 /opt/devkitpro/devkitARM/bin/../lib/gcc/arm-none-eabi/9.1.0/../../../../arm-none-eabi/lib/armv6k/fpu/libg.a(lib_a-jp2uc.o)
 .text._jp2uc_l
                0x000000000011c22c       0x94 /opt/devkitpro/devkitARM/bin/../lib/gcc/arm-none-eabi/9.1.0/../../../../arm-none-eabi/lib/armv6k/fpu/libg.a(lib_a-jp2uc.o)
                0x000000000011c22c                _jp2uc_l
 .text.nan      0x000000000011c2c0       0x10 /opt/devkitpro/devkitARM/bin/../lib/gcc/arm-none-eabi/9.1.0/../../../../arm-none-eabi/lib/armv6k/fpu/libg.a(lib_a-s_nan.o)
                0x000000000011c2c0                nan
 .text.category
                0x000000000011c2d0       0x88 /opt/devkitpro/devkitARM/bin/../lib/gcc/arm-none-eabi/9.1.0/../../../../arm-none-eabi/lib/armv6k/fpu/libg.a(lib_a-categories.o)
                0x000000000011c2d0                category
 .text.null_write
                0x000000000011c358        0x8 /opt/devkitpro/devkitARM/bin/../lib/gcc/arm-none-eabi/9.1.0/../../../../arm-none-eabi/lib/armv6k/fpu/libsysbase.a(iosupport.o)
 .text.setDefaultDevice
                0x000000000011c360       0x18 /opt/devkitpro/devkitARM/bin/../lib/gcc/arm-none-eabi/9.1.0/../../../../arm-none-eabi/lib/armv6k/fpu/libsysbase.a(iosupport.o)
                0x000000000011c360                setDefaultDevice
 .text.FindDevice
                0x000000000011c378       0xc8 /opt/devkitpro/devkitARM/bin/../lib/gcc/arm-none-eabi/9.1.0/../../../../arm-none-eabi/lib/armv6k/fpu/libsysbase.a(iosupport.o)
                0x000000000011c378                FindDevice
 .text.RemoveDevice
                0x000000000011c440       0x28 /opt/devkitpro/devkitARM/bin/../lib/gcc/arm-none-eabi/9.1.0/../../../../arm-none-eabi/lib/armv6k/fpu/libsysbase.a(iosupport.o)
                0x000000000011c440                RemoveDevice
 .text.AddDevice
                0x000000000011c468       0x9c /opt/devkitpro/devkitARM/bin/../lib/gcc/arm-none-eabi/9.1.0/../../../../arm-none-eabi/lib/armv6k/fpu/libsysbase.a(iosupport.o)
                0x000000000011c468                AddDevice
 .text._fstat_r
                0x000000000011c504       0x78 /opt/devkitpro/devkitARM/bin/../lib/gcc/arm-none-eabi/9.1.0/../../../../arm-none-eabi/lib/armv6k/fpu/libsysbase.a(fstat.o)
                0x000000000011c504                _fstat_r
 .text._isatty_r
                0x000000000011c57c        0x8 /opt/devkitpro/devkitARM/bin/../lib/gcc/arm-none-eabi/9.1.0/../../../../arm-none-eabi/lib/armv6k/fpu/libsysbase.a(isatty.o)
                0x000000000011c57c                _isatty_r
 .text._lseek_r
                0x000000000011c584       0x84 /opt/devkitpro/devkitARM/bin/../lib/gcc/arm-none-eabi/9.1.0/../../../../arm-none-eabi/lib/armv6k/fpu/libsysbase.a(lseek.o)
                0x000000000011c584                _lseek_r
 .text._read_r  0x000000000011c608       0x80 /opt/devkitpro/devkitARM/bin/../lib/gcc/arm-none-eabi/9.1.0/../../../../arm-none-eabi/lib/armv6k/fpu/libsysbase.a(read.o)
                0x000000000011c608                _read_r
 .text._sbrk_r  0x000000000011c688       0x78 /opt/devkitpro/devkitARM/bin/../lib/gcc/arm-none-eabi/9.1.0/../../../../arm-none-eabi/lib/armv6k/fpu/libsysbase.a(sbrk.o)
                0x000000000011c688                _sbrk_r
 .text._write_r
                0x000000000011c700       0x80 /opt/devkitpro/devkitARM/bin/../lib/gcc/arm-none-eabi/9.1.0/../../../../arm-none-eabi/lib/armv6k/fpu/libsysbase.a(write.o)
                0x000000000011c700                _write_r
 .text._exit    0x000000000011c780       0x24 /opt/devkitpro/devkitARM/bin/../lib/gcc/arm-none-eabi/9.1.0/../../../../arm-none-eabi/lib/armv6k/fpu/libsysbase.a(_exit.o)
                0x000000000011c780                _exit
 .text._concatenate_path
                0x000000000011c7a4      0x1bc /opt/devkitpro/devkitARM/bin/../lib/gcc/arm-none-eabi/9.1.0/../../../../arm-none-eabi/lib/armv6k/fpu/libsysbase.a(chdir.o)
                0x000000000011c7a4                _concatenate_path
 .text.chdir    0x000000000011c960      0x15c /opt/devkitpro/devkitARM/bin/../lib/gcc/arm-none-eabi/9.1.0/../../../../arm-none-eabi/lib/armv6k/fpu/libsysbase.a(chdir.o)
                0x000000000011c960                chdir
 .text.__flockfile
                0x000000000011cabc        0x8 /opt/devkitpro/devkitARM/bin/../lib/gcc/arm-none-eabi/9.1.0/../../../../arm-none-eabi/lib/armv6k/fpu/libsysbase.a(flock.o)
                0x000000000011cabc                __flockfile
 .text.__funlockfile
                0x000000000011cac4        0x8 /opt/devkitpro/devkitARM/bin/../lib/gcc/arm-none-eabi/9.1.0/../../../../arm-none-eabi/lib/armv6k/fpu/libsysbase.a(flock.o)
                0x000000000011cac4                __funlockfile
 .text.__libc_lock_acquire
                0x000000000011cacc       0x18 /opt/devkitpro/devkitARM/bin/../lib/gcc/arm-none-eabi/9.1.0/../../../../arm-none-eabi/lib/armv6k/fpu/libsysbase.a(syscall_support.o)
                0x000000000011cacc                __libc_lock_acquire
 .text.__libc_lock_release
                0x000000000011cae4       0x18 /opt/devkitpro/devkitARM/bin/../lib/gcc/arm-none-eabi/9.1.0/../../../../arm-none-eabi/lib/armv6k/fpu/libsysbase.a(syscall_support.o)
                0x000000000011cae4                __libc_lock_release
 .text.__libc_lock_init_recursive
                0x000000000011cafc       0x18 /opt/devkitpro/devkitARM/bin/../lib/gcc/arm-none-eabi/9.1.0/../../../../arm-none-eabi/lib/armv6k/fpu/libsysbase.a(syscall_support.o)
                0x000000000011cafc                __libc_lock_init_recursive
 .text.__libc_lock_acquire_recursive
                0x000000000011cb14       0x18 /opt/devkitpro/devkitARM/bin/../lib/gcc/arm-none-eabi/9.1.0/../../../../arm-none-eabi/lib/armv6k/fpu/libsysbase.a(syscall_support.o)
                0x000000000011cb14                __libc_lock_acquire_recursive
 .text.__libc_lock_release_recursive
                0x000000000011cb2c       0x18 /opt/devkitpro/devkitARM/bin/../lib/gcc/arm-none-eabi/9.1.0/../../../../arm-none-eabi/lib/armv6k/fpu/libsysbase.a(syscall_support.o)
                0x000000000011cb2c                __libc_lock_release_recursive
 .text.__libc_lock_close_recursive
                0x000000000011cb44       0x18 /opt/devkitpro/devkitARM/bin/../lib/gcc/arm-none-eabi/9.1.0/../../../../arm-none-eabi/lib/armv6k/fpu/libsysbase.a(syscall_support.o)
                0x000000000011cb44                __libc_lock_close_recursive
 .text.__get_handle
                0x000000000011cb5c       0x3c /opt/devkitpro/devkitARM/bin/../lib/gcc/arm-none-eabi/9.1.0/../../../../arm-none-eabi/lib/armv6k/fpu/libsysbase.a(handle_manager.o)
                0x000000000011cb5c                __get_handle
 .text._close_r
                0x000000000011cb98       0xf8 /opt/devkitpro/devkitARM/bin/../lib/gcc/arm-none-eabi/9.1.0/../../../../arm-none-eabi/lib/armv6k/fpu/libsysbase.a(handle_manager.o)
                0x000000000011cb98                _close_r
 .text.__getreent
                0x000000000011cc90       0x28 /opt/devkitpro/devkitARM/bin/../lib/gcc/arm-none-eabi/9.1.0/../../../../arm-none-eabi/lib/armv6k/fpu/libsysbase.a(getreent.o)
                0x000000000011cc90                __getreent
 .text.strrchr  0x000000000011ccb8       0x44 /opt/devkitpro/devkitARM/bin/../lib/gcc/arm-none-eabi/9.1.0/../../../../arm-none-eabi/lib/armv6k/fpu/libg.a(lib_a-strrchr.o)
                0x000000000011ccb8                strrchr
 *(.glue_7)
 .glue_7        0x000000000011ccfc        0x0 linker stubs
 *(.glue_7t)
 .glue_7t       0x000000000011ccfc        0x0 linker stubs
 *(.stub)
 *(.gnu.warning)
 *(.gnu.linkonce.t*)
                0x000000000011ccfc                . = ALIGN (0x4)
 *(.fini)
 .fini          0x000000000011ccfc        0xc /opt/devkitpro/devkitARM/bin/../lib/gcc/arm-none-eabi/9.1.0/armv6k/fpu/crti.o
                0x000000000011ccfc                _fini
 .fini          0x000000000011cd08        0xc /opt/devkitpro/devkitARM/bin/../lib/gcc/arm-none-eabi/9.1.0/armv6k/fpu/crtn.o
                0x000000000011cd14                . = ALIGN (0x4)

.vfp11_veneer   0x000000000011cd14        0x0
 .vfp11_veneer  0x000000000011cd14        0x0 linker stubs

.v4_bx          0x000000000011cd14        0x0
 .v4_bx         0x000000000011cd14        0x0 linker stubs

.iplt           0x000000000011cd14        0x0
 .iplt          0x000000000011cd14        0x0 /opt/devkitpro/devkitARM/bin/../lib/gcc/arm-none-eabi/9.1.0/../../../../arm-none-eabi/lib/armv6k/fpu/3dsx_crt0.o
                0x000000000011d000                . = ALIGN (0x1000)

.rodata         0x000000000011d000     0x7714
 *(.rodata)
 .rodata        0x000000000011d000      0x804 /opt/devkitpro/libctru/lib/libctru.a(default_font.bin.o)
                0x000000000011d000                default_font_bin
                0x000000000011d800                default_font_bin_end
                0x000000000011d800                default_font_bin_size
 .rodata        0x000000000011d804        0xc /opt/devkitpro/libctru/lib/libctru.a(sdmc_dev.o)
 *(.roda)
 *(.rodata.*)
 .rodata.str1.4
                0x000000000011d810       0xf7 main.o
 *fill*         0x000000000011d907        0x1 
 .rodata.con_write.str1.4
                0x000000000011d908       0x52 /opt/devkitpro/libctru/lib/libctru.a(console.o)
 *fill*         0x000000000011d95a        0x2 
 .rodata.str1.4
                0x000000000011d95c       0x10 /opt/devkitpro/libctru/lib/libctru.a(console.o)
 .rodata.colorTable
                0x000000000011d96c       0x30 /opt/devkitpro/libctru/lib/libctru.a(console.o)
 .rodata.dotab_stdout
                0x000000000011d99c       0x70 /opt/devkitpro/libctru/lib/libctru.a(console.o)
 .rodata.CSWTCH.62
                0x000000000011da0c       0x14 /opt/devkitpro/libctru/lib/libctru.a(gfx.o)
 .rodata.framebufferInfoSt
                0x000000000011da20        0x8 /opt/devkitpro/libctru/lib/libctru.a(gfx.o)
 .rodata.gspInit.str1.4
                0x000000000011da28        0x9 /opt/devkitpro/libctru/lib/libctru.a(gspgpu.o)
 *fill*         0x000000000011da31        0x3 
 .rodata.aptSendCommand.str1.4
                0x000000000011da34       0x16 /opt/devkitpro/libctru/lib/libctru.a(apt.o)
 *fill*         0x000000000011da4a        0x2 
 .rodata.hidInit.str1.4
                0x000000000011da4c       0x15 /opt/devkitpro/libctru/lib/libctru.a(hid.o)
 *fill*         0x000000000011da61        0x3 
 .rodata.srvInit.str1.4
                0x000000000011da64        0x5 /opt/devkitpro/libctru/lib/libctru.a(srv.o)
 *fill*         0x000000000011da69        0x3 
 .rodata.irrstInit.str1.4
                0x000000000011da6c        0x7 /opt/devkitpro/libctru/lib/libctru.a(irrst.o)
 *fill*         0x000000000011da73        0x1 
 .rodata.ptmSysmInit.str1.4
                0x000000000011da74        0x9 /opt/devkitpro/libctru/lib/libctru.a(ptmsysm.o)
 *fill*         0x000000000011da7d        0x3 
 .rodata.str1.4
                0x000000000011da80        0x5 /opt/devkitpro/libctru/lib/libctru.a(sdmc_dev.o)
                                          0x9 (size before relaxing)
 *fill*         0x000000000011da85        0x3 
 .rodata.sdmcExit.str1.4
                0x000000000011da88        0x6 /opt/devkitpro/libctru/lib/libctru.a(sdmc_dev.o)
 *fill*         0x000000000011da8e        0x2 
 .rodata.error_table
                0x000000000011da90       0x30 /opt/devkitpro/libctru/lib/libctru.a(sdmc_dev.o)
 .rodata.fsInit.str1.4
                0x000000000011dac0        0x8 /opt/devkitpro/libctru/lib/libctru.a(fs.o)
 .rodata._global_impure_ptr
                0x000000000011dac8        0x4 /opt/devkitpro/devkitARM/bin/../lib/gcc/arm-none-eabi/9.1.0/../../../../arm-none-eabi/lib/armv6k/fpu/libg.a(lib_a-impure.o)
                0x000000000011dac8                _global_impure_ptr
 .rodata._puts_r.str1.4
                0x000000000011dacc        0x2 /opt/devkitpro/devkitARM/bin/../lib/gcc/arm-none-eabi/9.1.0/../../../../arm-none-eabi/lib/armv6k/fpu/libg.a(lib_a-puts.o)
 .rodata.__ssvfscanf_r.str1.1
                0x000000000011dace        0x5 /opt/devkitpro/devkitARM/bin/../lib/gcc/arm-none-eabi/9.1.0/../../../../arm-none-eabi/lib/armv6k/fpu/libg.a(lib_a-svfscanf.o)
                                          0x6 (size before relaxing)
 *fill*         0x000000000011dad3        0x1 
 .rodata.basefix.8820
                0x000000000011dad4       0x22 /opt/devkitpro/devkitARM/bin/../lib/gcc/arm-none-eabi/9.1.0/../../../../arm-none-eabi/lib/armv6k/fpu/libg.a(lib_a-svfscanf.o)
 .rodata._vfprintf_r.str1.1
                0x000000000011daf6       0x3b /opt/devkitpro/devkitARM/bin/../lib/gcc/arm-none-eabi/9.1.0/../../../../arm-none-eabi/lib/armv6k/fpu/libg.a(lib_a-vfprintf.o)
 *fill*         0x000000000011db31        0x3 
 .rodata.blanks.8791
                0x000000000011db34       0x10 /opt/devkitpro/devkitARM/bin/../lib/gcc/arm-none-eabi/9.1.0/../../../../arm-none-eabi/lib/armv6k/fpu/libg.a(lib_a-vfprintf.o)
 .rodata.zeroes.8792
                0x000000000011db44       0x10 /opt/devkitpro/devkitARM/bin/../lib/gcc/arm-none-eabi/9.1.0/../../../../arm-none-eabi/lib/armv6k/fpu/libg.a(lib_a-vfprintf.o)
 .rodata._ctype_
                0x000000000011db54      0x101 /opt/devkitpro/devkitARM/bin/../lib/gcc/arm-none-eabi/9.1.0/../../../../arm-none-eabi/lib/armv6k/fpu/libg.a(lib_a-ctype_.o)
                0x000000000011db54                _ctype_
 *fill*         0x000000000011dc55        0x3 
 .rodata._dtoa_r.str1.4
                0x000000000011dc58       0x12 /opt/devkitpro/devkitARM/bin/../lib/gcc/arm-none-eabi/9.1.0/../../../../arm-none-eabi/lib/armv6k/fpu/libg.a(lib_a-dtoa.o)
 *fill*         0x000000000011dc6a        0x2 
 .rodata.str1.4
                0x000000000011dc6c       0x48 /opt/devkitpro/devkitARM/bin/../lib/gcc/arm-none-eabi/9.1.0/../../../../arm-none-eabi/lib/armv6k/fpu/libg.a(lib_a-locale.o)
                                         0x4c (size before relaxing)
 .rodata._mbrtowc_r.str1.4
                0x000000000011dcb4        0x1 /opt/devkitpro/devkitARM/bin/../lib/gcc/arm-none-eabi/9.1.0/../../../../arm-none-eabi/lib/armv6k/fpu/libg.a(lib_a-mbrtowc.o)
 *fill*         0x000000000011dcb4        0x4 
 .rodata.__mprec_bigtens
                0x000000000011dcb8       0x28 /opt/devkitpro/devkitARM/bin/../lib/gcc/arm-none-eabi/9.1.0/../../../../arm-none-eabi/lib/armv6k/fpu/libg.a(lib_a-mprec.o)
                0x000000000011dcb8                __mprec_bigtens
 .rodata.__mprec_tens
                0x000000000011dce0       0xc8 /opt/devkitpro/devkitARM/bin/../lib/gcc/arm-none-eabi/9.1.0/../../../../arm-none-eabi/lib/armv6k/fpu/libg.a(lib_a-mprec.o)
                0x000000000011dce0                __mprec_tens
 .rodata.p05.7510
                0x000000000011dda8        0xc /opt/devkitpro/devkitARM/bin/../lib/gcc/arm-none-eabi/9.1.0/../../../../arm-none-eabi/lib/armv6k/fpu/libg.a(lib_a-mprec.o)
 .rodata._strtod_l.str1.4
                0x000000000011ddb4        0xf /opt/devkitpro/devkitARM/bin/../lib/gcc/arm-none-eabi/9.1.0/../../../../arm-none-eabi/lib/armv6k/fpu/libg.a(lib_a-strtod.o)
                                         0x11 (size before relaxing)
 *fill*         0x000000000011ddc3        0x1 
 .rodata.fpi.7590
                0x000000000011ddc4       0x14 /opt/devkitpro/devkitARM/bin/../lib/gcc/arm-none-eabi/9.1.0/../../../../arm-none-eabi/lib/armv6k/fpu/libg.a(lib_a-strtod.o)
 .rodata.fpinan.7626
                0x000000000011ddd8       0x14 /opt/devkitpro/devkitARM/bin/../lib/gcc/arm-none-eabi/9.1.0/../../../../arm-none-eabi/lib/armv6k/fpu/libg.a(lib_a-strtod.o)
 *fill*         0x000000000011ddec        0x4 
 .rodata.tinytens
                0x000000000011ddf0       0x28 /opt/devkitpro/devkitARM/bin/../lib/gcc/arm-none-eabi/9.1.0/../../../../arm-none-eabi/lib/armv6k/fpu/libg.a(lib_a-strtod.o)
 .rodata.__action_table
                0x000000000011de18       0x6c /opt/devkitpro/devkitARM/bin/../lib/gcc/arm-none-eabi/9.1.0/../../../../arm-none-eabi/lib/armv6k/fpu/libg.a(lib_a-svfiprintf.o)
                0x000000000011de18                __action_table
 .rodata.__chclass
                0x000000000011de84      0x100 /opt/devkitpro/devkitARM/bin/../lib/gcc/arm-none-eabi/9.1.0/../../../../arm-none-eabi/lib/armv6k/fpu/libg.a(lib_a-svfiprintf.o)
                0x000000000011de84                __chclass
 .rodata.__state_table
                0x000000000011df84       0x6c /opt/devkitpro/devkitARM/bin/../lib/gcc/arm-none-eabi/9.1.0/../../../../arm-none-eabi/lib/armv6k/fpu/libg.a(lib_a-svfiprintf.o)
                0x000000000011df84                __state_table
 .rodata._svfprintf_r.str1.1
                0x000000000011dff0       0x3b /opt/devkitpro/devkitARM/bin/../lib/gcc/arm-none-eabi/9.1.0/../../../../arm-none-eabi/lib/armv6k/fpu/libg.a(lib_a-svfprintf.o)
 .rodata.blanks.8776
                0x000000000011dff0       0x10 /opt/devkitpro/devkitARM/bin/../lib/gcc/arm-none-eabi/9.1.0/../../../../arm-none-eabi/lib/armv6k/fpu/libg.a(lib_a-svfprintf.o)
 .rodata.zeroes.8777
                0x000000000011e000       0x10 /opt/devkitpro/devkitARM/bin/../lib/gcc/arm-none-eabi/9.1.0/../../../../arm-none-eabi/lib/armv6k/fpu/libg.a(lib_a-svfprintf.o)
 .rodata.__hexdig
                0x000000000011e010      0x100 /opt/devkitpro/devkitARM/bin/../lib/gcc/arm-none-eabi/9.1.0/../../../../arm-none-eabi/lib/armv6k/fpu/libg.a(lib_a-gdtoa-gethex.o)
                0x000000000011e010                __hexdig
 .rodata._jp2uc_l.str1.4
                0x000000000011e110       0x12 /opt/devkitpro/devkitARM/bin/../lib/gcc/arm-none-eabi/9.1.0/../../../../arm-none-eabi/lib/armv6k/fpu/libg.a(lib_a-jp2uc.o)
 *fill*         0x000000000011e122        0x2 
 .rodata.a1     0x000000000011e124       0xbc /opt/devkitpro/devkitARM/bin/../lib/gcc/arm-none-eabi/9.1.0/../../../../arm-none-eabi/lib/armv6k/fpu/libg.a(lib_a-jp2uc.o)
 .rodata.a2     0x000000000011e1e0       0xbc /opt/devkitpro/devkitARM/bin/../lib/gcc/arm-none-eabi/9.1.0/../../../../arm-none-eabi/lib/armv6k/fpu/libg.a(lib_a-jp2uc.o)
 .rodata.a3     0x000000000011e29c       0x5b /opt/devkitpro/devkitARM/bin/../lib/gcc/arm-none-eabi/9.1.0/../../../../arm-none-eabi/lib/armv6k/fpu/libg.a(lib_a-jp2uc.o)
 *fill*         0x000000000011e2f7        0x1 
 .rodata.a6     0x000000000011e2f8       0x70 /opt/devkitpro/devkitARM/bin/../lib/gcc/arm-none-eabi/9.1.0/../../../../arm-none-eabi/lib/armv6k/fpu/libg.a(lib_a-jp2uc.o)
 .rodata.a7     0x000000000011e368       0xa2 /opt/devkitpro/devkitARM/bin/../lib/gcc/arm-none-eabi/9.1.0/../../../../arm-none-eabi/lib/armv6k/fpu/libg.a(lib_a-jp2uc.o)
 *fill*         0x000000000011e40a        0x2 
 .rodata.a8     0x000000000011e40c       0x40 /opt/devkitpro/devkitARM/bin/../lib/gcc/arm-none-eabi/9.1.0/../../../../arm-none-eabi/lib/armv6k/fpu/libg.a(lib_a-jp2uc.o)
 .rodata.b02cf  0x000000000011e44c     0x172a /opt/devkitpro/devkitARM/bin/../lib/gcc/arm-none-eabi/9.1.0/../../../../arm-none-eabi/lib/armv6k/fpu/libg.a(lib_a-jp2uc.o)
 *fill*         0x000000000011fb76        0x2 
 .rodata.d02f4  0x000000000011fb78     0x1a7c /opt/devkitpro/devkitARM/bin/../lib/gcc/arm-none-eabi/9.1.0/../../../../arm-none-eabi/lib/armv6k/fpu/libg.a(lib_a-jp2uc.o)
 .rodata.str1.4
                0x00000000001215f4        0x5 /opt/devkitpro/devkitARM/bin/../lib/gcc/arm-none-eabi/9.1.0/../../../../arm-none-eabi/lib/armv6k/fpu/libg.a(lib_a-lnumeric.o)
 .rodata._C_numeric_locale
                0x00000000001215f4        0xc /opt/devkitpro/devkitARM/bin/../lib/gcc/arm-none-eabi/9.1.0/../../../../arm-none-eabi/lib/armv6k/fpu/libg.a(lib_a-lnumeric.o)
                0x00000000001215f4                _C_numeric_locale
 .rodata.categories
                0x0000000000121600     0x309c /opt/devkitpro/devkitARM/bin/../lib/gcc/arm-none-eabi/9.1.0/../../../../arm-none-eabi/lib/armv6k/fpu/libg.a(lib_a-categories.o)
 .rodata.AddDevice.str1.4
                0x000000000012469c        0x8 /opt/devkitpro/devkitARM/bin/../lib/gcc/arm-none-eabi/9.1.0/../../../../arm-none-eabi/lib/armv6k/fpu/libsysbase.a(iosupport.o)
 .rodata.dotab_stdnull
                0x00000000001246a4       0x70 /opt/devkitpro/devkitARM/bin/../lib/gcc/arm-none-eabi/9.1.0/../../../../arm-none-eabi/lib/armv6k/fpu/libsysbase.a(iosupport.o)
                0x00000000001246a4                dotab_stdnull
 *all.rodata*(*)
 *(.gnu.linkonce.r*)
                0x0000000000124714                . = ALIGN (0x4)

.eh_frame       0x0000000000124714        0x0
 .eh_frame      0x0000000000124714        0x0 /opt/devkitpro/devkitARM/bin/../lib/gcc/arm-none-eabi/9.1.0/armv6k/fpu/crtbegin.o

.rel.dyn        0x0000000000124714        0x0
 .rel.iplt      0x0000000000124714        0x0 /opt/devkitpro/devkitARM/bin/../lib/gcc/arm-none-eabi/9.1.0/../../../../arm-none-eabi/lib/armv6k/fpu/3dsx_crt0.o

.ARM.extab
 *(.ARM.extab* .gnu.linkonce.armextab.*)
                0x0000000000124714                __exidx_start = .

ARM.exidx
 *(.ARM.exidx* .gnu.linkonce.armexidx.*)
                0x0000000000124714                __exidx_end = .
                0x0000000000125000                . = ALIGN (0x1000)

.data           0x0000000000125000     0x23b8
 *(.data)
 .data          0x0000000000125000        0x4 /opt/devkitpro/libctru/lib/libctru.a(stack_adjust.o)
                0x0000000000125000                __stacksize__
 *(.data.*)
 .data.currentConsole
                0x0000000000125004        0x4 /opt/devkitpro/libctru/lib/libctru.a(console.o)
                0x0000000000125004                currentConsole
 .data.defaultConsole
                0x0000000000125008       0x4c /opt/devkitpro/libctru/lib/libctru.a(console.o)
                0x0000000000125008                defaultConsole
 .data.firstConsoleInit.8429
                0x0000000000125054        0x1 /opt/devkitpro/libctru/lib/libctru.a(console.o)
 .data.botFormat
                0x0000000000125055        0x1 /opt/devkitpro/libctru/lib/libctru.a(gfx.o)
 *fill*         0x0000000000125056        0x2 
 .data.doubleBuf
                0x0000000000125058        0x8 /opt/devkitpro/libctru/lib/libctru.a(gfx.o)
 .data.topFormat
                0x0000000000125060        0x1 /opt/devkitpro/libctru/lib/libctru.a(gfx.o)
 *fill*         0x0000000000125061        0x3 
 .data.gspLastEvent
                0x0000000000125064        0x4 /opt/devkitpro/libctru/lib/libctru.a(gspgpu.o)
 .data.aptFlags
                0x0000000000125068        0x4 /opt/devkitpro/libctru/lib/libctru.a(apt.o)
 .data.aptHomeAllowed
                0x000000000012506c        0x1 /opt/devkitpro/libctru/lib/libctru.a(apt.o)
 *fill*         0x000000000012506d        0x3 
 .data.__ctru_linear_heap_size
                0x0000000000125070        0x4 /opt/devkitpro/libctru/lib/libctru.a(allocateHeaps.o)
                0x0000000000125070                __ctru_linear_heap_size
 .data.__cwd    0x0000000000125074      0x401 /opt/devkitpro/libctru/lib/libctru.a(sdmc_dev.o)
 *fill*         0x0000000000125475        0x3 
 .data.sdmc_devoptab
                0x0000000000125478       0x70 /opt/devkitpro/libctru/lib/libctru.a(sdmc_dev.o)
 .data._impure_ptr
                0x00000000001254e8        0x4 /opt/devkitpro/devkitARM/bin/../lib/gcc/arm-none-eabi/9.1.0/../../../../arm-none-eabi/lib/armv6k/fpu/libg.a(lib_a-impure.o)
                0x00000000001254e8                _impure_ptr
 *fill*         0x00000000001254ec        0x4 
 .data.impure_data
                0x00000000001254f0      0x460 /opt/devkitpro/devkitARM/bin/../lib/gcc/arm-none-eabi/9.1.0/../../../../arm-none-eabi/lib/armv6k/fpu/libg.a(lib_a-impure.o)
 .data.__malloc_av_
                0x0000000000125950      0x408 /opt/devkitpro/devkitARM/bin/../lib/gcc/arm-none-eabi/9.1.0/../../../../arm-none-eabi/lib/armv6k/fpu/libg.a(lib_a-mallocr.o)
                0x0000000000125950                __malloc_av_
 .data.__malloc_sbrk_base
                0x0000000000125d58        0x4 /opt/devkitpro/devkitARM/bin/../lib/gcc/arm-none-eabi/9.1.0/../../../../arm-none-eabi/lib/armv6k/fpu/libg.a(lib_a-mallocr.o)
                0x0000000000125d58                __malloc_sbrk_base
 .data.__malloc_trim_threshold
                0x0000000000125d5c        0x4 /opt/devkitpro/devkitARM/bin/../lib/gcc/arm-none-eabi/9.1.0/../../../../arm-none-eabi/lib/armv6k/fpu/libg.a(lib_a-mallocr.o)
                0x0000000000125d5c                __malloc_trim_threshold
 .data.__malloc_recursive_mutex
                0x0000000000125d60        0xc /opt/devkitpro/devkitARM/bin/../lib/gcc/arm-none-eabi/9.1.0/../../../../arm-none-eabi/lib/armv6k/fpu/libg.a(lib_a-mlock.o)
 .data.__atexit_recursive_mutex
                0x0000000000125d6c        0xc /opt/devkitpro/devkitARM/bin/../lib/gcc/arm-none-eabi/9.1.0/../../../../arm-none-eabi/lib/armv6k/fpu/libg.a(lib_a-__call_atexit.o)
                0x0000000000125d6c                __atexit_recursive_mutex
 .data.__sfp_recursive_mutex
                0x0000000000125d78        0xc /opt/devkitpro/devkitARM/bin/../lib/gcc/arm-none-eabi/9.1.0/../../../../arm-none-eabi/lib/armv6k/fpu/libg.a(lib_a-findfp.o)
 .data.__sinit_recursive_mutex