Archive member included to satisfy reference by file (symbol)

C:/devkitPro/libctru/lib\libctru.a(console.o)
                              main.o (consoleInit)
C:/devkitPro/libctru/lib\libctru.a(gfx.o)
                              C:/devkitPro/libctru/lib\libctru.a(console.o) (gfxSetScreenFormat)
C:/devkitPro/libctru/lib\libctru.a(gx.o)
                              C:/devkitPro/libctru/lib\libctru.a(gfx.o) (gxCmdBuf)
C:/devkitPro/libctru/lib\libctru.a(gspgpu.o)
                              C:/devkitPro/libctru/lib\libctru.a(gfx.o) (gspInit)
C:/devkitPro/libctru/lib\libctru.a(apt.o)
                              main.o (aptMainLoop)
C:/devkitPro/libctru/lib\libctru.a(hid.o)
                              main.o (hidScanInput)
C:/devkitPro/libctru/lib\libctru.a(initSystem.o)
                              C:/devkitPro/libctru/lib\libctru.a(apt.o) (__system_retAddr)
C:/devkitPro/libctru/lib\libctru.a(syscalls.o)
                              C:/devkitPro/libctru/lib\libctru.a(initSystem.o) (__system_initSyscalls)
C:/devkitPro/libctru/lib\libctru.a(allocateHeaps.o)
                              C:/devkitPro/libctru/lib\libctru.a(initSystem.o) (__system_allocateHeaps)
C:/devkitPro/libctru/lib\libctru.a(initArgv.o)
                              C:/devkitPro/libctru/lib\libctru.a(initSystem.o) (__system_initArgv)
C:/devkitPro/libctru/lib\libctru.a(svc.o)
                              C:/devkitPro/libctru/lib\libctru.a(allocateHeaps.o) (svcControlMemory)
C:/devkitPro/libctru/lib\libctru.a(stack_adjust.o)
                              c:/devkitpro/devkitarm/bin/../lib/gcc/arm-none-eabi/9.1.0/../../../../arm-none-eabi/lib/armv6k/fpu/3dsx_crt0.o (initSystem)
C:/devkitPro/libctru/lib\libctru.a(default_font.bin.o)
                              C:/devkitPro/libctru/lib\libctru.a(console.o) (default_font_bin)
C:/devkitPro/libctru/lib\libctru.a(vram.o)
                              C:/devkitPro/libctru/lib\libctru.a(gfx.o) (vramAlloc)
C:/devkitPro/libctru/lib\libctru.a(mappable.o)
                              C:/devkitPro/libctru/lib\libctru.a(gfx.o) (mappableAlloc)
C:/devkitPro/libctru/lib\libctru.a(linear.o)
                              C:/devkitPro/libctru/lib\libctru.a(gfx.o) (linearAlloc)
C:/devkitPro/libctru/lib\libctru.a(mem_pool.o)
                              C:/devkitPro/libctru/lib\libctru.a(vram.o) (MemPool::Allocate(MemChunk&, unsigned long, int))
C:/devkitPro/libctru/lib\libctru.a(synchronization.o)
                              C:/devkitPro/libctru/lib\libctru.a(initSystem.o) (__sync_init)
C:/devkitPro/libctru/lib\libctru.a(os.o)
                              C:/devkitPro/libctru/lib\libctru.a(allocateHeaps.o) (osGetMemRegionUsed)
C:/devkitPro/libctru/lib\libctru.a(srv.o)
                              C:/devkitPro/libctru/lib\libctru.a(apt.o) (srvInit)
C:/devkitPro/libctru/lib\libctru.a(thread.o)
                              C:/devkitPro/libctru/lib\libctru.a(gspgpu.o) (threadCreate)
C:/devkitPro/libctru/lib\libctru.a(irrst.o)
                              C:/devkitPro/libctru/lib\libctru.a(hid.o) (irrstScanInput)
C:/devkitPro/libctru/lib\libctru.a(srvpm.o)
                              C:/devkitPro/libctru/lib\libctru.a(srv.o) (srvPmGetSessionHandle)
C:/devkitPro/libctru/lib\libctru.a(ptmsysm.o)
                              C:/devkitPro/libctru/lib\libctru.a(os.o) (ptmSysmInit)
C:/devkitPro/libctru/lib\libctru.a(rbtree_init.o)
                              C:/devkitPro/libctru/lib\libctru.a(vram.o) (rbtree_init)
C:/devkitPro/libctru/lib\libctru.a(rbtree_insert.o)
                              C:/devkitPro/libctru/lib\libctru.a(vram.o) (rbtree_insert)
C:/devkitPro/libctru/lib\libctru.a(rbtree_rotate.o)
                              C:/devkitPro/libctru/lib\libctru.a(rbtree_insert.o) (rbtree_rotate)
C:/devkitPro/libctru/lib\libctru.a(rbtree_remove.o)
                              C:/devkitPro/libctru/lib\libctru.a(vram.o) (rbtree_remove)
C:/devkitPro/libctru/lib\libctru.a(rbtree_find.o)
                              C:/devkitPro/libctru/lib\libctru.a(vram.o) (rbtree_find)
C:/devkitPro/libctru/lib\libctru.a(appInit.o)
                              C:/devkitPro/libctru/lib\libctru.a(stack_adjust.o) (__appInit)
C:/devkitPro/libctru/lib\libctru.a(appExit.o)
                              C:/devkitPro/libctru/lib\libctru.a(stack_adjust.o) (__appExit)
C:/devkitPro/libctru/lib\libctru.a(ctru_exit.o)
                              C:/devkitPro/libctru/lib\libctru.a(stack_adjust.o) (__libctru_exit)
C:/devkitPro/libctru/lib\libctru.a(env.o)
                              C:/devkitPro/libctru/lib\libctru.a(srv.o) (envGetHandle)
C:/devkitPro/libctru/lib\libctru.a(sdmc_dev.o)
                              C:/devkitPro/libctru/lib\libctru.a(appInit.o) (sdmcInit)
C:/devkitPro/libctru/lib\libctru.a(fs.o)
                              C:/devkitPro/libctru/lib\libctru.a(appInit.o) (fsInit)
C:/devkitPro/libctru/lib\libctru.a(rbtree_iterator.o)
[...]
Memory Configuration

Name             Origin             Length             Attributes
*default*        0x0000000000000000 0xffffffffffffffff

Linker script and memory map

                0x0000000000100000                PROVIDE (__start__ = 0x100000)
                0x0000000000100000                . = __start__

.text           0x0000000000100000    0x1cd8c
 *(.crt0)
 .crt0          0x0000000000100000       0x94 c:/devkitpro/devkitarm/bin/../lib/gcc/arm-none-eabi/9.1.0/../../../../arm-none-eabi/lib/armv6k/fpu/3dsx_crt0.o
                0x0000000000100000                _start
                0x0000000000100008                __service_ptr
                0x000000000010000c                __apt_appid
                0x0000000000100010                __heap_size
                0x0000000000100014                __linear_heap_size
                0x0000000000100018                __system_arglist
                0x000000000010001c                __system_runflags
 *(.init)
 .init          0x0000000000100094        0xc c:/devkitpro/devkitarm/bin/../lib/gcc/arm-none-eabi/9.1.0/armv6k/fpu/crti.o
                0x0000000000100094                _init
 .init          0x00000000001000a0        0xc c:/devkitpro/devkitarm/bin/../lib/gcc/arm-none-eabi/9.1.0/armv6k/fpu/crtn.o
                0x00000000001000ac                . = ALIGN (0x4)
 *(.text)
 .text          0x00000000001000ac       0x64 C:/devkitPro/libctru/lib\libctru.a(stack_adjust.o)
                0x00000000001000ac                initSystem
                0x00000000001000f0                __ctru_exit
 .text          0x0000000000100110      0x240 c:/devkitpro/devkitarm/bin/../lib/gcc/arm-none-eabi/9.1.0/armv6k/fpu\libgcc.a(_divsi3.o)
                0x0000000000100110                __divsi3
                0x0000000000100110                __aeabi_idiv
                0x0000000000100330                __aeabi_idivmod
 .text          0x0000000000100350        0x4 c:/devkitpro/devkitarm/bin/../lib/gcc/arm-none-eabi/9.1.0/armv6k/fpu\libgcc.a(_dvmd_tls.o)
                0x0000000000100350                __aeabi_idiv0
                0x0000000000100350                __aeabi_ldiv0
 .text          0x0000000000100354       0x3c c:/devkitpro/devkitarm/bin/../lib/gcc/arm-none-eabi/9.1.0/armv6k/fpu\libgcc.a(_aeabi_uldivmod.o)
                0x0000000000100354                __aeabi_uldivmod
 *fill*         0x0000000000100390       0x10 
 .text          0x00000000001003a0      0x390 c:/devkitpro/devkitarm/bin/../lib/gcc/arm-none-eabi/9.1.0/../../../../arm-none-eabi/lib/armv6k/fpu\libg.a(lib_a-strcmp.o)
                0x00000000001003a8                strcmp
 .text          0x0000000000100730      0x20c c:/devkitpro/devkitarm/bin/../lib/gcc/arm-none-eabi/9.1.0/armv6k/fpu\libgcc.a(_udivsi3.o)
                0x0000000000100730                __aeabi_uidiv
                0x0000000000100730                __udivsi3
                0x000000000010091c                __aeabi_uidivmod
 .text          0x000000000010093c      0x3c0 c:/devkitpro/devkitarm/bin/../lib/gcc/arm-none-eabi/9.1.0/armv6k/fpu\libgcc.a(_arm_addsubdf3.o)
                0x000000000010093c                __aeabi_drsub
                0x0000000000100944                __aeabi_dsub
                0x0000000000100944                __subdf3
                0x0000000000100948                __aeabi_dadd
                0x0000000000100948                __adddf3
                0x0000000000100bf4                __floatunsidf
                0x0000000000100bf4                __aeabi_ui2d
                0x0000000000100c18                __floatsidf
                0x0000000000100c18                __aeabi_i2d
                0x0000000000100c40                __aeabi_f2d
                0x0000000000100c40                __extendsfdf2
                0x0000000000100c88                __floatundidf
                0x0000000000100c88                __aeabi_ul2d
                0x0000000000100c9c                __floatdidf
                0x0000000000100c9c                __aeabi_l2d
 *(.text.*)
 .text.deregister_tm_clones
                0x0000000000100cfc       0x2c c:/devkitpro/devkitarm/bin/../lib/gcc/arm-none-eabi/9.1.0/armv6k/fpu/crtbegin.o
 .text.register_tm_clones
                0x0000000000100d28       0x38 c:/devkitpro/devkitarm/bin/../lib/gcc/arm-none-eabi/9.1.0/armv6k/fpu/crtbegin.o
 .text.__do_global_dtors_aux
                0x0000000000100d60       0x44 c:/devkitpro/devkitarm/bin/../lib/gcc/arm-none-eabi/9.1.0/armv6k/fpu/crtbegin.o
 .text.frame_dummy
                0x0000000000100da4       0x34 c:/devkitpro/devkitarm/bin/../lib/gcc/arm-none-eabi/9.1.0/armv6k/fpu/crtbegin.o
 .text.startup  0x0000000000100dd8      0x20c main.o
                0x0000000000100dd8                main
 .text.consoleDrawChar
                0x0000000000100fe4      0x1b8 C:/devkitPro/libctru/lib\libctru.a(console.o)
                0x0000000000100fe4                consoleDrawChar
 .text.consolePrintChar
                0x000000000010119c      0x124 C:/devkitPro/libctru/lib\libctru.a(console.o)
                0x000000000010119c                consolePrintChar
 .text.consoleCls
                0x00000000001012c0      0x15c C:/devkitPro/libctru/lib\libctru.a(console.o)
 .text.consoleInit
                0x000000000010141c      0x104 C:/devkitPro/libctru/lib\libctru.a(console.o)
                0x000000000010141c                consoleInit
 .text.consoleClearLine
                0x0000000000101520      0x10c C:/devkitPro/libctru/lib\libctru.a(console.o)
 .text.newRow   0x000000000010162c       0xc4 C:/devkitPro/libctru/lib\libctru.a(console.o)
 .text.con_write
                0x00000000001016f0      0x7cc C:/devkitPro/libctru/lib\libctru.a(console.o)
                0x00000000001016f0                con_write
 .text.gfxSetFramebufferInfo.part.0
                0x0000000000101ebc       0x8c C:/devkitPro/libctru/lib\libctru.a(gfx.o)
 .text.gfxSetFramebufferInfo
                0x0000000000101f48       0x6c C:/devkitPro/libctru/lib\libctru.a(gfx.o)
 .text.gfxGetFramebuffer.part.0
                0x0000000000101fb4       0x58 C:/devkitPro/libctru/lib\libctru.a(gfx.o)
 .text.__get_bytes_per_pixel
                0x000000000010200c       0x18 C:/devkitPro/libctru/lib\libctru.a(gfx.o)
                0x000000000010200c                __get_bytes_per_pixel
 .text.gfxSetScreenFormat
                0x0000000000102024      0x184 C:/devkitPro/libctru/lib\libctru.a(gfx.o)
                0x0000000000102024                gfxSetScreenFormat
 .text.gfxSetDoubleBuffering
                0x00000000001021a8       0x10 C:/devkitPro/libctru/lib\libctru.a(gfx.o)
                0x00000000001021a8                gfxSetDoubleBuffering
 .text.gfxInit  0x00000000001021b8      0x214 C:/devkitPro/libctru/lib\libctru.a(gfx.o)
                0x00000000001021b8                gfxInit
 .text.gfxInitDefault
                0x00000000001023cc       0x10 C:/devkitPro/libctru/lib\libctru.a(gfx.o)
                0x00000000001023cc                gfxInitDefault
 .text.gfxExit  0x00000000001023dc       0xe0 C:/devkitPro/libctru/lib\libctru.a(gfx.o)
                0x00000000001023dc                gfxExit
 .text.gfxGetFramebuffer
                0x00000000001024bc       0x64 C:/devkitPro/libctru/lib\libctru.a(gfx.o)
                0x00000000001024bc                gfxGetFramebuffer
 .text.gfxFlushBuffers
                0x0000000000102520       0xcc C:/devkitPro/libctru/lib\libctru.a(gfx.o)
                0x0000000000102520                gfxFlushBuffers
 .text.gfxConfigScreen
                0x00000000001025ec       0xf4 C:/devkitPro/libctru/lib\libctru.a(gfx.o)
                0x00000000001025ec                gfxConfigScreen
 .text.gfxSwapBuffers
                0x00000000001026e0       0x20 C:/devkitPro/libctru/lib\libctru.a(gfx.o)
                0x00000000001026e0                gfxSwapBuffers
 .text.gfxSwapBuffersGpu
                0x0000000000102700       0x20 C:/devkitPro/libctru/lib\libctru.a(gfx.o)
                0x0000000000102700                gfxSwapBuffersGpu
 .text.gspInit  0x0000000000102720       0x74 C:/devkitPro/libctru/lib\libctru.a(gspgpu.o)
                0x0000000000102720                gspInit
 .text.gspExit  0x0000000000102794       0x3c C:/devkitPro/libctru/lib\libctru.a(gspgpu.o)
                0x0000000000102794                gspExit
 .text.gspInitEventHandler
                0x00000000001027d0       0xa4 C:/devkitPro/libctru/lib\libctru.a(gspgpu.o)
                0x00000000001027d0                gspInitEventHandler
 .text.gspExitEventHandler
                0x0000000000102874       0x40 C:/devkitPro/libctru/lib\libctru.a(gspgpu.o)
                0x0000000000102874                gspExitEventHandler
 .text.gspWaitForEvent
                0x00000000001028b4       0x50 C:/devkitPro/libctru/lib\libctru.a(gspgpu.o)
                0x00000000001028b4                gspWaitForEvent
 .text.gxCmdQueueInterrupt
                0x0000000000102904        0x4 C:/devkitPro/libctru/lib\libctru.a(gspgpu.o)
                0x0000000000102904                gxCmdQueueInterrupt
 .text.gspEventThreadMain
                0x0000000000102908      0x178 C:/devkitPro/libctru/lib\libctru.a(gspgpu.o)
 .text.GSPGPU_SetBufferSwap
                0x0000000000102a80       0x6c C:/devkitPro/libctru/lib\libctru.a(gspgpu.o)
                0x0000000000102a80                GSPGPU_SetBufferSwap
 .text.GSPGPU_FlushDataCache
                0x0000000000102aec       0x4c C:/devkitPro/libctru/lib\libctru.a(gspgpu.o)
                0x0000000000102aec                GSPGPU_FlushDataCache
 .text.GSPGPU_SetLcdForceBlack
                0x0000000000102b38       0x34 C:/devkitPro/libctru/lib\libctru.a(gspgpu.o)
                0x0000000000102b38                GSPGPU_SetLcdForceBlack
 .text.GSPGPU_RegisterInterruptRelayQueue
                0x0000000000102b6c       0x64 C:/devkitPro/libctru/lib\libctru.a(gspgpu.o)
                0x0000000000102b6c                GSPGPU_RegisterInterruptRelayQueue
 .text.GSPGPU_UnregisterInterruptRelayQueue
                0x0000000000102bd0       0x2c C:/devkitPro/libctru/lib\libctru.a(gspgpu.o)
                0x0000000000102bd0                GSPGPU_UnregisterInterruptRelayQueue
 .text.GSPGPU_AcquireRight
                0x0000000000102bfc       0x48 C:/devkitPro/libctru/lib\libctru.a(gspgpu.o)
                0x0000000000102bfc                GSPGPU_AcquireRight
 .text.GSPGPU_ReleaseRight
                0x0000000000102c44       0x2c C:/devkitPro/libctru/lib\libctru.a(gspgpu.o)
                0x0000000000102c44                GSPGPU_ReleaseRight
 .text.GSPGPU_ImportDisplayCaptureInfo
                0x0000000000102c70       0x80 C:/devkitPro/libctru/lib\libctru.a(gspgpu.o)
                0x0000000000102c70                GSPGPU_ImportDisplayCaptureInfo
 .text.GSPGPU_SaveVramSysArea
                0x0000000000102cf0       0x2c C:/devkitPro/libctru/lib\libctru.a(gspgpu.o)
                0x0000000000102cf0                GSPGPU_SaveVramSysArea
 .text.GSPGPU_RestoreVramSysArea
                0x0000000000102d1c       0x2c C:/devkitPro/libctru/lib\libctru.a(gspgpu.o)
                0x0000000000102d1c                GSPGPU_RestoreVramSysArea
 .text._aptDebug
                0x0000000000102d48        0x4 C:/devkitPro/libctru/lib\libctru.a(apt.o)
                0x0000000000102d48                _aptDebug
 .text.aptSendCommand
                0x0000000000102d4c      0x170 C:/devkitPro/libctru/lib\libctru.a(apt.o)
                0x0000000000102d4c                aptSendCommand
 .text.aptExitProcess
                0x0000000000102ebc       0x3c C:/devkitPro/libctru/lib\libctru.a(apt.o)
 .text.APT_InquireNotification
                0x0000000000102ef8       0x50 C:/devkitPro/libctru/lib\libctru.a(apt.o)
                0x0000000000102ef8                APT_InquireNotification
 .text.aptEventHandler
                0x0000000000102f48      0x194 C:/devkitPro/libctru/lib\libctru.a(apt.o)
 .text.APT_AppletUtility
                0x00000000001030dc       0x74 C:/devkitPro/libctru/lib\libctru.a(apt.o)
                0x00000000001030dc                APT_AppletUtility
 .text.aptSetSleepAllowed
                0x0000000000103150       0xb0 C:/devkitPro/libctru/lib\libctru.a(apt.o)
                0x0000000000103150                aptSetSleepAllowed
 .text.APT_GlanceParameter
                0x0000000000103200       0xb4 C:/devkitPro/libctru/lib\libctru.a(apt.o)
                0x0000000000103200                APT_GlanceParameter
 .text.APT_ReceiveParameter
                0x00000000001032b4       0xc8 C:/devkitPro/libctru/lib\libctru.a(apt.o)
                0x00000000001032b4                APT_ReceiveParameter
 .text.aptReceiveParameter.constprop.0
                0x000000000010337c       0xbc C:/devkitPro/libctru/lib\libctru.a(apt.o)
 .text.aptScreenTransfer
                0x0000000000103438      0x1e0 C:/devkitPro/libctru/lib\libctru.a(apt.o)
 .text.aptWaitForWakeUp
                0x0000000000103618      0x210 C:/devkitPro/libctru/lib\libctru.a(apt.o)
 .text.APT_CancelParameter
                0x0000000000103828       0x70 C:/devkitPro/libctru/lib\libctru.a(apt.o)
                0x0000000000103828                APT_CancelParameter
 .text.aptInit  0x0000000000103898      0x25c C:/devkitPro/libctru/lib\libctru.a(apt.o)
                0x0000000000103898                aptInit
 .text.aptClearParamQueue
                0x0000000000103af4       0x88 C:/devkitPro/libctru/lib\libctru.a(apt.o)
 .text.aptMainLoop
                0x0000000000103b7c      0x264 C:/devkitPro/libctru/lib\libctru.a(apt.o)
                0x0000000000103b7c                aptMainLoop
 .text.aptExit  0x0000000000103de0      0x254 C:/devkitPro/libctru/lib\libctru.a(apt.o)
                0x0000000000103de0                aptExit
 .text.APT_CheckNew3DS
                0x0000000000104034       0x7c C:/devkitPro/libctru/lib\libctru.a(apt.o)
                0x0000000000104034                APT_CheckNew3DS
 .text.hidCheckSectionUpdateTime.part.0
                0x00000000001040b0       0x28 C:/devkitPro/libctru/lib\libctru.a(hid.o)
 .text.hidExit  0x00000000001040d8       0xd0 C:/devkitPro/libctru/lib\libctru.a(hid.o)
                0x00000000001040d8                hidExit
 .text.hidScanInput
                0x00000000001041a8      0x1d8 C:/devkitPro/libctru/lib\libctru.a(hid.o)
                0x00000000001041a8                hidScanInput
 .text.hidKeysDown
                0x0000000000104380       0x10 C:/devkitPro/libctru/lib\libctru.a(hid.o)
                0x0000000000104380                hidKeysDown
 .text.hidTouchRead
                0x0000000000104390       0x18 C:/devkitPro/libctru/lib\libctru.a(hid.o)
                0x0000000000104390                hidTouchRead
 .text.HIDUSER_GetHandles
                0x00000000001043a8       0x90 C:/devkitPro/libctru/lib\libctru.a(hid.o)
                0x00000000001043a8                HIDUSER_GetHandles
 .text.hidInit  0x0000000000104438      0x1a4 C:/devkitPro/libctru/lib\libctru.a(hid.o)
                0x0000000000104438                hidInit
 .text.__libctru_init
                0x00000000001045dc       0x38 C:/devkitPro/libctru/lib\libctru.a(initSystem.o)
                0x00000000001045dc                __libctru_init
 .text.__libctru_nanosleep
                0x0000000000104614       0x34 C:/devkitPro/libctru/lib\libctru.a(syscalls.o)
 .text.__ctru_get_reent
                0x0000000000104648       0x30 C:/devkitPro/libctru/lib\libctru.a(syscalls.o)
 .text.__system_initSyscalls
                0x0000000000104678       0xfc C:/devkitPro/libctru/lib\libctru.a(syscalls.o)
                0x0000000000104678                __system_initSyscalls
 .text.__system_allocateHeaps
                0x0000000000104774      0x100 C:/devkitPro/libctru/lib\libctru.a(allocateHeaps.o)
                0x0000000000104774                __system_allocateHeaps
 .text.__system_initArgv
                0x0000000000104874       0xf0 C:/devkitPro/libctru/lib\libctru.a(initArgv.o)
                0x0000000000104874                __system_initArgv
 .text.svcControlMemory
                0x0000000000104964       0x20 C:/devkitPro/libctru/lib\libctru.a(svc.o)
                0x0000000000104964                svcControlMemory
 .text.svcExitProcess
                0x0000000000104984        0x8 C:/devkitPro/libctru/lib\libctru.a(svc.o)
                0x0000000000104984                svcExitProcess
 .text.svcCreateThread
                0x000000000010498c       0x20 C:/devkitPro/libctru/lib\libctru.a(svc.o)
                0x000000000010498c                svcCreateThread
 .text.svcExitThread
                0x00000000001049ac        0x8 C:/devkitPro/libctru/lib\libctru.a(svc.o)
                0x00000000001049ac                svcExitThread
 .text.svcSleepThread
                0x00000000001049b4        0x8 C:/devkitPro/libctru/lib\libctru.a(svc.o)
                0x00000000001049b4                svcSleepThread
 .text.svcReleaseMutex
                0x00000000001049bc        0x8 C:/devkitPro/libctru/lib\libctru.a(svc.o)
                0x00000000001049bc                svcReleaseMutex
 .text.svcCreateEvent
                0x00000000001049c4       0x14 C:/devkitPro/libctru/lib\libctru.a(svc.o)
                0x00000000001049c4                svcCreateEvent
 .text.svcSignalEvent
                0x00000000001049d8        0x8 C:/devkitPro/libctru/lib\libctru.a(svc.o)
                0x00000000001049d8                svcSignalEvent
 .text.svcClearEvent
                0x00000000001049e0        0x8 C:/devkitPro/libctru/lib\libctru.a(svc.o)
                0x00000000001049e0                svcClearEvent
 .text.svcMapMemoryBlock
                0x00000000001049e8        0x8 C:/devkitPro/libctru/lib\libctru.a(svc.o)
                0x00000000001049e8                svcMapMemoryBlock
 .text.svcUnmapMemoryBlock
                0x00000000001049f0        0x8 C:/devkitPro/libctru/lib\libctru.a(svc.o)
                0x00000000001049f0                svcUnmapMemoryBlock
 .text.svcCreateAddressArbiter
                0x00000000001049f8       0x14 C:/devkitPro/libctru/lib\libctru.a(svc.o)
                0x00000000001049f8                svcCreateAddressArbiter
 .text.svcArbitrateAddress
                0x0000000000104a0c       0x18 C:/devkitPro/libctru/lib\libctru.a(svc.o)
                0x0000000000104a0c                svcArbitrateAddress
 .text.svcCloseHandle
                0x0000000000104a24        0x8 C:/devkitPro/libctru/lib\libctru.a(svc.o)
                0x0000000000104a24                svcCloseHandle
 .text.svcWaitSynchronization
                0x0000000000104a2c        0x8 C:/devkitPro/libctru/lib\libctru.a(svc.o)
                0x0000000000104a2c                svcWaitSynchronization
 .text.svcWaitSynchronizationN
                0x0000000000104a34       0x28 C:/devkitPro/libctru/lib\libctru.a(svc.o)
                0x0000000000104a34                svcWaitSynchronizationN
 .text.svcDuplicateHandle
                0x0000000000104a5c       0x14 C:/devkitPro/libctru/lib\libctru.a(svc.o)
                0x0000000000104a5c                svcDuplicateHandle
 .text.svcGetSystemTick
                0x0000000000104a70        0x8 C:/devkitPro/libctru/lib\libctru.a(svc.o)
                0x0000000000104a70                svcGetSystemTick
 .text.svcGetSystemInfo
                0x0000000000104a78       0x18 C:/devkitPro/libctru/lib\libctru.a(svc.o)
                0x0000000000104a78                svcGetSystemInfo
 .text.svcConnectToPort
                0x0000000000104a90       0x14 C:/devkitPro/libctru/lib\libctru.a(svc.o)
                0x0000000000104a90                svcConnectToPort
 .text.svcSendSyncRequest
                0x0000000000104aa4        0x8 C:/devkitPro/libctru/lib\libctru.a(svc.o)
                0x0000000000104aa4                svcSendSyncRequest
 .text.svcBreak
                0x0000000000104aac        0x8 C:/devkitPro/libctru/lib\libctru.a(svc.o)
                0x0000000000104aac                svcBreak
 .text._ZL21addrMapNodeComparatorPK11rbtree_nodeS1_
                0x0000000000104ab4       0x24 C:/devkitPro/libctru/lib\libctru.a(vram.o)
 .text._ZL21addrMapNodeDestructorP11rbtree_node
                0x0000000000104ad8        0x4 C:/devkitPro/libctru/lib\libctru.a(vram.o)
 .text.vramMemAlign
                0x0000000000104adc      0x114 C:/devkitPro/libctru/lib\libctru.a(vram.o)
                0x0000000000104adc                vramMemAlign
 .text.vramAlloc
                0x0000000000104bf0        0x8 C:/devkitPro/libctru/lib\libctru.a(vram.o)
                0x0000000000104bf0                vramAlloc
 .text.vramFree
                0x0000000000104bf8       0x54 C:/devkitPro/libctru/lib\libctru.a(vram.o)
                0x0000000000104bf8                vramFree
 .text._ZL21addrMapNodeComparatorPK11rbtree_nodeS1_
                0x0000000000104c4c       0x24 C:/devkitPro/libctru/lib\libctru.a(mappable.o)
 .text._ZL21addrMapNodeDestructorP11rbtree_node
                0x0000000000104c70        0x4 C:/devkitPro/libctru/lib\libctru.a(mappable.o)
 .text.mappableAlloc
                0x0000000000104c74       0xe8 C:/devkitPro/libctru/lib\libctru.a(mappable.o)
                0x0000000000104c74                mappableAlloc
 .text.mappableFree
                0x0000000000104d5c       0x54 C:/devkitPro/libctru/lib\libctru.a(mappable.o)
                0x0000000000104d5c                mappableFree
 .text._ZL21addrMapNodeComparatorPK11rbtree_nodeS1_
                0x0000000000104db0       0x24 C:/devkitPro/libctru/lib\libctru.a(linear.o)
 .text._ZL21addrMapNodeDestructorP11rbtree_node
                0x0000000000104dd4        0x4 C:/devkitPro/libctru/lib\libctru.a(linear.o)
 .text.linearMemAlign
                0x0000000000104dd8      0x124 C:/devkitPro/libctru/lib\libctru.a(linear.o)
                0x0000000000104dd8                linearMemAlign
 .text.linearAlloc
                0x0000000000104efc        0x8 C:/devkitPro/libctru/lib\libctru.a(linear.o)
                0x0000000000104efc                linearAlloc
 .text.linearFree
                0x0000000000104f04       0x54 C:/devkitPro/libctru/lib\libctru.a(linear.o)
                0x0000000000104f04                linearFree
 .text._ZN7MemPool13CoalesceRightEP8MemBlock
                0x0000000000104f58       0x8c C:/devkitPro/libctru/lib\libctru.a(mem_pool.o)
                0x0000000000104f58                MemPool::CoalesceRight(MemBlock*)
 .text._ZN7MemPool8AllocateER8MemChunkmi
                0x0000000000104fe4      0x174 C:/devkitPro/libctru/lib\libctru.a(mem_pool.o)
                0x0000000000104fe4                MemPool::Allocate(MemChunk&, unsigned long, int)
 .text._ZN7MemPool10DeallocateERK8MemChunk
                0x0000000000105158       0xfc C:/devkitPro/libctru/lib\libctru.a(mem_pool.o)
                0x0000000000105158                MemPool::Deallocate(MemChunk const&)
 .text.LightLock_Unlock.part.0
                0x0000000000105254       0x38 C:/devkitPro/libctru/lib\libctru.a(synchronization.o)
 .text.__sync_init
                0x000000000010528c        0xc C:/devkitPro/libctru/lib\libctru.a(synchronization.o)
                0x000000000010528c                __sync_init
 .text.__sync_fini
                0x0000000000105298       0x18 C:/devkitPro/libctru/lib\libctru.a(synchronization.o)
                0x0000000000105298                __sync_fini
 .text.__sync_get_arbiter
                0x00000000001052b0       0x10 C:/devkitPro/libctru/lib\libctru.a(synchronization.o)
                0x00000000001052b0                __sync_get_arbiter
 .text.LightLock_Init
                0x00000000001052c0       0x18 C:/devkitPro/libctru/lib\libctru.a(synchronization.o)
                0x00000000001052c0                LightLock_Init
 .text.LightLock_Lock
                0x00000000001052d8       0x90 C:/devkitPro/libctru/lib\libctru.a(synchronization.o)
                0x00000000001052d8                LightLock_Lock
 .text.LightLock_TryLock
                0x0000000000105368       0x34 C:/devkitPro/libctru/lib\libctru.a(synchronization.o)
                0x0000000000105368                LightLock_TryLock
 .text.LightLock_Unlock
                0x000000000010539c       0x20 C:/devkitPro/libctru/lib\libctru.a(synchronization.o)
                0x000000000010539c                LightLock_Unlock
 .text.RecursiveLock_Init
                0x00000000001053bc       0x24 C:/devkitPro/libctru/lib\libctru.a(synchronization.o)
                0x00000000001053bc                RecursiveLock_Init
 .text.RecursiveLock_Lock
                0x00000000001053e0       0x30 C:/devkitPro/libctru/lib\libctru.a(synchronization.o)
                0x00000000001053e0                RecursiveLock_Lock
 .text.RecursiveLock_TryLock
                0x0000000000105410       0x58 C:/devkitPro/libctru/lib\libctru.a(synchronization.o)
                0x0000000000105410                RecursiveLock_TryLock
 .text.RecursiveLock_Unlock
                0x0000000000105468       0x38 C:/devkitPro/libctru/lib\libctru.a(synchronization.o)
                0x0000000000105468                RecursiveLock_Unlock
 .text.LightEvent_Init
                0x00000000001054a0       0x38 C:/devkitPro/libctru/lib\libctru.a(synchronization.o)
                0x00000000001054a0                LightEvent_Init
 .text.LightEvent_Clear
                0x00000000001054d8       0x7c C:/devkitPro/libctru/lib\libctru.a(synchronization.o)
                0x00000000001054d8                LightEvent_Clear
 .text.LightEvent_Signal
                0x0000000000105554       0xdc C:/devkitPro/libctru/lib\libctru.a(synchronization.o)
                0x0000000000105554                LightEvent_Signal
 .text.LightEvent_Wait
                0x0000000000105630       0xc0 C:/devkitPro/libctru/lib\libctru.a(synchronization.o)
                0x0000000000105630                LightEvent_Wait
 .text.getSysTime
                0x00000000001056f0       0x58 C:/devkitPro/libctru/lib\libctru.a(os.o)
 .text.__ctru_speedup_config.part.0
                0x0000000000105748       0x28 C:/devkitPro/libctru/lib\libctru.a(os.o)
 .text.osGetMemRegionUsed
                0x0000000000105770       0x24 C:/devkitPro/libctru/lib\libctru.a(os.o)
                0x0000000000105770                osGetMemRegionUsed
 *fill*         0x0000000000105794        0x4 
 .text.__libctru_gtod
                0x0000000000105798      0x128 C:/devkitPro/libctru/lib\libctru.a(os.o)
                0x0000000000105798                __libctru_gtod
 .text.__ctru_speedup_config
                0x00000000001058c0       0x18 C:/devkitPro/libctru/lib\libctru.a(os.o)
                0x00000000001058c0                __ctru_speedup_config
 .text.srvExit  0x00000000001058d8       0x58 C:/devkitPro/libctru/lib\libctru.a(srv.o)
                0x00000000001058d8                srvExit
 .text.srvRegisterClient
                0x0000000000105930       0x38 C:/devkitPro/libctru/lib\libctru.a(srv.o)
                0x0000000000105930                srvRegisterClient
 .text.srvInit  0x0000000000105968       0xcc C:/devkitPro/libctru/lib\libctru.a(srv.o)
                0x0000000000105968                srvInit
 .text.srvGetServiceHandleDirect
                0x0000000000105a34       0x80 C:/devkitPro/libctru/lib\libctru.a(srv.o)
                0x0000000000105a34                srvGetServiceHandleDirect
 .text.srvGetServiceHandle
                0x0000000000105ab4       0x48 C:/devkitPro/libctru/lib\libctru.a(srv.o)
                0x0000000000105ab4                srvGetServiceHandle
 .text.threadFree.part.0
                0x0000000000105afc       0x1c C:/devkitPro/libctru/lib\libctru.a(thread.o)
 .text.threadCreate
                0x0000000000105b18      0x180 C:/devkitPro/libctru/lib\libctru.a(thread.o)
                0x0000000000105b18                threadCreate
 .text.threadJoin
                0x0000000000105c98       0x24 C:/devkitPro/libctru/lib\libctru.a(thread.o)
                0x0000000000105c98                threadJoin
 .text.threadExit
                0x0000000000105cbc       0x68 C:/devkitPro/libctru/lib\libctru.a(thread.o)
                0x0000000000105cbc                threadExit
 .text._thread_begin
                0x0000000000105d24       0x48 C:/devkitPro/libctru/lib\libctru.a(thread.o)
 .text.irrstScanInput
                0x0000000000105d6c       0xac C:/devkitPro/libctru/lib\libctru.a(irrst.o)
                0x0000000000105d6c                irrstScanInput
 .text.irrstKeysHeld
                0x0000000000105e18       0x24 C:/devkitPro/libctru/lib\libctru.a(irrst.o)
                0x0000000000105e18                irrstKeysHeld
 .text.IRRST_GetHandles
                0x0000000000105e3c       0x50 C:/devkitPro/libctru/lib\libctru.a(irrst.o)
                0x0000000000105e3c                IRRST_GetHandles
 .text.irrstInit
                0x0000000000105e8c      0x154 C:/devkitPro/libctru/lib\libctru.a(irrst.o)
                0x0000000000105e8c                irrstInit
 .text.IRRST_Shutdown
                0x0000000000105fe0       0x2c C:/devkitPro/libctru/lib\libctru.a(irrst.o)
                0x0000000000105fe0                IRRST_Shutdown
 .text.irrstExit
                0x000000000010600c       0xac C:/devkitPro/libctru/lib\libctru.a(irrst.o)
                0x000000000010600c                irrstExit
 .text.srvPmGetSessionHandle
                0x00000000001060b8        0xc C:/devkitPro/libctru/lib\libctru.a(srvpm.o)
                0x00000000001060b8                srvPmGetSessionHandle
 .text.ptmSysmInit
                0x00000000001060c4       0x74 C:/devkitPro/libctru/lib\libctru.a(ptmsysm.o)
                0x00000000001060c4                ptmSysmInit
 .text.ptmSysmExit
                0x0000000000106138       0x3c C:/devkitPro/libctru/lib\libctru.a(ptmsysm.o)
                0x0000000000106138                ptmSysmExit
 .text.PTMSYSM_ConfigureNew3DSCPU
                0x0000000000106174       0x34 C:/devkitPro/libctru/lib\libctru.a(ptmsysm.o)
                0x0000000000106174                PTMSYSM_ConfigureNew3DSCPU
 .text.rbtree_init
                0x00000000001061a8       0x14 C:/devkitPro/libctru/lib\libctru.a(rbtree_init.o)
                0x00000000001061a8                rbtree_init
 .text.do_insert
                0x00000000001061bc      0x1a4 C:/devkitPro/libctru/lib\libctru.a(rbtree_insert.o)
 .text.rbtree_insert
                0x0000000000106360        0x8 C:/devkitPro/libctru/lib\libctru.a(rbtree_insert.o)
                0x0000000000106360                rbtree_insert
 .text.rbtree_rotate
                0x0000000000106368       0x90 C:/devkitPro/libctru/lib\libctru.a(rbtree_rotate.o)
                0x0000000000106368                rbtree_rotate
 .text.rbtree_remove
                0x00000000001063f8      0x334 C:/devkitPro/libctru/lib\libctru.a(rbtree_remove.o)
                0x00000000001063f8                rbtree_remove
 .text.rbtree_find
                0x000000000010672c       0x74 C:/devkitPro/libctru/lib\libctru.a(rbtree_find.o)
                0x000000000010672c                rbtree_find
 .text.__appInit
                0x00000000001067a0       0x1c C:/devkitPro/libctru/lib\libctru.a(appInit.o)
                0x00000000001067a0                __appInit
 .text.__appExit
                0x00000000001067bc       0x1c C:/devkitPro/libctru/lib\libctru.a(appExit.o)
                0x00000000001067bc                __appExit
 .text.__libctru_exit
                0x00000000001067d8       0xa0 C:/devkitPro/libctru/lib\libctru.a(ctru_exit.o)
                0x00000000001067d8                __libctru_exit
 .text.envGetHandle
                0x0000000000106878       0x84 C:/devkitPro/libctru/lib\libctru.a(env.o)
                0x0000000000106878                envGetHandle
 .text.envDestroyHandles
                0x00000000001068fc       0x4c C:/devkitPro/libctru/lib\libctru.a(env.o)
                0x00000000001068fc                envDestroyHandles
 .text.sdmc_link
                0x0000000000106948       0x14 C:/devkitPro/libctru/lib\libctru.a(sdmc_dev.o)
 .text.sdmc_dirreset
                0x000000000010695c       0x14 C:/devkitPro/libctru/lib\libctru.a(sdmc_dev.o)
 .text.sdmc_chmod
                0x0000000000106970       0x14 C:/devkitPro/libctru/lib\libctru.a(sdmc_dev.o)
 .text.error_cmp
                0x0000000000106984       0x24 C:/devkitPro/libctru/lib\libctru.a(sdmc_dev.o)
 .text.sdmc_translate_error
                0x00000000001069a8       0x50 C:/devkitPro/libctru/lib\libctru.a(sdmc_dev.o)
 .text.sdmc_fsync
                0x00000000001069f8       0x34 C:/devkitPro/libctru/lib\libctru.a(sdmc_dev.o)
 .text.sdmc_ftruncate
                0x0000000000106a2c       0x54 C:/devkitPro/libctru/lib\libctru.a(sdmc_dev.o)
 .text.sdmc_statvfs
                0x0000000000106a80       0xbc C:/devkitPro/libctru/lib\libctru.a(sdmc_dev.o)
 .text.sdmc_dirclose
                0x0000000000106b3c       0x38 C:/devkitPro/libctru/lib\libctru.a(sdmc_dev.o)
 .text.sdmc_dirnext
                0x0000000000106b74      0x13c C:/devkitPro/libctru/lib\libctru.a(sdmc_dev.o)
 .text.sdmc_close
                0x0000000000106cb0       0x34 C:/devkitPro/libctru/lib\libctru.a(sdmc_dev.o)
 .text.sdmc_fstat
                0x0000000000106ce4       0x70 C:/devkitPro/libctru/lib\libctru.a(sdmc_dev.o)
 .text.sdmc_seek
                0x0000000000106d54       0xd4 C:/devkitPro/libctru/lib\libctru.a(sdmc_dev.o)
 .text.sdmc_read
                0x0000000000106e28       0x78 C:/devkitPro/libctru/lib\libctru.a(sdmc_dev.o)
 .text.sdmc_write
                0x0000000000106ea0       0xac C:/devkitPro/libctru/lib\libctru.a(sdmc_dev.o)
 .text.sdmc_utf16path
                0x0000000000106f4c      0x1b0 C:/devkitPro/libctru/lib\libctru.a(sdmc_dev.o)
 .text.sdmc_rmdir
                0x00000000001070fc       0x74 C:/devkitPro/libctru/lib\libctru.a(sdmc_dev.o)
 .text.sdmc_diropen
                0x0000000000107170       0xa4 C:/devkitPro/libctru/lib\libctru.a(sdmc_dev.o)
 .text.sdmc_chdir
                0x0000000000107214       0xac C:/devkitPro/libctru/lib\libctru.a(sdmc_dev.o)
 .text.sdmc_mkdir
                0x00000000001072c0       0x98 C:/devkitPro/libctru/lib\libctru.a(sdmc_dev.o)
 .text.sdmc_rename
                0x0000000000107358      0x108 C:/devkitPro/libctru/lib\libctru.a(sdmc_dev.o)
 .text.sdmc_unlink
                0x0000000000107460       0x74 C:/devkitPro/libctru/lib\libctru.a(sdmc_dev.o)
 .text.sdmc_stat
                0x00000000001074d4      0x108 C:/devkitPro/libctru/lib\libctru.a(sdmc_dev.o)
 .text.sdmc_open
                0x00000000001075dc      0x198 C:/devkitPro/libctru/lib\libctru.a(sdmc_dev.o)
 .text.sdmc_fchmod
                0x0000000000107774       0x14 C:/devkitPro/libctru/lib\libctru.a(sdmc_dev.o)
 .text.sdmcInit
                0x0000000000107788      0x168 C:/devkitPro/libctru/lib\libctru.a(sdmc_dev.o)
                0x0000000000107788                sdmcInit
 .text.sdmcExit
                0x00000000001078f0       0x60 C:/devkitPro/libctru/lib\libctru.a(sdmc_dev.o)
                0x00000000001078f0                sdmcExit
 .text.fsSessionForArchive.part.0
                0x0000000000107950       0x28 C:/devkitPro/libctru/lib\libctru.a(fs.o)
 .text.fsInit   0x0000000000107978       0xc4 C:/devkitPro/libctru/lib\libctru.a(fs.o)
                0x0000000000107978                fsInit
 .text.fsExit   0x0000000000107a3c       0x3c C:/devkitPro/libctru/lib\libctru.a(fs.o)
                0x0000000000107a3c                fsExit
 .text.fsExemptFromSession
                0x0000000000107a78       0x64 C:/devkitPro/libctru/lib\libctru.a(fs.o)
                0x0000000000107a78                fsExemptFromSession
 .text.fsUnexemptFromSession
                0x0000000000107adc       0x5c C:/devkitPro/libctru/lib\libctru.a(fs.o)
                0x0000000000107adc                fsUnexemptFromSession
 .text.FSUSER_OpenFile
                0x0000000000107b38       0xbc C:/devkitPro/libctru/lib\libctru.a(fs.o)
                0x0000000000107b38                FSUSER_OpenFile
 .text.FSUSER_DeleteFile
                0x0000000000107bf4       0xac C:/devkitPro/libctru/lib\libctru.a(fs.o)
                0x0000000000107bf4                FSUSER_DeleteFile
 .text.FSUSER_RenameFile
                0x0000000000107ca0       0xe8 C:/devkitPro/libctru/lib\libctru.a(fs.o)
                0x0000000000107ca0                FSUSER_RenameFile
 .text.FSUSER_DeleteDirectory
                0x0000000000107d88       0xac C:/devkitPro/libctru/lib\libctru.a(fs.o)
                0x0000000000107d88                FSUSER_DeleteDirectory
 .text.FSUSER_CreateFile
                0x0000000000107e34       0xc4 C:/devkitPro/libctru/lib\libctru.a(fs.o)
                0x0000000000107e34                FSUSER_CreateFile
 .text.FSUSER_CreateDirectory
                0x0000000000107ef8       0xb4 C:/devkitPro/libctru/lib\libctru.a(fs.o)
                0x0000000000107ef8                FSUSER_CreateDirectory
 .text.FSUSER_RenameDirectory
                0x0000000000107fac       0xe8 C:/devkitPro/libctru/lib\libctru.a(fs.o)
                0x0000000000107fac                FSUSER_RenameDirectory
 .text.FSUSER_OpenDirectory
                0x0000000000108094       0xa0 C:/devkitPro/libctru/lib\libctru.a(fs.o)
                0x0000000000108094                FSUSER_OpenDirectory
 .text.FSUSER_OpenArchive
                0x0000000000108134       0x98 C:/devkitPro/libctru/lib\libctru.a(fs.o)
                0x0000000000108134                FSUSER_OpenArchive
 .text.FSUSER_CloseArchive
                0x00000000001081cc       0x78 C:/devkitPro/libctru/lib\libctru.a(fs.o)
                0x00000000001081cc                FSUSER_CloseArchive
 .text.FSUSER_GetSdmcArchiveResource
                0x0000000000108244       0x78 C:/devkitPro/libctru/lib\libctru.a(fs.o)
                0x0000000000108244                FSUSER_GetSdmcArchiveResource
 .text.FSUSER_IsSdmcWritable
                0x00000000001082bc       0x64 C:/devkitPro/libctru/lib\libctru.a(fs.o)
                0x00000000001082bc                FSUSER_IsSdmcWritable
 .text.FSFILE_Read
                0x0000000000108320       0x5c C:/devkitPro/libctru/lib\libctru.a(fs.o)
                0x0000000000108320                FSFILE_Read
 .text.FSFILE_Write
                0x000000000010837c       0x64 C:/devkitPro/libctru/lib\libctru.a(fs.o)
                0x000000000010837c                FSFILE_Write
 .text.FSFILE_GetSize
                0x00000000001083e0       0x38 C:/devkitPro/libctru/lib\libctru.a(fs.o)
                0x00000000001083e0                FSFILE_GetSize
 .text.FSFILE_SetSize
                0x0000000000108418       0x28 C:/devkitPro/libctru/lib\libctru.a(fs.o)
                0x0000000000108418                FSFILE_SetSize
 .text.FSFILE_Close
                0x0000000000108440       0x3c C:/devkitPro/libctru/lib\libctru.a(fs.o)
                0x0000000000108440                FSFILE_Close
 .text.FSFILE_Flush
                0x000000000010847c       0x24 C:/devkitPro/libctru/lib\libctru.a(fs.o)
                0x000000000010847c                FSFILE_Flush
 .text.FSDIR_Read
                0x00000000001084a0       0x54 C:/devkitPro/libctru/lib\libctru.a(fs.o)
                0x00000000001084a0                FSDIR_Read
 .text.FSDIR_Close
                0x00000000001084f4       0x3c C:/devkitPro/libctru/lib\libctru.a(fs.o)
                0x00000000001084f4                FSDIR_Close
 .text.rbtree_node_next
                0x0000000000108530       0x50 C:/devkitPro/libctru/lib\libctru.a(rbtree_iterator.o)
                0x0000000000108530                rbtree_node_next
 .text.utf16_to_utf8
                0x0000000000108580       0xe8 C:/devkitPro/libctru/lib\libctru.a(utf16_to_utf8.o)
                0x0000000000108580                utf16_to_utf8
 .text.decode_utf16
                0x0000000000108668       0x60 C:/devkitPro/libctru/lib\libctru.a(decode_utf16.o)
                0x0000000000108668                decode_utf16
 .text.decode_utf8
                0x00000000001086c8      0x138 C:/devkitPro/libctru/lib\libctru.a(decode_utf8.o)
                0x00000000001086c8                decode_utf8
 .text.utf8_to_utf16
                0x0000000000108800       0xc0 C:/devkitPro/libctru/lib\libctru.a(utf8_to_utf16.o)
                0x0000000000108800                utf8_to_utf16
 .text.__aeabi_read_tp
                0x00000000001088c0        0xc C:/devkitPro/libctru/lib\libctru.a(readtp.o)
                0x00000000001088c0                __aeabi_read_tp
 .text.encode_utf16
                0x00000000001088cc       0x68 C:/devkitPro/libctru/lib\libctru.a(encode_utf16.o)
                0x00000000001088cc                encode_utf16
 .text.encode_utf8
                0x0000000000108934      0x104 C:/devkitPro/libctru/lib\libctru.a(encode_utf8.o)
                0x0000000000108934                encode_utf8
 .text.__fixdfdi
                0x0000000000108a38       0x38 c:/devkitpro/devkitarm/bin/../lib/gcc/arm-none-eabi/9.1.0/armv6k/fpu\libgcc.a(_fixdfdi.o)
                0x0000000000108a38                __fixdfdi
                0x0000000000108a38                __aeabi_d2lz
 .text.__fixunsdfdi
                0x0000000000108a70       0x40 c:/devkitpro/devkitarm/bin/../lib/gcc/arm-none-eabi/9.1.0/armv6k/fpu\libgcc.a(_fixunsdfdi.o)
                0x0000000000108a70                __fixunsdfdi
                0x0000000000108a70                __aeabi_d2ulz
 .text.__udivmoddi4
                0x0000000000108ab0      0x130 c:/devkitpro/devkitarm/bin/../lib/gcc/arm-none-eabi/9.1.0/armv6k/fpu\libgcc.a(_udivmoddi4.o)
                0x0000000000108ab0                __udivmoddi4
 .text.bsearch  0x0000000000108be0       0x7c c:/devkitpro/devkitarm/bin/../lib/gcc/arm-none-eabi/9.1.0/../../../../arm-none-eabi/lib/armv6k/fpu\libg.a(lib_a-bsearch.o)
                0x0000000000108be0                bsearch
 .text.exit     0x0000000000108c5c       0x34 c:/devkitpro/devkitarm/bin/../lib/gcc/arm-none-eabi/9.1.0/../../../../arm-none-eabi/lib/armv6k/fpu\libg.a(lib_a-exit.o)
                0x0000000000108c5c                exit
 .text.__libc_fini_array
                0x0000000000108c90       0x3c c:/devkitpro/devkitarm/bin/../lib/gcc/arm-none-eabi/9.1.0/../../../../arm-none-eabi/lib/armv6k/fpu\libg.a(lib_a-fini.o)
                0x0000000000108c90                __libc_fini_array
 .text.__libc_init_array
                0x0000000000108ccc       0x7c c:/devkitpro/devkitarm/bin/../lib/gcc/arm-none-eabi/9.1.0/../../../../arm-none-eabi/lib/armv6k/fpu\libg.a(lib_a-init.o)
                0x0000000000108ccc                __libc_init_array
 .text.memalign
                0x0000000000108d48       0x28 c:/devkitpro/devkitarm/bin/../lib/gcc/arm-none-eabi/9.1.0/../../../../arm-none-eabi/lib/armv6k/fpu\libg.a(lib_a-malign.o)
                0x0000000000108d48                memalign
 .text._memalign_r
                0x0000000000108d70      0x14c c:/devkitpro/devkitarm/bin/../lib/gcc/arm-none-eabi/9.1.0/../../../../arm-none-eabi/lib/armv6k/fpu\libg.a(lib_a-malignr.o)
                0x0000000000108d70                _memalign_r
 .text.malloc   0x0000000000108ebc       0x20 c:/devkitpro/devkitarm/bin/../lib/gcc/arm-none-eabi/9.1.0/../../../../arm-none-eabi/lib/armv6k/fpu\libg.a(lib_a-malloc.o)
                0x0000000000108ebc                malloc
 .text.free     0x0000000000108edc       0x20 c:/devkitpro/devkitarm/bin/../lib/gcc/arm-none-eabi/9.1.0/../../../../arm-none-eabi/lib/armv6k/fpu\libg.a(lib_a-malloc.o)
                0x0000000000108edc                free
 .text._malloc_r
                0x0000000000108efc      0x7d0 c:/devkitpro/devkitarm/bin/../lib/gcc/arm-none-eabi/9.1.0/../../../../arm-none-eabi/lib/armv6k/fpu\libg.a(lib_a-mallocr.o)
                0x0000000000108efc                _malloc_r
 .text.memchr   0x00000000001096cc       0xe0 c:/devkitpro/devkitarm/bin/../lib/gcc/arm-none-eabi/9.1.0/../../../../arm-none-eabi/lib/armv6k/fpu\libg.a(lib_a-memchr-stub.o)
                0x00000000001096cc                memchr
 .text.memcpy   0x00000000001097ac      0x120 c:/devkitpro/devkitarm/bin/../lib/gcc/arm-none-eabi/9.1.0/../../../../arm-none-eabi/lib/armv6k/fpu\libg.a(lib_a-memcpy-stub.o)
                0x00000000001097ac                memcpy
 .text.memset   0x00000000001098cc      0x118 c:/devkitpro/devkitarm/bin/../lib/gcc/arm-none-eabi/9.1.0/../../../../arm-none-eabi/lib/armv6k/fpu\libg.a(lib_a-memset.o)
                0x00000000001098cc                memset
 .text.__malloc_lock
                0x00000000001099e4        0xc c:/devkitpro/devkitarm/bin/../lib/gcc/arm-none-eabi/9.1.0/../../../../arm-none-eabi/lib/armv6k/fpu\libg.a(lib_a-mlock.o)
                0x00000000001099e4                __malloc_lock
 .text.__malloc_unlock
                0x00000000001099f0        0xc c:/devkitpro/devkitarm/bin/../lib/gcc/arm-none-eabi/9.1.0/../../../../arm-none-eabi/lib/armv6k/fpu\libg.a(lib_a-mlock.o)
                0x00000000001099f0                __malloc_unlock
 .text.printf   0x00000000001099fc       0x34 c:/devkitpro/devkitarm/bin/../lib/gcc/arm-none-eabi/9.1.0/../../../../arm-none-eabi/lib/armv6k/fpu\libg.a(lib_a-printf.o)
                0x00000000001099fc                printf
 .text.putchar  0x0000000000109a30       0x24 c:/devkitpro/devkitarm/bin/../lib/gcc/arm-none-eabi/9.1.0/../../../../arm-none-eabi/lib/armv6k/fpu\libg.a(lib_a-putchar.o)
                0x0000000000109a30                putchar
 .text._putc_r  0x0000000000109a54       0xdc c:/devkitpro/devkitarm/bin/../lib/gcc/arm-none-eabi/9.1.0/../../../../arm-none-eabi/lib/armv6k/fpu\libg.a(lib_a-putc.o)
                0x0000000000109a54                _putc_r
 .text._puts_r  0x0000000000109b30       0xe0 c:/devkitpro/devkitarm/bin/../lib/gcc/arm-none-eabi/9.1.0/../../../../arm-none-eabi/lib/armv6k/fpu\libg.a(lib_a-puts.o)
                0x0000000000109b30                _puts_r
 .text.puts     0x0000000000109c10       0x20 c:/devkitpro/devkitarm/bin/../lib/gcc/arm-none-eabi/9.1.0/../../../../arm-none-eabi/lib/armv6k/fpu\libg.a(lib_a-puts.o)
                0x0000000000109c10                puts
 .text.setvbuf  0x0000000000109c30      0x260 c:/devkitpro/devkitarm/bin/../lib/gcc/arm-none-eabi/9.1.0/../../../../arm-none-eabi/lib/armv6k/fpu\libg.a(lib_a-setvbuf.o)
                0x0000000000109c30                setvbuf
 .text.sscanf   0x0000000000109e90       0x74 c:/devkitpro/devkitarm/bin/../lib/gcc/arm-none-eabi/9.1.0/../../../../arm-none-eabi/lib/armv6k/fpu\libg.a(lib_a-sscanf.o)
                0x0000000000109e90                sscanf
 .text.__sread  0x0000000000109f04       0x3c c:/devkitpro/devkitarm/bin/../lib/gcc/arm-none-eabi/9.1.0/../../../../arm-none-eabi/lib/armv6k/fpu\libg.a(lib_a-stdio.o)
                0x0000000000109f04                __sread
 .text.__seofread
                0x0000000000109f40        0x8 c:/devkitpro/devkitarm/bin/../lib/gcc/arm-none-eabi/9.1.0/../../../../arm-none-eabi/lib/armv6k/fpu\libg.a(lib_a-stdio.o)
                0x0000000000109f40                __seofread
 .text.__swrite
                0x0000000000109f48       0x68 c:/devkitpro/devkitarm/bin/../lib/gcc/arm-none-eabi/9.1.0/../../../../arm-none-eabi/lib/armv6k/fpu\libg.a(lib_a-stdio.o)
                0x0000000000109f48                __swrite
 .text.__sseek  0x0000000000109fb0       0x58 c:/devkitpro/devkitarm/bin/../lib/gcc/arm-none-eabi/9.1.0/../../../../arm-none-eabi/lib/armv6k/fpu\libg.a(lib_a-stdio.o)
                0x0000000000109fb0                __sseek
 .text.__sclose
                0x000000000010a008        0x8 c:/devkitpro/devkitarm/bin/../lib/gcc/arm-none-eabi/9.1.0/../../../../arm-none-eabi/lib/armv6k/fpu\libg.a(lib_a-stdio.o)
                0x000000000010a008                __sclose
 .text.strlen   0x000000000010a010       0x5c c:/devkitpro/devkitarm/bin/../lib/gcc/arm-none-eabi/9.1.0/../../../../arm-none-eabi/lib/armv6k/fpu\libg.a(lib_a-strlen-stub.o)
                0x000000000010a010                strlen
 .text.strncat  0x000000000010a06c       0x98 c:/devkitpro/devkitarm/bin/../lib/gcc/arm-none-eabi/9.1.0/../../../../arm-none-eabi/lib/armv6k/fpu\libg.a(lib_a-strncat.o)
                0x000000000010a06c                strncat
 .text.strncpy  0x000000000010a104       0xc0 c:/devkitpro/devkitarm/bin/../lib/gcc/arm-none-eabi/9.1.0/../../../../arm-none-eabi/lib/armv6k/fpu\libg.a(lib_a-strncpy.o)
                0x000000000010a104                strncpy
 .text.strnlen  0x000000000010a1c4       0x48 c:/devkitpro/devkitarm/bin/../lib/gcc/arm-none-eabi/9.1.0/../../../../arm-none-eabi/lib/armv6k/fpu\libg.a(lib_a-strnlen.o)
                0x000000000010a1c4                strnlen
 .text.get_arg  0x000000000010a20c       0x48 c:/devkitpro/devkitarm/bin/../lib/gcc/arm-none-eabi/9.1.0/../../../../arm-none-eabi/lib/armv6k/fpu\libg.a(lib_a-svfscanf.o)
 .text.__ssvfscanf_r
                0x000000000010a254     0x2b84 c:/devkitpro/devkitarm/bin/../lib/gcc/arm-none-eabi/9.1.0/../../../../arm-none-eabi/lib/armv6k/fpu\libg.a(lib_a-svfscanf.o)
                0x000000000010a254                __ssvfscanf_r
 .text.__sprint_r
                0x000000000010cdd8       0x34 c:/devkitpro/devkitarm/bin/../lib/gcc/arm-none-eabi/9.1.0/../../../../arm-none-eabi/lib/armv6k/fpu\libg.a(lib_a-vfiprintf.o)
                0x000000000010cdd8                __sprint_r
 .text.get_arg  0x000000000010ce0c      0x650 c:/devkitpro/devkitarm/bin/../lib/gcc/arm-none-eabi/9.1.0/../../../../arm-none-eabi/lib/armv6k/fpu\libg.a(lib_a-vfprintf.o)
 *fill*         0x000000000010d45c        0x4 
 .text._vfprintf_r
                0x000000000010d460     0x38e0 c:/devkitpro/devkitarm/bin/../lib/gcc/arm-none-eabi/9.1.0/../../../../arm-none-eabi/lib/armv6k/fpu\libg.a(lib_a-vfprintf.o)
                0x000000000010d460                _vfprintf_r
 .text.__sbprintf
                0x0000000000110d40       0xd4 c:/devkitpro/devkitarm/bin/../lib/gcc/arm-none-eabi/9.1.0/../../../../arm-none-eabi/lib/armv6k/fpu\libg.a(lib_a-vfprintf.o)
 .text.__swbuf_r
                0x0000000000110e14      0x108 c:/devkitpro/devkitarm/bin/../lib/gcc/arm-none-eabi/9.1.0/../../../../arm-none-eabi/lib/armv6k/fpu\libg.a(lib_a-wbuf.o)
                0x0000000000110e14                __swbuf_r
 .text._wcrtomb_r
                0x0000000000110f1c       0x54 c:/devkitpro/devkitarm/bin/../lib/gcc/arm-none-eabi/9.1.0/../../../../arm-none-eabi/lib/armv6k/fpu\libg.a(lib_a-wcrtomb.o)
                0x0000000000110f1c                _wcrtomb_r
 .text._wcsrtombs_r
                0x0000000000110f70       0x20 c:/devkitpro/devkitarm/bin/../lib/gcc/arm-none-eabi/9.1.0/../../../../arm-none-eabi/lib/armv6k/fpu\libg.a(lib_a-wcsrtombs.o)
                0x0000000000110f70                _wcsrtombs_r
 .text.__swsetup_r
                0x0000000000110f90      0x150 c:/devkitpro/devkitarm/bin/../lib/gcc/arm-none-eabi/9.1.0/../../../../arm-none-eabi/lib/armv6k/fpu\libg.a(lib_a-wsetup.o)
                0x0000000000110f90                __swsetup_r
 .text.__call_exitprocs
                0x00000000001110e0      0x118 c:/devkitpro/devkitarm/bin/../lib/gcc/arm-none-eabi/9.1.0/../../../../arm-none-eabi/lib/armv6k/fpu\libg.a(lib_a-__call_atexit.o)
                0x00000000001110e0                __call_exitprocs
 .text.quorem   0x00000000001111f8      0x1a8 c:/devkitpro/devkitarm/bin/../lib/gcc/arm-none-eabi/9.1.0/../../../../arm-none-eabi/lib/armv6k/fpu\libg.a(lib_a-dtoa.o)
 .text._dtoa_r  0x00000000001113a0     0x12ac c:/devkitpro/devkitarm/bin/../lib/gcc/arm-none-eabi/9.1.0/../../../../arm-none-eabi/lib/armv6k/fpu\libg.a(lib_a-dtoa.o)
                0x00000000001113a0                _dtoa_r
 .text.__sflush_r
                0x000000000011264c      0x278 c:/devkitpro/devkitarm/bin/../lib/gcc/arm-none-eabi/9.1.0/../../../../arm-none-eabi/lib/armv6k/fpu\libg.a(lib_a-fflush.o)
                0x000000000011264c                __sflush_r
 .text._fflush_r
                0x00000000001128c4       0x94 c:/devkitpro/devkitarm/bin/../lib/gcc/arm-none-eabi/9.1.0/../../../../arm-none-eabi/lib/armv6k/fpu\libg.a(lib_a-fflush.o)
                0x00000000001128c4                _fflush_r
 .text.std      0x0000000000112958       0x78 c:/devkitpro/devkitarm/bin/../lib/gcc/arm-none-eabi/9.1.0/../../../../arm-none-eabi/lib/armv6k/fpu\libg.a(lib_a-findfp.o)
 .text._cleanup_r
                0x00000000001129d0        0xc c:/devkitpro/devkitarm/bin/../lib/gcc/arm-none-eabi/9.1.0/../../../../arm-none-eabi/lib/armv6k/fpu\libg.a(lib_a-findfp.o)
                0x00000000001129d0                _cleanup_r
 .text.__sinit  0x00000000001129dc       0x8c c:/devkitpro/devkitarm/bin/../lib/gcc/arm-none-eabi/9.1.0/../../../../arm-none-eabi/lib/armv6k/fpu\libg.a(lib_a-findfp.o)
                0x00000000001129dc                __sinit
 .text.__sfp_lock_acquire
                0x0000000000112a68        0xc c:/devkitpro/devkitarm/bin/../lib/gcc/arm-none-eabi/9.1.0/../../../../arm-none-eabi/lib/armv6k/fpu\libg.a(lib_a-findfp.o)
                0x0000000000112a68                __sfp_lock_acquire
 .text.__sfp_lock_release
                0x0000000000112a74        0xc c:/devkitpro/devkitarm/bin/../lib/gcc/arm-none-eabi/9.1.0/../../../../arm-none-eabi/lib/armv6k/fpu\libg.a(lib_a-findfp.o)
                0x0000000000112a74                __sfp_lock_release
 .text._malloc_trim_r
                0x0000000000112a80       0xf8 c:/devkitpro/devkitarm/bin/../lib/gcc/arm-none-eabi/9.1.0/../../../../arm-none-eabi/lib/armv6k/fpu\libg.a(lib_a-freer.o)
                0x0000000000112a80                _malloc_trim_r
 .text._free_r  0x0000000000112b78      0x2e8 c:/devkitpro/devkitarm/bin/../lib/gcc/arm-none-eabi/9.1.0/../../../../arm-none-eabi/lib/armv6k/fpu\libg.a(lib_a-freer.o)
                0x0000000000112b78                _free_r
 .text.__sfvwrite_r
                0x0000000000112e60      0x4a4 c:/devkitpro/devkitarm/bin/../lib/gcc/arm-none-eabi/9.1.0/../../../../arm-none-eabi/lib/armv6k/fpu\libg.a(lib_a-fvwrite.o)
                0x0000000000112e60                __sfvwrite_r
 .text._fwalk_reent
                0x0000000000113304       0x70 c:/devkitpro/devkitarm/bin/../lib/gcc/arm-none-eabi/9.1.0/../../../../arm-none-eabi/lib/armv6k/fpu\libg.a(lib_a-fwalk.o)
                0x0000000000113304                _fwalk_reent
 .text.iswspace
                0x0000000000113374        0x8 c:/devkitpro/devkitarm/bin/../lib/gcc/arm-none-eabi/9.1.0/../../../../arm-none-eabi/lib/armv6k/fpu\libg.a(lib_a-iswspace.o)
                0x0000000000113374                iswspace
 .text._localeconv_r
                0x000000000011337c        0xc c:/devkitpro/devkitarm/bin/../lib/gcc/arm-none-eabi/9.1.0/../../../../arm-none-eabi/lib/armv6k/fpu\libg.a(lib_a-localeconv.o)
                0x000000000011337c                _localeconv_r
 .text.__locale_mb_cur_max
                0x0000000000113388       0x10 c:/devkitpro/devkitarm/bin/../lib/gcc/arm-none-eabi/9.1.0/../../../../arm-none-eabi/lib/armv6k/fpu\libg.a(lib_a-locale.o)
                0x0000000000113388                __locale_mb_cur_max
 .text.__swhatbuf_r
                0x0000000000113398       0x94 c:/devkitpro/devkitarm/bin/../lib/gcc/arm-none-eabi/9.1.0/../../../../arm-none-eabi/lib/armv6k/fpu\libg.a(lib_a-makebuf.o)
                0x0000000000113398                __swhatbuf_r
 .text.__smakebuf_r
                0x000000000011342c       0xf8 c:/devkitpro/devkitarm/bin/../lib/gcc/arm-none-eabi/9.1.0/../../../../arm-none-eabi/lib/armv6k/fpu\libg.a(lib_a-makebuf.o)
                0x000000000011342c                __smakebuf_r
 .text._mbrtowc_r
                0x0000000000113524       0x60 c:/devkitpro/devkitarm/bin/../lib/gcc/arm-none-eabi/9.1.0/../../../../arm-none-eabi/lib/armv6k/fpu\libg.a(lib_a-mbrtowc.o)
                0x0000000000113524                _mbrtowc_r
 .text.__utf8_mbtowc
                0x0000000000113584      0x2fc c:/devkitpro/devkitarm/bin/../lib/gcc/arm-none-eabi/9.1.0/../../../../arm-none-eabi/lib/armv6k/fpu\libg.a(lib_a-mbtowc_r.o)
                0x0000000000113584                __utf8_mbtowc
 .text.memmove  0x0000000000113880      0x154 c:/devkitpro/devkitarm/bin/../lib/gcc/arm-none-eabi/9.1.0/../../../../arm-none-eabi/lib/armv6k/fpu\libg.a(lib_a-memmove.o)
                0x0000000000113880                memmove
 .text._Balloc  0x00000000001139d4       0x88 c:/devkitpro/devkitarm/bin/../lib/gcc/arm-none-eabi/9.1.0/../../../../arm-none-eabi/lib/armv6k/fpu\libg.a(lib_a-mprec.o)
                0x00000000001139d4                _Balloc
 .text._Bfree   0x0000000000113a5c       0x1c c:/devkitpro/devkitarm/bin/../lib/gcc/arm-none-eabi/9.1.0/../../../../arm-none-eabi/lib/armv6k/fpu\libg.a(lib_a-mprec.o)
                0x0000000000113a5c                _Bfree
 .text.__multadd
                0x0000000000113a78       0xd0 c:/devkitpro/devkitarm/bin/../lib/gcc/arm-none-eabi/9.1.0/../../../../arm-none-eabi/lib/armv6k/fpu\libg.a(lib_a-mprec.o)
                0x0000000000113a78                __multadd
 .text.__s2b    0x0000000000113b48       0xec c:/devkitpro/devkitarm/bin/../lib/gcc/arm-none-eabi/9.1.0/../../../../arm-none-eabi/lib/armv6k/fpu\libg.a(lib_a-mprec.o)
                0x0000000000113b48                __s2b
 .text.__hi0bits
                0x0000000000113c34       0x58 c:/devkitpro/devkitarm/bin/../lib/gcc/arm-none-eabi/9.1.0/../../../../arm-none-eabi/lib/armv6k/fpu\libg.a(lib_a-mprec.o)
                0x0000000000113c34                __hi0bits
 .text.__lo0bits
                0x0000000000113c8c       0x9c c:/devkitpro/devkitarm/bin/../lib/gcc/arm-none-eabi/9.1.0/../../../../arm-none-eabi/lib/armv6k/fpu\libg.a(lib_a-mprec.o)
                0x0000000000113c8c                __lo0bits
 .text.__i2b    0x0000000000113d28       0x20 c:/devkitpro/devkitarm/bin/../lib/gcc/arm-none-eabi/9.1.0/../../../../arm-none-eabi/lib/armv6k/fpu\libg.a(lib_a-mprec.o)
                0x0000000000113d28                __i2b
 .text.__multiply
                0x0000000000113d48      0x1e0 c:/devkitpro/devkitarm/bin/../lib/gcc/arm-none-eabi/9.1.0/../../../../arm-none-eabi/lib/armv6k/fpu\libg.a(lib_a-mprec.o)
                0x0000000000113d48                __multiply
 .text.__pow5mult
                0x0000000000113f28      0x100 c:/devkitpro/devkitarm/bin/../lib/gcc/arm-none-eabi/9.1.0/../../../../arm-none-eabi/lib/armv6k/fpu\libg.a(lib_a-mprec.o)
                0x0000000000113f28                __pow5mult
 .text.__lshift
                0x0000000000114028      0x114 c:/devkitpro/devkitarm/bin/../lib/gcc/arm-none-eabi/9.1.0/../../../../arm-none-eabi/lib/armv6k/fpu\libg.a(lib_a-mprec.o)
                0x0000000000114028                __lshift
 .text.__mcmp   0x000000000011413c       0x58 c:/devkitpro/devkitarm/bin/../lib/gcc/arm-none-eabi/9.1.0/../../../../arm-none-eabi/lib/armv6k/fpu\libg.a(lib_a-mprec.o)
                0x000000000011413c                __mcmp
 .text.__mdiff  0x0000000000114194      0x190 c:/devkitpro/devkitarm/bin/../lib/gcc/arm-none-eabi/9.1.0/../../../../arm-none-eabi/lib/armv6k/fpu\libg.a(lib_a-mprec.o)
                0x0000000000114194                __mdiff
 .text.__ulp    0x0000000000114324       0x88 c:/devkitpro/devkitarm/bin/../lib/gcc/arm-none-eabi/9.1.0/../../../../arm-none-eabi/lib/armv6k/fpu\libg.a(lib_a-mprec.o)
                0x0000000000114324                __ulp
 .text.__b2d    0x00000000001143ac       0xd4 c:/devkitpro/devkitarm/bin/../lib/gcc/arm-none-eabi/9.1.0/../../../../arm-none-eabi/lib/armv6k/fpu\libg.a(lib_a-mprec.o)
                0x00000000001143ac                __b2d
 .text.__d2b    0x0000000000114480      0x104 c:/devkitpro/devkitarm/bin/../lib/gcc/arm-none-eabi/9.1.0/../../../../arm-none-eabi/lib/armv6k/fpu\libg.a(lib_a-mprec.o)
                0x0000000000114480                __d2b
 .text.__ratio  0x0000000000114584       0x84 c:/devkitpro/devkitarm/bin/../lib/gcc/arm-none-eabi/9.1.0/../../../../arm-none-eabi/lib/armv6k/fpu\libg.a(lib_a-mprec.o)
                0x0000000000114584                __ratio
 .text.__copybits
                0x0000000000114608       0x6c c:/devkitpro/devkitarm/bin/../lib/gcc/arm-none-eabi/9.1.0/../../../../arm-none-eabi/lib/armv6k/fpu\libg.a(lib_a-mprec.o)
                0x0000000000114608                __copybits
 .text.__any_on
                0x0000000000114674       0x5c c:/devkitpro/devkitarm/bin/../lib/gcc/arm-none-eabi/9.1.0/../../../../arm-none-eabi/lib/armv6k/fpu\libg.a(lib_a-mprec.o)
                0x0000000000114674                __any_on
 .text.realloc  0x00000000001146d0       0x28 c:/devkitpro/devkitarm/bin/../lib/gcc/arm-none-eabi/9.1.0/../../../../arm-none-eabi/lib/armv6k/fpu\libg.a(lib_a-realloc.o)
                0x00000000001146d0                realloc
 .text._realloc_r
                0x00000000001146f8      0x4bc c:/devkitpro/devkitarm/bin/../lib/gcc/arm-none-eabi/9.1.0/../../../../arm-none-eabi/lib/armv6k/fpu\libg.a(lib_a-reallocr.o)
                0x00000000001146f8                _realloc_r
 .text.__sccl   0x0000000000114bb4       0xe8 c:/devkitpro/devkitarm/bin/../lib/gcc/arm-none-eabi/9.1.0/../../../../arm-none-eabi/lib/armv6k/fpu\libg.a(lib_a-sccl.o)
                0x0000000000114bb4                __sccl
 .text.nanf     0x0000000000114c9c        0xc c:/devkitpro/devkitarm/bin/../lib/gcc/arm-none-eabi/9.1.0/../../../../arm-none-eabi/lib/armv6k/fpu\libg.a(lib_a-sf_nan.o)
                0x0000000000114c9c                nanf
 .text.frexp    0x0000000000114ca8       0xa8 c:/devkitpro/devkitarm/bin/../lib/gcc/arm-none-eabi/9.1.0/../../../../arm-none-eabi/lib/armv6k/fpu\libg.a(lib_a-s_frexp.o)
                0x0000000000114ca8                frexp
 .text.sprintf  0x0000000000114d50       0x64 c:/devkitpro/devkitarm/bin/../lib/gcc/arm-none-eabi/9.1.0/../../../../arm-none-eabi/lib/armv6k/fpu\libg.a(lib_a-sprintf.o)
                0x0000000000114d50                sprintf
 .text.stpncpy  0x0000000000114db4       0xb8 c:/devkitpro/devkitarm/bin/../lib/gcc/arm-none-eabi/9.1.0/../../../../arm-none-eabi/lib/armv6k/fpu\libg.a(lib_a-stpncpy.o)
                0x0000000000114db4                stpncpy
 .text.strchr   0x0000000000114e6c      0x144 c:/devkitpro/devkitarm/bin/../lib/gcc/arm-none-eabi/9.1.0/../../../../arm-none-eabi/lib/armv6k/fpu\libg.a(lib_a-strchr.o)
                0x0000000000114e6c                strchr
 .text.strncmp  0x0000000000114fb0       0xec c:/devkitpro/devkitarm/bin/../lib/gcc/arm-none-eabi/9.1.0/../../../../arm-none-eabi/lib/armv6k/fpu\libg.a(lib_a-strncmp.o)
                0x0000000000114fb0                strncmp
 .text.sulp     0x000000000011509c       0x54 c:/devkitpro/devkitarm/bin/../lib/gcc/arm-none-eabi/9.1.0/../../../../arm-none-eabi/lib/armv6k/fpu\libg.a(lib_a-strtod.o)
 .text._strtod_l
                0x00000000001150f0     0x1414 c:/devkitpro/devkitarm/bin/../lib/gcc/arm-none-eabi/9.1.0/../../../../arm-none-eabi/lib/armv6k/fpu\libg.a(lib_a-strtod.o)
                0x00000000001150f0                _strtod_l
 .text._strtod_r
                0x0000000000116504        0xc c:/devkitpro/devkitarm/bin/../lib/gcc/arm-none-eabi/9.1.0/../../../../arm-none-eabi/lib/armv6k/fpu\libg.a(lib_a-strtod.o)
                0x0000000000116504                _strtod_r
 .text._strtoll_l.isra.0
                0x0000000000116510      0x23c c:/devkitpro/devkitarm/bin/../lib/gcc/arm-none-eabi/9.1.0/../../../../arm-none-eabi/lib/armv6k/fpu\libg.a(lib_a-strtoll.o)
 .text._strtoll_r
                0x000000000011674c        0x4 c:/devkitpro/devkitarm/bin/../lib/gcc/arm-none-eabi/9.1.0/../../../../arm-none-eabi/lib/armv6k/fpu\libg.a(lib_a-strtoll.o)
                0x000000000011674c                _strtoll_r
 .text._strtol_l.isra.0
                0x0000000000116750      0x1b4 c:/devkitpro/devkitarm/bin/../lib/gcc/arm-none-eabi/9.1.0/../../../../arm-none-eabi/lib/armv6k/fpu\libg.a(lib_a-strtol.o)
 .text._strtol_r
                0x0000000000116904        0x4 c:/devkitpro/devkitarm/bin/../lib/gcc/arm-none-eabi/9.1.0/../../../../arm-none-eabi/lib/armv6k/fpu\libg.a(lib_a-strtol.o)
                0x0000000000116904                _strtol_r
 .text._strtoull_l.isra.0
                0x0000000000116908      0x24c c:/devkitpro/devkitarm/bin/../lib/gcc/arm-none-eabi/9.1.0/../../../../arm-none-eabi/lib/armv6k/fpu\libg.a(lib_a-strtoull.o)
 .text._strtoull_r
                0x0000000000116b54        0x4 c:/devkitpro/devkitarm/bin/../lib/gcc/arm-none-eabi/9.1.0/../../../../arm-none-eabi/lib/armv6k/fpu\libg.a(lib_a-strtoull.o)
                0x0000000000116b54                _strtoull_r
 .text._strtoul_l.isra.0
                0x0000000000116b58      0x1c8 c:/devkitpro/devkitarm/bin/../lib/gcc/arm-none-eabi/9.1.0/../../../../arm-none-eabi/lib/armv6k/fpu\libg.a(lib_a-strtoul.o)
 .text._strtoul_r
                0x0000000000116d20        0x4 c:/devkitpro/devkitarm/bin/../lib/gcc/arm-none-eabi/9.1.0/../../../../arm-none-eabi/lib/armv6k/fpu\libg.a(lib_a-strtoul.o)
                0x0000000000116d20                _strtoul_r
 .text.__ssprint_r
                0x0000000000116d24      0x188 c:/devkitpro/devkitarm/bin/../lib/gcc/arm-none-eabi/9.1.0/../../../../arm-none-eabi/lib/armv6k/fpu\libg.a(lib_a-svfiprintf.o)
                0x0000000000116d24                __ssprint_r
 .text._sungetc_r
                0x0000000000116eac       0xe0 c:/devkitpro/devkitarm/bin/../lib/gcc/arm-none-eabi/9.1.0/../../../../arm-none-eabi/lib/armv6k/fpu\libg.a(lib_a-svfiscanf.o)
                0x0000000000116eac                _sungetc_r
 .text.__ssrefill_r
                0x0000000000116f8c       0x6c c:/devkitpro/devkitarm/bin/../lib/gcc/arm-none-eabi/9.1.0/../../../../arm-none-eabi/lib/armv6k/fpu\libg.a(lib_a-svfiscanf.o)
                0x0000000000116f8c                __ssrefill_r
 .text._sfread_r
                0x0000000000116ff8       0xc8 c:/devkitpro/devkitarm/bin/../lib/gcc/arm-none-eabi/9.1.0/../../../../arm-none-eabi/lib/armv6k/fpu\libg.a(lib_a-svfiscanf.o)
                0x0000000000116ff8                _sfread_r
 .text.get_arg  0x00000000001170c0      0x650 c:/devkitpro/devkitarm/bin/../lib/gcc/arm-none-eabi/9.1.0/../../../../arm-none-eabi/lib/armv6k/fpu\libg.a(lib_a-svfprintf.o)
 .text._svfprintf_r
                0x0000000000117710     0x3814 c:/devkitpro/devkitarm/bin/../lib/gcc/arm-none-eabi/9.1.0/../../../../arm-none-eabi/lib/armv6k/fpu\libg.a(lib_a-svfprintf.o)
                0x0000000000117710                _svfprintf_r
 .text.__submore
                0x000000000011af24       0xa8 c:/devkitpro/devkitarm/bin/../lib/gcc/arm-none-eabi/9.1.0/../../../../arm-none-eabi/lib/armv6k/fpu\libg.a(lib_a-ungetc.o)
                0x000000000011af24                __submore
 .text._wcsnrtombs_l
                0x000000000011afcc      0x190 c:/devkitpro/devkitarm/bin/../lib/gcc/arm-none-eabi/9.1.0/../../../../arm-none-eabi/lib/armv6k/fpu\libg.a(lib_a-wcsnrtombs.o)
                0x000000000011afcc                _wcsnrtombs_l
 .text._wcsnrtombs_r
                0x000000000011b15c       0x48 c:/devkitpro/devkitarm/bin/../lib/gcc/arm-none-eabi/9.1.0/../../../../arm-none-eabi/lib/armv6k/fpu\libg.a(lib_a-wcsnrtombs.o)
                0x000000000011b15c                _wcsnrtombs_r
 .text.__utf8_wctomb
                0x000000000011b1a4       0xf0 c:/devkitpro/devkitarm/bin/../lib/gcc/arm-none-eabi/9.1.0/../../../../arm-none-eabi/lib/armv6k/fpu\libg.a(lib_a-wctomb_r.o)
                0x000000000011b1a4                __utf8_wctomb
 .text._calloc_r
                0x000000000011b294       0x94 c:/devkitpro/devkitarm/bin/../lib/gcc/arm-none-eabi/9.1.0/../../../../arm-none-eabi/lib/armv6k/fpu\libg.a(lib_a-callocr.o)
                0x000000000011b294                _calloc_r
 .text._fclose_r
                0x000000000011b328      0x160 c:/devkitpro/devkitarm/bin/../lib/gcc/arm-none-eabi/9.1.0/../../../../arm-none-eabi/lib/armv6k/fpu\libg.a(lib_a-fclose.o)
                0x000000000011b328                _fclose_r
 .text.rshift   0x000000000011b488       0xec c:/devkitpro/devkitarm/bin/../lib/gcc/arm-none-eabi/9.1.0/../../../../arm-none-eabi/lib/armv6k/fpu\libg.a(lib_a-gdtoa-gethex.o)
 .text.__gethex
                0x000000000011b574      0x828 c:/devkitpro/devkitarm/bin/../lib/gcc/arm-none-eabi/9.1.0/../../../../arm-none-eabi/lib/armv6k/fpu\libg.a(lib_a-gdtoa-gethex.o)
                0x000000000011b574                __gethex
 .text.__match  0x000000000011bd9c       0x60 c:/devkitpro/devkitarm/bin/../lib/gcc/arm-none-eabi/9.1.0/../../../../arm-none-eabi/lib/armv6k/fpu\libg.a(lib_a-gdtoa-hexnan.o)
                0x000000000011bd9c                __match
 .text.__hexnan
                0x000000000011bdfc      0x28c c:/devkitpro/devkitarm/bin/../lib/gcc/arm-none-eabi/9.1.0/../../../../arm-none-eabi/lib/armv6k/fpu\libg.a(lib_a-gdtoa-hexnan.o)
                0x000000000011bdfc                __hexnan
 .text.iswspace_l
                0x000000000011c088       0x3c c:/devkitpro/devkitarm/bin/../lib/gcc/arm-none-eabi/9.1.0/../../../../arm-none-eabi/lib/armv6k/fpu\libg.a(lib_a-iswspace_l.o)
                0x000000000011c088                iswspace_l
 .text.__jp2uc  0x000000000011c0c4      0x1e0 c:/devkitpro/devkitarm/bin/../lib/gcc/arm-none-eabi/9.1.0/../../../../arm-none-eabi/lib/armv6k/fpu\libg.a(lib_a-jp2uc.o)
 .text._jp2uc_l
                0x000000000011c2a4       0x94 c:/devkitpro/devkitarm/bin/../lib/gcc/arm-none-eabi/9.1.0/../../../../arm-none-eabi/lib/armv6k/fpu\libg.a(lib_a-jp2uc.o)
                0x000000000011c2a4                _jp2uc_l
 .text.nan      0x000000000011c338       0x10 c:/devkitpro/devkitarm/bin/../lib/gcc/arm-none-eabi/9.1.0/../../../../arm-none-eabi/lib/armv6k/fpu\libg.a(lib_a-s_nan.o)
                0x000000000011c338                nan
 .text.category
                0x000000000011c348       0x88 c:/devkitpro/devkitarm/bin/../lib/gcc/arm-none-eabi/9.1.0/../../../../arm-none-eabi/lib/armv6k/fpu\libg.a(lib_a-categories.o)
                0x000000000011c348                category
 .text.null_write
                0x000000000011c3d0        0x8 c:/devkitpro/devkitarm/bin/../lib/gcc/arm-none-eabi/9.1.0/../../../../arm-none-eabi/lib/armv6k/fpu\libsysbase.a(iosupport.o)
 .text.setDefaultDevice
                0x000000000011c3d8       0x18 c:/devkitpro/devkitarm/bin/../lib/gcc/arm-none-eabi/9.1.0/../../../../arm-none-eabi/lib/armv6k/fpu\libsysbase.a(iosupport.o)
                0x000000000011c3d8                setDefaultDevice
 .text.FindDevice
                0x000000000011c3f0       0xc8 c:/devkitpro/devkitarm/bin/../lib/gcc/arm-none-eabi/9.1.0/../../../../arm-none-eabi/lib/armv6k/fpu\libsysbase.a(iosupport.o)
                0x000000000011c3f0                FindDevice
 .text.RemoveDevice
                0x000000000011c4b8       0x28 c:/devkitpro/devkitarm/bin/../lib/gcc/arm-none-eabi/9.1.0/../../../../arm-none-eabi/lib/armv6k/fpu\libsysbase.a(iosupport.o)
                0x000000000011c4b8                RemoveDevice
 .text.AddDevice
                0x000000000011c4e0       0x9c c:/devkitpro/devkitarm/bin/../lib/gcc/arm-none-eabi/9.1.0/../../../../arm-none-eabi/lib/armv6k/fpu\libsysbase.a(iosupport.o)
                0x000000000011c4e0                AddDevice
 .text._fstat_r
                0x000000000011c57c       0x78 c:/devkitpro/devkitarm/bin/../lib/gcc/arm-none-eabi/9.1.0/../../../../arm-none-eabi/lib/armv6k/fpu\libsysbase.a(fstat.o)
                0x000000000011c57c                _fstat_r
 .text._isatty_r
                0x000000000011c5f4        0x8 c:/devkitpro/devkitarm/bin/../lib/gcc/arm-none-eabi/9.1.0/../../../../arm-none-eabi/lib/armv6k/fpu\libsysbase.a(isatty.o)
                0x000000000011c5f4                _isatty_r
 .text._lseek_r
                0x000000000011c5fc       0x84 c:/devkitpro/devkitarm/bin/../lib/gcc/arm-none-eabi/9.1.0/../../../../arm-none-eabi/lib/armv6k/fpu\libsysbase.a(lseek.o)
                0x000000000011c5fc                _lseek_r
 .text._read_r  0x000000000011c680       0x80 c:/devkitpro/devkitarm/bin/../lib/gcc/arm-none-eabi/9.1.0/../../../../arm-none-eabi/lib/armv6k/fpu\libsysbase.a(read.o)
                0x000000000011c680                _read_r
 .text._sbrk_r  0x000000000011c700       0x78 c:/devkitpro/devkitarm/bin/../lib/gcc/arm-none-eabi/9.1.0/../../../../arm-none-eabi/lib/armv6k/fpu\libsysbase.a(sbrk.o)
                0x000000000011c700                _sbrk_r
 .text._write_r
                0x000000000011c778       0x80 c:/devkitpro/devkitarm/bin/../lib/gcc/arm-none-eabi/9.1.0/../../../../arm-none-eabi/lib/armv6k/fpu\libsysbase.a(write.o)
                0x000000000011c778                _write_r
 .text._exit    0x000000000011c7f8       0x24 c:/devkitpro/devkitarm/bin/../lib/gcc/arm-none-eabi/9.1.0/../../../../arm-none-eabi/lib/armv6k/fpu\libsysbase.a(_exit.o)
                0x000000000011c7f8                _exit
 .text._concatenate_path
                0x000000000011c81c      0x1bc c:/devkitpro/devkitarm/bin/../lib/gcc/arm-none-eabi/9.1.0/../../../../arm-none-eabi/lib/armv6k/fpu\libsysbase.a(chdir.o)
                0x000000000011c81c                _concatenate_path
 .text.chdir    0x000000000011c9d8      0x15c c:/devkitpro/devkitarm/bin/../lib/gcc/arm-none-eabi/9.1.0/../../../../arm-none-eabi/lib/armv6k/fpu\libsysbase.a(chdir.o)
                0x000000000011c9d8                chdir
 .text.__flockfile
                0x000000000011cb34        0x8 c:/devkitpro/devkitarm/bin/../lib/gcc/arm-none-eabi/9.1.0/../../../../arm-none-eabi/lib/armv6k/fpu\libsysbase.a(flock.o)
                0x000000000011cb34                __flockfile
 .text.__funlockfile
                0x000000000011cb3c        0x8 c:/devkitpro/devkitarm/bin/../lib/gcc/arm-none-eabi/9.1.0/../../../../arm-none-eabi/lib/armv6k/fpu\libsysbase.a(flock.o)
                0x000000000011cb3c                __funlockfile
 .text.__libc_lock_acquire
                0x000000000011cb44       0x18 c:/devkitpro/devkitarm/bin/../lib/gcc/arm-none-eabi/9.1.0/../../../../arm-none-eabi/lib/armv6k/fpu\libsysbase.a(syscall_support.o)
                0x000000000011cb44                __libc_lock_acquire
 .text.__libc_lock_release
                0x000000000011cb5c       0x18 c:/devkitpro/devkitarm/bin/../lib/gcc/arm-none-eabi/9.1.0/../../../../arm-none-eabi/lib/armv6k/fpu\libsysbase.a(syscall_support.o)
                0x000000000011cb5c                __libc_lock_release
 .text.__libc_lock_init_recursive
                0x000000000011cb74       0x18 c:/devkitpro/devkitarm/bin/../lib/gcc/arm-none-eabi/9.1.0/../../../../arm-none-eabi/lib/armv6k/fpu\libsysbase.a(syscall_support.o)
                0x000000000011cb74                __libc_lock_init_recursive
 .text.__libc_lock_acquire_recursive
                0x000000000011cb8c       0x18 c:/devkitpro/devkitarm/bin/../lib/gcc/arm-none-eabi/9.1.0/../../../../arm-none-eabi/lib/armv6k/fpu\libsysbase.a(syscall_support.o)
                0x000000000011cb8c                __libc_lock_acquire_recursive
 .text.__libc_lock_release_recursive
                0x000000000011cba4       0x18 c:/devkitpro/devkitarm/bin/../lib/gcc/arm-none-eabi/9.1.0/../../../../arm-none-eabi/lib/armv6k/fpu\libsysbase.a(syscall_support.o)
                0x000000000011cba4                __libc_lock_release_recursive
 .text.__libc_lock_close_recursive
                0x000000000011cbbc       0x18 c:/devkitpro/devkitarm/bin/../lib/gcc/arm-none-eabi/9.1.0/../../../../arm-none-eabi/lib/armv6k/fpu\libsysbase.a(syscall_support.o)
                0x000000000011cbbc                __libc_lock_close_recursive
 .text.__get_handle
                0x000000000011cbd4       0x3c c:/devkitpro/devkitarm/bin/../lib/gcc/arm-none-eabi/9.1.0/../../../../arm-none-eabi/lib/armv6k/fpu\libsysbase.a(handle_manager.o)
                0x000000000011cbd4                __get_handle
 .text._close_r
                0x000000000011cc10       0xf8 c:/devkitpro/devkitarm/bin/../lib/gcc/arm-none-eabi/9.1.0/../../../../arm-none-eabi/lib/armv6k/fpu\libsysbase.a(handle_manager.o)
                0x000000000011cc10                _close_r
 .text.__getreent
                0x000000000011cd08       0x28 c:/devkitpro/devkitarm/bin/../lib/gcc/arm-none-eabi/9.1.0/../../../../arm-none-eabi/lib/armv6k/fpu\libsysbase.a(getreent.o)
                0x000000000011cd08                __getreent
 .text.strrchr  0x000000000011cd30       0x44 c:/devkitpro/devkitarm/bin/../lib/gcc/arm-none-eabi/9.1.0/../../../../arm-none-eabi/lib/armv6k/fpu\libg.a(lib_a-strrchr.o)
                0x000000000011cd30                strrchr
 *(.glue_7)
 .glue_7        0x000000000011cd74        0x0 linker stubs
 *(.glue_7t)
 .glue_7t       0x000000000011cd74        0x0 linker stubs
 *(.stub)
 *(.gnu.warning)
 *(.gnu.linkonce.t*)
                0x000000000011cd74                . = ALIGN (0x4)
 *(.fini)
 .fini          0x000000000011cd74        0xc c:/devkitpro/devkitarm/bin/../lib/gcc/arm-none-eabi/9.1.0/armv6k/fpu/crti.o
                0x000000000011cd74                _fini
 .fini          0x000000000011cd80        0xc c:/devkitpro/devkitarm/bin/../lib/gcc/arm-none-eabi/9.1.0/armv6k/fpu/crtn.o
                0x000000000011cd8c                . = ALIGN (0x4)

.vfp11_veneer   0x000000000011cd8c        0x0
 .vfp11_veneer  0x000000000011cd8c        0x0 linker stubs

.v4_bx          0x000000000011cd8c        0x0
 .v4_bx         0x000000000011cd8c        0x0 linker stubs

.iplt           0x000000000011cd8c        0x0
 .iplt          0x000000000011cd8c        0x0 c:/devkitpro/devkitarm/bin/../lib/gcc/arm-none-eabi/9.1.0/../../../../arm-none-eabi/lib/armv6k/fpu/3dsx_crt0.o
                0x000000000011d000                . = ALIGN (0x1000)

.rodata         0x000000000011d000    0x3fb14
 *(.rodata)
 .rodata        0x000000000011d000    0x38404 brew.bgr.o
                0x000000000011d000                brew_bgr
                0x0000000000155400                brew_bgr_size
                0x0000000000155400                brew_bgr_end
 .rodata        0x0000000000155404      0x804 C:/devkitPro/libctru/lib\libctru.a(default_font.bin.o)
                0x0000000000155404                default_font_bin
                0x0000000000155c04                default_font_bin_size
                0x0000000000155c04                default_font_bin_end
 .rodata        0x0000000000155c08        0xc C:/devkitPro/libctru/lib\libctru.a(sdmc_dev.o)
 *(.roda)
 *(.rodata.*)
 .rodata.str1.4
                0x0000000000155c14       0xf7 main.o
 *fill*         0x0000000000155d0b        0x1 
 .rodata.con_write.str1.4
                0x0000000000155d0c       0x52 C:/devkitPro/libctru/lib\libctru.a(console.o)
 *fill*         0x0000000000155d5e        0x2 
 .rodata.str1.4
                0x0000000000155d60       0x10 C:/devkitPro/libctru/lib\libctru.a(console.o)
 .rodata.colorTable
                0x0000000000155d70       0x30 C:/devkitPro/libctru/lib\libctru.a(console.o)
 .rodata.dotab_stdout
                0x0000000000155da0       0x70 C:/devkitPro/libctru/lib\libctru.a(console.o)
 .rodata.CSWTCH.62
                0x0000000000155e10       0x14 C:/devkitPro/libctru/lib\libctru.a(gfx.o)
 .rodata.framebufferInfoSt
                0x0000000000155e24        0x8 C:/devkitPro/libctru/lib\libctru.a(gfx.o)
 .rodata.gspInit.str1.4
                0x0000000000155e2c        0x9 C:/devkitPro/libctru/lib\libctru.a(gspgpu.o)
 *fill*         0x0000000000155e35        0x3 
 .rodata.aptSendCommand.str1.4
                0x0000000000155e38       0x16 C:/devkitPro/libctru/lib\libctru.a(apt.o)
 *fill*         0x0000000000155e4e        0x2 
 .rodata.hidInit.str1.4
                0x0000000000155e50       0x15 C:/devkitPro/libctru/lib\libctru.a(hid.o)
 *fill*         0x0000000000155e65        0x3 
 .rodata.srvInit.str1.4
                0x0000000000155e68        0x5 C:/devkitPro/libctru/lib\libctru.a(srv.o)
 *fill*         0x0000000000155e6d        0x3 
 .rodata.irrstInit.str1.4
                0x0000000000155e70        0x7 C:/devkitPro/libctru/lib\libctru.a(irrst.o)
 *fill*         0x0000000000155e77        0x1 
 .rodata.ptmSysmInit.str1.4
                0x0000000000155e78        0x9 C:/devkitPro/libctru/lib\libctru.a(ptmsysm.o)
 *fill*         0x0000000000155e81        0x3 
 .rodata.str1.4
                0x0000000000155e84        0x5 C:/devkitPro/libctru/lib\libctru.a(sdmc_dev.o)
                                          0x9 (size before relaxing)
 *fill*         0x0000000000155e89        0x3 
 .rodata.sdmcExit.str1.4
                0x0000000000155e8c        0x6 C:/devkitPro/libctru/lib\libctru.a(sdmc_dev.o)
 *fill*         0x0000000000155e92        0x2 
 .rodata.error_table
                0x0000000000155e94       0x30 C:/devkitPro/libctru/lib\libctru.a(sdmc_dev.o)
 .rodata.fsInit.str1.4
                0x0000000000155ec4        0x8 C:/devkitPro/libctru/lib\libctru.a(fs.o)
 .rodata._global_impure_ptr
                0x0000000000155ecc        0x4 c:/devkitpro/devkitarm/bin/../lib/gcc/arm-none-eabi/9.1.0/../../../../arm-none-eabi/lib/armv6k/fpu\libg.a(lib_a-impure.o)
                0x0000000000155ecc                _global_impure_ptr
 .rodata._puts_r.str1.4
                0x0000000000155ed0        0x2 c:/devkitpro/devkitarm/bin/../lib/gcc/arm-none-eabi/9.1.0/../../../../arm-none-eabi/lib/armv6k/fpu\libg.a(lib_a-puts.o)
 .rodata.__ssvfscanf_r.str1.1
                0x0000000000155ed2        0x5 c:/devkitpro/devkitarm/bin/../lib/gcc/arm-none-eabi/9.1.0/../../../../arm-none-eabi/lib/armv6k/fpu\libg.a(lib_a-svfscanf.o)
                                          0x6 (size before relaxing)
 *fill*         0x0000000000155ed7        0x1 
 .rodata.basefix.8820
                0x0000000000155ed8       0x22 c:/devkitpro/devkitarm/bin/../lib/gcc/arm-none-eabi/9.1.0/../../../../arm-none-eabi/lib/armv6k/fpu\libg.a(lib_a-svfscanf.o)
 .rodata._vfprintf_r.str1.1
                0x0000000000155efa       0x3b c:/devkitpro/devkitarm/bin/../lib/gcc/arm-none-eabi/9.1.0/../../../../arm-none-eabi/lib/armv6k/fpu\libg.a(lib_a-vfprintf.o)
 *fill*         0x0000000000155f35        0x3 
 .rodata.blanks.8791
                0x0000000000155f38       0x10 c:/devkitpro/devkitarm/bin/../lib/gcc/arm-none-eabi/9.1.0/../../../../arm-none-eabi/lib/armv6k/fpu\libg.a(lib_a-vfprintf.o)
 .rodata.zeroes.8792
                0x0000000000155f48       0x10 c:/devkitpro/devkitarm/bin/../lib/gcc/arm-none-eabi/9.1.0/../../../../arm-none-eabi/lib/armv6k/fpu\libg.a(lib_a-vfprintf.o)
 .rodata._ctype_
                0x0000000000155f58      0x101 c:/devkitpro/devkitarm/bin/../lib/gcc/arm-none-eabi/9.1.0/../../../../arm-none-eabi/lib/armv6k/fpu\libg.a(lib_a-ctype_.o)
                0x0000000000155f58                _ctype_
 *fill*         0x0000000000156059        0x3 
 .rodata._dtoa_r.str1.4
                0x000000000015605c       0x12 c:/devkitpro/devkitarm/bin/../lib/gcc/arm-none-eabi/9.1.0/../../../../arm-none-eabi/lib/armv6k/fpu\libg.a(lib_a-dtoa.o)
 *fill*         0x000000000015606e        0x2 
 .rodata.str1.4
                0x0000000000156070       0x48 c:/devkitpro/devkitarm/bin/../lib/gcc/arm-none-eabi/9.1.0/../../../../arm-none-eabi/lib/armv6k/fpu\libg.a(lib_a-locale.o)
                                         0x4c (size before relaxing)
 .rodata._mbrtowc_r.str1.4
                0x00000000001560b8        0x1 c:/devkitpro/devkitarm/bin/../lib/gcc/arm-none-eabi/9.1.0/../../../../arm-none-eabi/lib/armv6k/fpu\libg.a(lib_a-mbrtowc.o)
 .rodata.__mprec_bigtens
                0x00000000001560b8       0x28 c:/devkitpro/devkitarm/bin/../lib/gcc/arm-none-eabi/9.1.0/../../../../arm-none-eabi/lib/armv6k/fpu\libg.a(lib_a-mprec.o)
                0x00000000001560b8                __mprec_bigtens
 .rodata.__mprec_tens
                0x00000000001560e0       0xc8 c:/devkitpro/devkitarm/bin/../lib/gcc/arm-none-eabi/9.1.0/../../../../arm-none-eabi/lib/armv6k/fpu\libg.a(lib_a-mprec.o)
                0x00000000001560e0                __mprec_tens
 .rodata.p05.7510
                0x00000000001561a8        0xc c:/devkitpro/devkitarm/bin/../lib/gcc/arm-none-eabi/9.1.0/../../../../arm-none-eabi/lib/armv6k/fpu\libg.a(lib_a-mprec.o)
 .rodata._strtod_l.str1.4
                0x00000000001561b4        0xf c:/devkitpro/devkitarm/bin/../lib/gcc/arm-none-eabi/9.1.0/../../../../arm-none-eabi/lib/armv6k/fpu\libg.a(lib_a-strtod.o)
                                         0x11 (size before relaxing)
 *fill*         0x00000000001561c3        0x1 
 .rodata.fpi.7590
                0x00000000001561c4       0x14 c:/devkitpro/devkitarm/bin/../lib/gcc/arm-none-eabi/9.1.0/../../../../arm-none-eabi/lib/armv6k/fpu\libg.a(lib_a-strtod.o)
 .rodata.fpinan.7626
                0x00000000001561d8       0x14 c:/devkitpro/devkitarm/bin/../lib/gcc/arm-none-eabi/9.1.0/../../../../arm-none-eabi/lib/armv6k/fpu\libg.a(lib_a-strtod.o)
 *fill*         0x00000000001561ec        0x4 
 .rodata.tinytens
                0x00000000001561f0       0x28 c:/devkitpro/devkitarm/bin/../lib/gcc/arm-none-eabi/9.1.0/../../../../arm-none-eabi/lib/armv6k/fpu\libg.a(lib_a-strtod.o)
 .rodata.__action_table
                0x0000000000156218       0x6c c:/devkitpro/devkitarm/bin/../lib/gcc/arm-none-eabi/9.1.0/../../../../arm-none-eabi/lib/armv6k/fpu\libg.a(lib_a-svfiprintf.o)
                0x0000000000156218                __action_table
 .rodata.__chclass
                0x0000000000156284      0x100 c:/devkitpro/devkitarm/bin/../lib/gcc/arm-none-eabi/9.1.0/../../../../arm-none-eabi/lib/armv6k/fpu\libg.a(lib_a-svfiprintf.o)
                0x0000000000156284                __chclass
 .rodata.__state_table
                0x0000000000156384       0x6c c:/devkitpro/devkitarm/bin/../lib/gcc/arm-none-eabi/9.1.0/../../../../arm-none-eabi/lib/armv6k/fpu\libg.a(lib_a-svfiprintf.o)
                0x0000000000156384                __state_table
 .rodata._svfprintf_r.str1.1
                0x00000000001563f0       0x3b c:/devkitpro/devkitarm/bin/../lib/gcc/arm-none-eabi/9.1.0/../../../../arm-none-eabi/lib/armv6k/fpu\libg.a(lib_a-svfprintf.o)
 .rodata.blanks.8776
                0x00000000001563f0       0x10 c:/devkitpro/devkitarm/bin/../lib/gcc/arm-none-eabi/9.1.0/../../../../arm-none-eabi/lib/armv6k/fpu\libg.a(lib_a-svfprintf.o)
 .rodata.zeroes.8777
                0x0000000000156400       0x10 c:/devkitpro/devkitarm/bin/../lib/gcc/arm-none-eabi/9.1.0/../../../../arm-none-eabi/lib/armv6k/fpu\libg.a(lib_a-svfprintf.o)
 .rodata.__hexdig
                0x0000000000156410      0x100 c:/devkitpro/devkitarm/bin/../lib/gcc/arm-none-eabi/9.1.0/../../../../arm-none-eabi/lib/armv6k/fpu\libg.a(lib_a-gdtoa-gethex.o)
                0x0000000000156410                __hexdig
 .rodata._jp2uc_l.str1.4
                0x0000000000156510       0x12 c:/devkitpro/devkitarm/bin/../lib/gcc/arm-none-eabi/9.1.0/../../../../arm-none-eabi/lib/armv6k/fpu\libg.a(lib_a-jp2uc.o)
 *fill*         0x0000000000156522        0x2 
 .rodata.a1     0x0000000000156524       0xbc c:/devkitpro/devkitarm/bin/../lib/gcc/arm-none-eabi/9.1.0/../../../../arm-none-eabi/lib/armv6k/fpu\libg.a(lib_a-jp2uc.o)
 .rodata.a2     0x00000000001565e0       0xbc c:/devkitpro/devkitarm/bin/../lib/gcc/arm-none-eabi/9.1.0/../../../../arm-none-eabi/lib/armv6k/fpu\libg.a(lib_a-jp2uc.o)
 .rodata.a3     0x000000000015669c       0x5b c:/devkitpro/devkitarm/bin/../lib/gcc/arm-none-eabi/9.1.0/../../../../arm-none-eabi/lib/armv6k/fpu\libg.a(lib_a-jp2uc.o)
 *fill*         0x00000000001566f7        0x1 
 .rodata.a6     0x00000000001566f8       0x70 c:/devkitpro/devkitarm/bin/../lib/gcc/arm-none-eabi/9.1.0/../../../../arm-none-eabi/lib/armv6k/fpu\libg.a(lib_a-jp2uc.o)
 .rodata.a7     0x0000000000156768       0xa2 c:/devkitpro/devkitarm/bin/../lib/gcc/arm-none-eabi/9.1.0/../../../../arm-none-eabi/lib/armv6k/fpu\libg.a(lib_a-jp2uc.o)
 *fill*         0x000000000015680a        0x2 
 .rodata.a8     0x000000000015680c       0x40 c:/devkitpro/devkitarm/bin/../lib/gcc/arm-none-eabi/9.1.0/../../../../arm-none-eabi/lib/armv6k/fpu\libg.a(lib_a-jp2uc.o)
 .rodata.b02cf  0x000000000015684c     0x172a c:/devkitpro/devkitarm/bin/../lib/gcc/arm-none-eabi/9.1.0/../../../../arm-none-eabi/lib/armv6k/fpu\libg.a(lib_a-jp2uc.o)
 *fill*         0x0000000000157f76        0x2 
 .rodata.d02f4  0x0000000000157f78     0x1a7c c:/devkitpro/devkitarm/bin/../lib/gcc/arm-none-eabi/9.1.0/../../../../arm-none-eabi/lib/armv6k/fpu\libg.a(lib_a-jp2uc.o)
 .rodata.str1.4
                0x00000000001599f4        0x5 c:/devkitpro/devkitarm/bin/../lib/gcc/arm-none-eabi/9.1.0/../../../../arm-none-eabi/lib/armv6k/fpu\libg.a(lib_a-lnumeric.o)
 .rodata._C_numeric_locale
                0x00000000001599f4        0xc c:/devkitpro/devkitarm/bin/../lib/gcc/arm-none-eabi/9.1.0/../../../../arm-none-eabi/lib/armv6k/fpu\libg.a(lib_a-lnumeric.o)
                0x00000000001599f4                _C_numeric_locale
 .rodata.categories
                0x0000000000159a00     0x309c c:/devkitpro/devkitarm/bin/../lib/gcc/arm-none-eabi/9.1.0/../../../../arm-none-eabi/lib/armv6k/fpu\libg.a(lib_a-categories.o)
 .rodata.AddDevice.str1.4
                0x000000000015ca9c        0x8 c:/devkitpro/devkitarm/bin/../lib/gcc/arm-none-eabi/9.1.0/../../../../arm-none-eabi/lib/armv6k/fpu\libsysbase.a(iosupport.o)
 .rodata.dotab_stdnull
                0x000000000015caa4       0x70 c:/devkitpro/devkitarm/bin/../lib/gcc/arm-none-eabi/9.1.0/../../../../arm-none-eabi/lib/armv6k/fpu\libsysbase.a(iosupport.o)
                0x000000000015caa4                dotab_stdnull
 *all.rodata*(*)
 *(.gnu.linkonce.r*)
                0x000000000015cb14                . = ALIGN (0x4)

.eh_frame       0x000000000015cb14        0x0
 .eh_frame      0x000000000015cb14        0x0 c:/devkitpro/devkitarm/bin/../lib/gcc/arm-none-eabi/9.1.0/armv6k/fpu/crtbegin.o

.rel.dyn        0x000000000015cb14        0x0
 .rel.iplt      0x000000000015cb14        0x0 c:/devkitpro/devkitarm/bin/../lib/gcc/arm-none-eabi/9.1.0/../../../../arm-none-eabi/lib/armv6k/fpu/3dsx_crt0.o

.ARM.extab
 *(.ARM.extab* .gnu.linkonce.armextab.*)
                0x000000000015cb14                __exidx_start = .

ARM.exidx
 *(.ARM.exidx* .gnu.linkonce.armexidx.*)
                0x000000000015cb14                __exidx_end = .
                0x000000000015d000                . = ALIGN (0x1000)

.data           0x000000000015d000     0x23b8
 *(.data)
 .data          0x000000000015d000        0x4 C:/devkitPro/libctru/lib\libctru.a(stack_adjust.o)
                0x000000000015d000                __stacksize__
 *(.data.*)
 .data.currentConsole
                0x000000000015d004        0x4 C:/devkitPro/libctru/lib\libctru.a(console.o)
                0x000000000015d004                currentConsole
 .data.defaultConsole
                0x000000000015d008       0x4c C:/devkitPro/libctru/lib\libctru.a(console.o)
                0x000000000015d008                defaultConsole
 .data.firstConsoleInit.8429
                0x000000000015d054        0x1 C:/devkitPro/libctru/lib\libctru.a(console.o)
 .data.botFormat
                0x000000000015d055        0x1 C:/devkitPro/libctru/lib\libctru.a(gfx.o)
 *fill*         0x000000000015d056        0x2 
 .data.doubleBuf
                0x000000000015d058        0x8 C:/devkitPro/libctru/lib\libctru.a(gfx.o)
 .data.topFormat
                0x000000000015d060        0x1 C:/devkitPro/libctru/lib\libctru.a(gfx.o)
 *fill*         0x000000000015d061        0x3 
 .data.gspLastEvent
                0x000000000015d064        0x4 C:/devkitPro/libctru/lib\libctru.a(gspgpu.o)
 .data.aptFlags
                0x000000000015d068        0x4 C:/devkitPro/libctru/lib\libctru.a(apt.o)
 .data.aptHomeAllowed
                0x000000000015d06c        0x1 C:/devkitPro/libctru/lib\libctru.a(apt.o)
 *fill*         0x000000000015d06d        0x3 
 .data.__ctru_linear_heap_size
                0x000000000015d070        0x4 C:/devkitPro/libctru/lib\libctru.a(allocateHeaps.o)
                0x000000000015d070                __ctru_linear_heap_size
 .data.__cwd    0x000000000015d074      0x401 C:/devkitPro/libctru/lib\libctru.a(sdmc_dev.o)
 *fill*         0x000000000015d475        0x3 
 .data.sdmc_devoptab
                0x000000000015d478       0x70 C:/devkitPro/libctru/lib\libctru.a(sdmc_dev.o)
 .data._impure_ptr
                0x000000000015d4e8        0x4 c:/devkitpro/devkitarm/bin/../lib/gcc/arm-none-eabi/9.1.0/../../../../arm-none-eabi/lib/armv6k/fpu\libg.a(lib_a-impure.o)
                0x000000000015d4e8                _impure_ptr
 *fill*         0x000000000015d4ec        0x4 
 .data.impure_data
                0x000000000015d4f0      0x460 c:/devkitpro/devkitarm/bin/../lib/gcc/arm-none-eabi/9.1.0/../../../../arm-none-eabi/lib/armv6k/fpu\libg.a(lib_a-impure.o)
 .data.__malloc_av_
                0x000000000015d950      0x408 c:/devkitpro/devkitarm/bin/../lib/gcc/arm-none-eabi/9.1.0/../../../../arm-none-eabi/lib/armv6k/fpu\libg.a(lib_a-mallocr.o)
                0x000000000015d950                __malloc_av_
 .data.__malloc_sbrk_base
                0x000000000015dd58        0x4 c:/devkitpro/devkitarm/bin/../lib/gcc/arm-none-eabi/9.1.0/../../../../arm-none-eabi/lib/armv6k/fpu\libg.a(lib_a-mallocr.o)
                0x000000000015dd58                __malloc_sbrk_base
 .data.__malloc_trim_threshold
                0x000000000015dd5c        0x4 c:/devkitpro/devkitarm/bin/../lib/gcc/arm-none-eabi/9.1.0/../../../../arm-none-eabi/lib/armv6k/fpu\libg.a(lib_a-mallocr.o)
                0x000000000015dd5c                __malloc_trim_threshold
 .data.__malloc_recursive_mutex
                0x000000000015dd60        0xc c:/devkitpro/devkitarm/bin/../lib/gcc/arm-none-eabi/9.1.0/../../../../arm-none-eabi/lib/armv6k/fpu\libg.a(lib_a-mlock.o)
 .data.__atexit_recursive_mutex
                0x000000000015dd6c        0xc c:/devkitpro/devkitarm/bin/../lib/gcc/arm-none-eabi/9.1.0/../../../../arm-none-eabi/lib/armv6k/fpu\libg.a(lib_a-__call_atexit.o)
                0x000000000015dd6c                __atexit_recursive_mutex
 .data.__sfp_recursive_mutex
                0x000000000015dd78        0xc c:/devkitpro/devkitarm/bin/../lib/gcc/arm-none-eabi/9.1.0/../../../../arm-none-eabi/lib/armv6k/fpu\libg.a(lib_a-findfp.o)
 .data.__sinit_recursive_mutex
                0x000000000015dd84        0xc c:/devkitpro/devkitarm/bin/../lib/gcc/arm-none-eabi/9.1.0/../../../../arm-none-eabi/lib/armv6k/fpu\libg.a(lib_a-findfp.o)
 .data.__global_locale
                0x000000000015dd90      0x16c c:/devkitpro/devkitarm/bin/../lib/gcc/arm-none-eabi/9.1.0/../../../../arm-none-eabi/lib/armv6k/fpu\libg.a(lib_a-locale.o)
                0x000000000015dd90                __global_locale
 .data.numempty
                0x000000000015defc        0x2 c:/devkitpro/devkitarm/bin/../lib/gcc/arm-none-eabi/9.1.0/../../../../arm-none-eabi/lib/armv6k/fpu\libg.a(lib_a-lnumeric.o)
 *fill*         0x000000000015defe        0x2 
 .data.defaultDevice