Archive member included to satisfy reference by file (symbol)

C:/devkitPro/libctru/lib\libctru.a(linear.o)
                              main.o (linearAlloc)
C:/devkitPro/libctru/lib\libctru.a(mem_pool.o)
                              C:/devkitPro/libctru/lib\libctru.a(linear.o) (MemPool::Allocate(MemChunk&, unsigned long, int))
C:/devkitPro/libctru/lib\libctru.a(gfx.o)
                              main.o (gfxSetDoubleBuffering)
C:/devkitPro/libctru/lib\libctru.a(gx.o)
                              C:/devkitPro/libctru/lib\libctru.a(gfx.o) (gxCmdBuf)
C:/devkitPro/libctru/lib\libctru.a(gspgpu.o)
                              C:/devkitPro/libctru/lib\libctru.a(gfx.o) (gspInit)
C:/devkitPro/libctru/lib\libctru.a(csnd.o)
                              main.o (csndInit)
C:/devkitPro/libctru/lib\libctru.a(apt.o)
                              main.o (aptMainLoop)
C:/devkitPro/libctru/lib\libctru.a(hid.o)
                              main.o (hidScanInput)
C:/devkitPro/libctru/lib\libctru.a(rbtree_init.o)
                              C:/devkitPro/libctru/lib\libctru.a(linear.o) (rbtree_init)
C:/devkitPro/libctru/lib\libctru.a(rbtree_insert.o)
                              C:/devkitPro/libctru/lib\libctru.a(linear.o) (rbtree_insert)
C:/devkitPro/libctru/lib\libctru.a(rbtree_rotate.o)
                              C:/devkitPro/libctru/lib\libctru.a(rbtree_insert.o) (rbtree_rotate)
C:/devkitPro/libctru/lib\libctru.a(rbtree_remove.o)
                              C:/devkitPro/libctru/lib\libctru.a(linear.o) (rbtree_remove)
C:/devkitPro/libctru/lib\libctru.a(rbtree_find.o)
                              C:/devkitPro/libctru/lib\libctru.a(linear.o) (rbtree_find)
C:/devkitPro/libctru/lib\libctru.a(initSystem.o)
                              C:/devkitPro/libctru/lib\libctru.a(apt.o) (__system_retAddr)
C:/devkitPro/libctru/lib\libctru.a(syscalls.o)
                              C:/devkitPro/libctru/lib\libctru.a(initSystem.o) (__system_initSyscalls)
C:/devkitPro/libctru/lib\libctru.a(allocateHeaps.o)
                              C:/devkitPro/libctru/lib\libctru.a(initSystem.o) (__system_allocateHeaps)
C:/devkitPro/libctru/lib\libctru.a(initArgv.o)
                              C:/devkitPro/libctru/lib\libctru.a(initSystem.o) (__system_initArgv)
C:/devkitPro/libctru/lib\libctru.a(svc.o)
                              C:/devkitPro/libctru/lib\libctru.a(allocateHeaps.o) (svcControlMemory)
C:/devkitPro/libctru/lib\libctru.a(stack_adjust.o)
                              c:/devkitpro/devkitarm/bin/../lib/gcc/arm-none-eabi/9.1.0/../../../../arm-none-eabi/lib/armv6k/fpu/3dsx_crt0.o (initSystem)
C:/devkitPro/libctru/lib\libctru.a(vram.o)
                              C:/devkitPro/libctru/lib\libctru.a(gfx.o) (vramAlloc)
C:/devkitPro/libctru/lib\libctru.a(mappable.o)
                              C:/devkitPro/libctru/lib\libctru.a(gfx.o) (mappableAlloc)
C:/devkitPro/libctru/lib\libctru.a(synchronization.o)
                              C:/devkitPro/libctru/lib\libctru.a(initSystem.o) (__sync_init)
C:/devkitPro/libctru/lib\libctru.a(os.o)
                              C:/devkitPro/libctru/lib\libctru.a(csnd.o) (osConvertVirtToPhys)
C:/devkitPro/libctru/lib\libctru.a(srv.o)
                              C:/devkitPro/libctru/lib\libctru.a(apt.o) (srvInit)
C:/devkitPro/libctru/lib\libctru.a(thread.o)
                              C:/devkitPro/libctru/lib\libctru.a(gspgpu.o) (threadCreate)
C:/devkitPro/libctru/lib\libctru.a(irrst.o)
                              C:/devkitPro/libctru/lib\libctru.a(hid.o) (irrstScanInput)
C:/devkitPro/libctru/lib\libctru.a(srvpm.o)
                              C:/devkitPro/libctru/lib\libctru.a(srv.o) (srvPmGetSessionHandle)
C:/devkitPro/libctru/lib\libctru.a(ptmsysm.o)
                              C:/devkitPro/libctru/lib\libctru.a(os.o) (ptmSysmInit)
C:/devkitPro/libctru/lib\libctru.a(rbtree_iterator.o)
                              C:/devkitPro/libctru/lib\libctru.a(rbtree_remove.o) (rbtree_node_next)
C:/devkitPro/libctru/lib\libctru.a(appInit.o)
                              C:/devkitPro/libctru/lib\libctru.a(stack_adjust.o) (__appInit)
C:/devkitPro/libctru/lib\libctru.a(appExit.o)
                              C:/devkitPro/libctru/lib\libctru.a(stack_adjust.o) (__appExit)
C:/devkitPro/libctru/lib\libctru.a(ctru_exit.o)
                              C:/devkitPro/libctru/lib\libctru.a(stack_adjust.o) (__libctru_exit)
C:/devkitPro/libctru/lib\libctru.a(env.o)
                              C:/devkitPro/libctru/lib\libctru.a(srv.o) (envGetHandle)
C:/devkitPro/libctru/lib\libctru.a(sdmc_dev.o)
                              C:/devkitPro/libctru/lib\libctru.a(appInit.o) (sdmcInit)
C:/devkitPro/libctru/lib\libctru.a(fs.o)
                              C:/devkitPro/libctru/lib\libctru.a(appInit.o) (fsInit)
C:/devkitPro/libctru/lib\libctru.a(utf16_to_utf8.o)
                              C:/devkitPro/libctru/lib\libctru.a(sdmc_dev.o) (utf16_to_utf8)
C:/devkitPro/libctru/lib\libctru.a(decode_utf16.o)
[...]
Memory Configuration

Name             Origin             Length             Attributes
*default*        0x0000000000000000 0xffffffffffffffff

Linker script and memory map

                0x0000000000100000                PROVIDE (__start__ = 0x100000)
                0x0000000000100000                . = __start__

.text           0x0000000000100000     0xb9c8
 *(.crt0)
 .crt0          0x0000000000100000       0x94 c:/devkitpro/devkitarm/bin/../lib/gcc/arm-none-eabi/9.1.0/../../../../arm-none-eabi/lib/armv6k/fpu/3dsx_crt0.o
                0x0000000000100000                _start
                0x0000000000100008                __service_ptr
                0x000000000010000c                __apt_appid
                0x0000000000100010                __heap_size
                0x0000000000100014                __linear_heap_size
                0x0000000000100018                __system_arglist
                0x000000000010001c                __system_runflags
 *(.init)
 .init          0x0000000000100094        0xc c:/devkitpro/devkitarm/bin/../lib/gcc/arm-none-eabi/9.1.0/armv6k/fpu/crti.o
                0x0000000000100094                _init
 .init          0x00000000001000a0        0xc c:/devkitpro/devkitarm/bin/../lib/gcc/arm-none-eabi/9.1.0/armv6k/fpu/crtn.o
                0x00000000001000ac                . = ALIGN (0x4)
 *(.text)
 .text          0x00000000001000ac       0x64 C:/devkitPro/libctru/lib\libctru.a(stack_adjust.o)
                0x00000000001000ac                initSystem
                0x00000000001000f0                __ctru_exit
 .text          0x0000000000100110      0x20c c:/devkitpro/devkitarm/bin/../lib/gcc/arm-none-eabi/9.1.0/armv6k/fpu\libgcc.a(_udivsi3.o)
                0x0000000000100110                __aeabi_uidiv
                0x0000000000100110                __udivsi3
                0x00000000001002fc                __aeabi_uidivmod
 .text          0x000000000010031c        0x4 c:/devkitpro/devkitarm/bin/../lib/gcc/arm-none-eabi/9.1.0/armv6k/fpu\libgcc.a(_dvmd_tls.o)
                0x000000000010031c                __aeabi_idiv0
                0x000000000010031c                __aeabi_ldiv0
 .text          0x0000000000100320      0x390 c:/devkitpro/devkitarm/bin/../lib/gcc/arm-none-eabi/9.1.0/../../../../arm-none-eabi/lib/armv6k/fpu\libg.a(lib_a-strcmp.o)
                0x0000000000100328                strcmp
 *(.text.*)
 .text.deregister_tm_clones
                0x00000000001006b0       0x2c c:/devkitpro/devkitarm/bin/../lib/gcc/arm-none-eabi/9.1.0/armv6k/fpu/crtbegin.o
 .text.register_tm_clones
                0x00000000001006dc       0x38 c:/devkitpro/devkitarm/bin/../lib/gcc/arm-none-eabi/9.1.0/armv6k/fpu/crtbegin.o
 .text.__do_global_dtors_aux
                0x0000000000100714       0x44 c:/devkitpro/devkitarm/bin/../lib/gcc/arm-none-eabi/9.1.0/armv6k/fpu/crtbegin.o
 .text.frame_dummy
                0x0000000000100758       0x34 c:/devkitpro/devkitarm/bin/../lib/gcc/arm-none-eabi/9.1.0/armv6k/fpu/crtbegin.o
 .text.startup  0x000000000010078c      0x3e4 main.o
                0x000000000010078c                main
 .text._ZL21addrMapNodeComparatorPK11rbtree_nodeS1_
                0x0000000000100b70       0x24 C:/devkitPro/libctru/lib\libctru.a(linear.o)
 .text._ZL21addrMapNodeDestructorP11rbtree_node
                0x0000000000100b94        0x4 C:/devkitPro/libctru/lib\libctru.a(linear.o)
 .text.linearMemAlign
                0x0000000000100b98      0x124 C:/devkitPro/libctru/lib\libctru.a(linear.o)
                0x0000000000100b98                linearMemAlign
 .text.linearAlloc
                0x0000000000100cbc        0x8 C:/devkitPro/libctru/lib\libctru.a(linear.o)
                0x0000000000100cbc                linearAlloc
 .text.linearFree
                0x0000000000100cc4       0x54 C:/devkitPro/libctru/lib\libctru.a(linear.o)
                0x0000000000100cc4                linearFree
 .text._ZN7MemPool13CoalesceRightEP8MemBlock
                0x0000000000100d18       0x8c C:/devkitPro/libctru/lib\libctru.a(mem_pool.o)
                0x0000000000100d18                MemPool::CoalesceRight(MemBlock*)
 .text._ZN7MemPool8AllocateER8MemChunkmi
                0x0000000000100da4      0x174 C:/devkitPro/libctru/lib\libctru.a(mem_pool.o)
                0x0000000000100da4                MemPool::Allocate(MemChunk&, unsigned long, int)
 .text._ZN7MemPool10DeallocateERK8MemChunk
                0x0000000000100f18       0xfc C:/devkitPro/libctru/lib\libctru.a(mem_pool.o)
                0x0000000000100f18                MemPool::Deallocate(MemChunk const&)
 .text.gfxSetFramebufferInfo.part.0
                0x0000000000101014       0x8c C:/devkitPro/libctru/lib\libctru.a(gfx.o)
 .text.gfxSetFramebufferInfo
                0x00000000001010a0       0x6c C:/devkitPro/libctru/lib\libctru.a(gfx.o)
 .text.gfxGetFramebuffer.part.0
                0x000000000010110c       0x58 C:/devkitPro/libctru/lib\libctru.a(gfx.o)
 .text.__get_bytes_per_pixel
                0x0000000000101164       0x18 C:/devkitPro/libctru/lib\libctru.a(gfx.o)
                0x0000000000101164                __get_bytes_per_pixel
 .text.gfxSetScreenFormat
                0x000000000010117c      0x184 C:/devkitPro/libctru/lib\libctru.a(gfx.o)
                0x000000000010117c                gfxSetScreenFormat
 .text.gfxSetDoubleBuffering
                0x0000000000101300       0x10 C:/devkitPro/libctru/lib\libctru.a(gfx.o)
                0x0000000000101300                gfxSetDoubleBuffering
 .text.gfxInit  0x0000000000101310      0x214 C:/devkitPro/libctru/lib\libctru.a(gfx.o)
                0x0000000000101310                gfxInit
 .text.gfxInitDefault
                0x0000000000101524       0x10 C:/devkitPro/libctru/lib\libctru.a(gfx.o)
                0x0000000000101524                gfxInitDefault
 .text.gfxExit  0x0000000000101534       0xe0 C:/devkitPro/libctru/lib\libctru.a(gfx.o)
                0x0000000000101534                gfxExit
 .text.gfxGetFramebuffer
                0x0000000000101614       0x64 C:/devkitPro/libctru/lib\libctru.a(gfx.o)
                0x0000000000101614                gfxGetFramebuffer
 .text.gfxFlushBuffers
                0x0000000000101678       0xcc C:/devkitPro/libctru/lib\libctru.a(gfx.o)
                0x0000000000101678                gfxFlushBuffers
 .text.gfxConfigScreen
                0x0000000000101744       0xf4 C:/devkitPro/libctru/lib\libctru.a(gfx.o)
                0x0000000000101744                gfxConfigScreen
 .text.gfxSwapBuffers
                0x0000000000101838       0x20 C:/devkitPro/libctru/lib\libctru.a(gfx.o)
                0x0000000000101838                gfxSwapBuffers
 .text.gspInit  0x0000000000101858       0x74 C:/devkitPro/libctru/lib\libctru.a(gspgpu.o)
                0x0000000000101858                gspInit
 .text.gspExit  0x00000000001018cc       0x3c C:/devkitPro/libctru/lib\libctru.a(gspgpu.o)
                0x00000000001018cc                gspExit
 .text.gspInitEventHandler
                0x0000000000101908       0xa4 C:/devkitPro/libctru/lib\libctru.a(gspgpu.o)
                0x0000000000101908                gspInitEventHandler
 .text.gspExitEventHandler
                0x00000000001019ac       0x40 C:/devkitPro/libctru/lib\libctru.a(gspgpu.o)
                0x00000000001019ac                gspExitEventHandler
 .text.gspWaitForEvent
                0x00000000001019ec       0x50 C:/devkitPro/libctru/lib\libctru.a(gspgpu.o)
                0x00000000001019ec                gspWaitForEvent
 .text.gxCmdQueueInterrupt
                0x0000000000101a3c        0x4 C:/devkitPro/libctru/lib\libctru.a(gspgpu.o)
                0x0000000000101a3c                gxCmdQueueInterrupt
 .text.gspEventThreadMain
                0x0000000000101a40      0x178 C:/devkitPro/libctru/lib\libctru.a(gspgpu.o)
 .text.GSPGPU_SetBufferSwap
                0x0000000000101bb8       0x6c C:/devkitPro/libctru/lib\libctru.a(gspgpu.o)
                0x0000000000101bb8                GSPGPU_SetBufferSwap
 .text.GSPGPU_FlushDataCache
                0x0000000000101c24       0x4c C:/devkitPro/libctru/lib\libctru.a(gspgpu.o)
                0x0000000000101c24                GSPGPU_FlushDataCache
 .text.GSPGPU_SetLcdForceBlack
                0x0000000000101c70       0x34 C:/devkitPro/libctru/lib\libctru.a(gspgpu.o)
                0x0000000000101c70                GSPGPU_SetLcdForceBlack
 .text.GSPGPU_RegisterInterruptRelayQueue
                0x0000000000101ca4       0x64 C:/devkitPro/libctru/lib\libctru.a(gspgpu.o)
                0x0000000000101ca4                GSPGPU_RegisterInterruptRelayQueue
 .text.GSPGPU_UnregisterInterruptRelayQueue
                0x0000000000101d08       0x2c C:/devkitPro/libctru/lib\libctru.a(gspgpu.o)
                0x0000000000101d08                GSPGPU_UnregisterInterruptRelayQueue
 .text.GSPGPU_AcquireRight
                0x0000000000101d34       0x48 C:/devkitPro/libctru/lib\libctru.a(gspgpu.o)
                0x0000000000101d34                GSPGPU_AcquireRight
 .text.GSPGPU_ReleaseRight
                0x0000000000101d7c       0x2c C:/devkitPro/libctru/lib\libctru.a(gspgpu.o)
                0x0000000000101d7c                GSPGPU_ReleaseRight
 .text.GSPGPU_ImportDisplayCaptureInfo
                0x0000000000101da8       0x80 C:/devkitPro/libctru/lib\libctru.a(gspgpu.o)
                0x0000000000101da8                GSPGPU_ImportDisplayCaptureInfo
 .text.GSPGPU_SaveVramSysArea
                0x0000000000101e28       0x2c C:/devkitPro/libctru/lib\libctru.a(gspgpu.o)
                0x0000000000101e28                GSPGPU_SaveVramSysArea
 .text.GSPGPU_RestoreVramSysArea
                0x0000000000101e54       0x2c C:/devkitPro/libctru/lib\libctru.a(gspgpu.o)
                0x0000000000101e54                GSPGPU_RestoreVramSysArea
 .text.csndInit
                0x0000000000101e80      0x1d8 C:/devkitPro/libctru/lib\libctru.a(csnd.o)
                0x0000000000101e80                csndInit
 .text.csndExit
                0x0000000000102058       0xa0 C:/devkitPro/libctru/lib\libctru.a(csnd.o)
                0x0000000000102058                csndExit
 .text.csndAddCmd
                0x00000000001020f8       0xd8 C:/devkitPro/libctru/lib\libctru.a(csnd.o)
                0x00000000001020f8                csndAddCmd
 .text.csndExecCmds
                0x00000000001021d0       0xb4 C:/devkitPro/libctru/lib\libctru.a(csnd.o)
                0x00000000001021d0                csndExecCmds
 .text.csndPlaySound
                0x0000000000102284      0x25c C:/devkitPro/libctru/lib\libctru.a(csnd.o)
                0x0000000000102284                csndPlaySound
 .text._aptDebug
                0x00000000001024e0        0x4 C:/devkitPro/libctru/lib\libctru.a(apt.o)
                0x00000000001024e0                _aptDebug
 .text.aptSendCommand
                0x00000000001024e4      0x170 C:/devkitPro/libctru/lib\libctru.a(apt.o)
                0x00000000001024e4                aptSendCommand
 .text.aptExitProcess
                0x0000000000102654       0x3c C:/devkitPro/libctru/lib\libctru.a(apt.o)
 .text.APT_InquireNotification
                0x0000000000102690       0x50 C:/devkitPro/libctru/lib\libctru.a(apt.o)
                0x0000000000102690                APT_InquireNotification
 .text.aptEventHandler
                0x00000000001026e0      0x194 C:/devkitPro/libctru/lib\libctru.a(apt.o)
 .text.APT_AppletUtility
                0x0000000000102874       0x74 C:/devkitPro/libctru/lib\libctru.a(apt.o)
                0x0000000000102874                APT_AppletUtility
 .text.aptSetSleepAllowed
                0x00000000001028e8       0xb0 C:/devkitPro/libctru/lib\libctru.a(apt.o)
                0x00000000001028e8                aptSetSleepAllowed
 .text.APT_GlanceParameter
                0x0000000000102998       0xb4 C:/devkitPro/libctru/lib\libctru.a(apt.o)
                0x0000000000102998                APT_GlanceParameter
 .text.APT_ReceiveParameter
                0x0000000000102a4c       0xc8 C:/devkitPro/libctru/lib\libctru.a(apt.o)
                0x0000000000102a4c                APT_ReceiveParameter
 .text.aptReceiveParameter.constprop.0
                0x0000000000102b14       0xbc C:/devkitPro/libctru/lib\libctru.a(apt.o)
 .text.aptScreenTransfer
                0x0000000000102bd0      0x1e0 C:/devkitPro/libctru/lib\libctru.a(apt.o)
 .text.aptWaitForWakeUp
                0x0000000000102db0      0x210 C:/devkitPro/libctru/lib\libctru.a(apt.o)
 .text.APT_CancelParameter
                0x0000000000102fc0       0x70 C:/devkitPro/libctru/lib\libctru.a(apt.o)
                0x0000000000102fc0                APT_CancelParameter
 .text.aptInit  0x0000000000103030      0x25c C:/devkitPro/libctru/lib\libctru.a(apt.o)
                0x0000000000103030                aptInit
 .text.aptClearParamQueue
                0x000000000010328c       0x88 C:/devkitPro/libctru/lib\libctru.a(apt.o)
 .text.aptMainLoop
                0x0000000000103314      0x264 C:/devkitPro/libctru/lib\libctru.a(apt.o)
                0x0000000000103314                aptMainLoop
 .text.aptExit  0x0000000000103578      0x254 C:/devkitPro/libctru/lib\libctru.a(apt.o)
                0x0000000000103578                aptExit
 .text.APT_CheckNew3DS
                0x00000000001037cc       0x7c C:/devkitPro/libctru/lib\libctru.a(apt.o)
                0x00000000001037cc                APT_CheckNew3DS
 .text.hidCheckSectionUpdateTime.part.0
                0x0000000000103848       0x28 C:/devkitPro/libctru/lib\libctru.a(hid.o)
 .text.hidExit  0x0000000000103870       0xd0 C:/devkitPro/libctru/lib\libctru.a(hid.o)
                0x0000000000103870                hidExit
 .text.hidScanInput
                0x0000000000103940      0x1d8 C:/devkitPro/libctru/lib\libctru.a(hid.o)
                0x0000000000103940                hidScanInput
 .text.hidKeysDown
                0x0000000000103b18       0x10 C:/devkitPro/libctru/lib\libctru.a(hid.o)
                0x0000000000103b18                hidKeysDown
 .text.hidTouchRead
                0x0000000000103b28       0x18 C:/devkitPro/libctru/lib\libctru.a(hid.o)
                0x0000000000103b28                hidTouchRead
 .text.HIDUSER_GetHandles
                0x0000000000103b40       0x90 C:/devkitPro/libctru/lib\libctru.a(hid.o)
                0x0000000000103b40                HIDUSER_GetHandles
 .text.hidInit  0x0000000000103bd0      0x1a4 C:/devkitPro/libctru/lib\libctru.a(hid.o)
                0x0000000000103bd0                hidInit
 .text.rbtree_init
                0x0000000000103d74       0x14 C:/devkitPro/libctru/lib\libctru.a(rbtree_init.o)
                0x0000000000103d74                rbtree_init
 .text.do_insert
                0x0000000000103d88      0x1a4 C:/devkitPro/libctru/lib\libctru.a(rbtree_insert.o)
 .text.rbtree_insert
                0x0000000000103f2c        0x8 C:/devkitPro/libctru/lib\libctru.a(rbtree_insert.o)
                0x0000000000103f2c                rbtree_insert
 .text.rbtree_rotate
                0x0000000000103f34       0x90 C:/devkitPro/libctru/lib\libctru.a(rbtree_rotate.o)
                0x0000000000103f34                rbtree_rotate
 .text.rbtree_remove
                0x0000000000103fc4      0x334 C:/devkitPro/libctru/lib\libctru.a(rbtree_remove.o)
                0x0000000000103fc4                rbtree_remove
 .text.rbtree_find
                0x00000000001042f8       0x74 C:/devkitPro/libctru/lib\libctru.a(rbtree_find.o)
                0x00000000001042f8                rbtree_find
 .text.__libctru_init
                0x000000000010436c       0x38 C:/devkitPro/libctru/lib\libctru.a(initSystem.o)
                0x000000000010436c                __libctru_init
 .text.__libctru_nanosleep
                0x00000000001043a4       0x34 C:/devkitPro/libctru/lib\libctru.a(syscalls.o)
 .text.__ctru_get_reent
                0x00000000001043d8       0x30 C:/devkitPro/libctru/lib\libctru.a(syscalls.o)
 .text.__system_initSyscalls
                0x0000000000104408       0xfc C:/devkitPro/libctru/lib\libctru.a(syscalls.o)
                0x0000000000104408                __system_initSyscalls
 .text.__system_allocateHeaps
                0x0000000000104504      0x100 C:/devkitPro/libctru/lib\libctru.a(allocateHeaps.o)
                0x0000000000104504                __system_allocateHeaps
 .text.__system_initArgv
                0x0000000000104604       0xf0 C:/devkitPro/libctru/lib\libctru.a(initArgv.o)
                0x0000000000104604                __system_initArgv
 .text.svcControlMemory
                0x00000000001046f4       0x20 C:/devkitPro/libctru/lib\libctru.a(svc.o)
                0x00000000001046f4                svcControlMemory
 .text.svcExitProcess
                0x0000000000104714        0x8 C:/devkitPro/libctru/lib\libctru.a(svc.o)
                0x0000000000104714                svcExitProcess
 .text.svcCreateThread
                0x000000000010471c       0x20 C:/devkitPro/libctru/lib\libctru.a(svc.o)
                0x000000000010471c                svcCreateThread
 .text.svcExitThread
                0x000000000010473c        0x8 C:/devkitPro/libctru/lib\libctru.a(svc.o)
                0x000000000010473c                svcExitThread
 .text.svcSleepThread
                0x0000000000104744        0x8 C:/devkitPro/libctru/lib\libctru.a(svc.o)
                0x0000000000104744                svcSleepThread
 .text.svcReleaseMutex
                0x000000000010474c        0x8 C:/devkitPro/libctru/lib\libctru.a(svc.o)
                0x000000000010474c                svcReleaseMutex
 .text.svcCreateEvent
                0x0000000000104754       0x14 C:/devkitPro/libctru/lib\libctru.a(svc.o)
                0x0000000000104754                svcCreateEvent
 .text.svcSignalEvent
                0x0000000000104768        0x8 C:/devkitPro/libctru/lib\libctru.a(svc.o)
                0x0000000000104768                svcSignalEvent
 .text.svcClearEvent
                0x0000000000104770        0x8 C:/devkitPro/libctru/lib\libctru.a(svc.o)
                0x0000000000104770                svcClearEvent
 .text.svcMapMemoryBlock
                0x0000000000104778        0x8 C:/devkitPro/libctru/lib\libctru.a(svc.o)
                0x0000000000104778                svcMapMemoryBlock
 .text.svcUnmapMemoryBlock
                0x0000000000104780        0x8 C:/devkitPro/libctru/lib\libctru.a(svc.o)
                0x0000000000104780                svcUnmapMemoryBlock
 .text.svcCreateAddressArbiter
                0x0000000000104788       0x14 C:/devkitPro/libctru/lib\libctru.a(svc.o)
                0x0000000000104788                svcCreateAddressArbiter
 .text.svcArbitrateAddress
                0x000000000010479c       0x18 C:/devkitPro/libctru/lib\libctru.a(svc.o)
                0x000000000010479c                svcArbitrateAddress
 .text.svcCloseHandle
                0x00000000001047b4        0x8 C:/devkitPro/libctru/lib\libctru.a(svc.o)
                0x00000000001047b4                svcCloseHandle
 .text.svcWaitSynchronization
                0x00000000001047bc        0x8 C:/devkitPro/libctru/lib\libctru.a(svc.o)
                0x00000000001047bc                svcWaitSynchronization
 .text.svcWaitSynchronizationN
                0x00000000001047c4       0x28 C:/devkitPro/libctru/lib\libctru.a(svc.o)
                0x00000000001047c4                svcWaitSynchronizationN
 .text.svcDuplicateHandle
                0x00000000001047ec       0x14 C:/devkitPro/libctru/lib\libctru.a(svc.o)
                0x00000000001047ec                svcDuplicateHandle
 .text.svcGetSystemTick
                0x0000000000104800        0x8 C:/devkitPro/libctru/lib\libctru.a(svc.o)
                0x0000000000104800                svcGetSystemTick
 .text.svcGetSystemInfo
                0x0000000000104808       0x18 C:/devkitPro/libctru/lib\libctru.a(svc.o)
                0x0000000000104808                svcGetSystemInfo
 .text.svcConnectToPort
                0x0000000000104820       0x14 C:/devkitPro/libctru/lib\libctru.a(svc.o)
                0x0000000000104820                svcConnectToPort
 .text.svcSendSyncRequest
                0x0000000000104834        0x8 C:/devkitPro/libctru/lib\libctru.a(svc.o)
                0x0000000000104834                svcSendSyncRequest
 .text.svcBreak
                0x000000000010483c        0x8 C:/devkitPro/libctru/lib\libctru.a(svc.o)
                0x000000000010483c                svcBreak
 .text._ZL21addrMapNodeComparatorPK11rbtree_nodeS1_
                0x0000000000104844       0x24 C:/devkitPro/libctru/lib\libctru.a(vram.o)
 .text._ZL21addrMapNodeDestructorP11rbtree_node
                0x0000000000104868        0x4 C:/devkitPro/libctru/lib\libctru.a(vram.o)
 .text.vramMemAlign
                0x000000000010486c      0x114 C:/devkitPro/libctru/lib\libctru.a(vram.o)
                0x000000000010486c                vramMemAlign
 .text.vramAlloc
                0x0000000000104980        0x8 C:/devkitPro/libctru/lib\libctru.a(vram.o)
                0x0000000000104980                vramAlloc
 .text.vramFree
                0x0000000000104988       0x54 C:/devkitPro/libctru/lib\libctru.a(vram.o)
                0x0000000000104988                vramFree
 .text._ZL21addrMapNodeComparatorPK11rbtree_nodeS1_
                0x00000000001049dc       0x24 C:/devkitPro/libctru/lib\libctru.a(mappable.o)
 .text._ZL21addrMapNodeDestructorP11rbtree_node
                0x0000000000104a00        0x4 C:/devkitPro/libctru/lib\libctru.a(mappable.o)
 .text.mappableAlloc
                0x0000000000104a04       0xe8 C:/devkitPro/libctru/lib\libctru.a(mappable.o)
                0x0000000000104a04                mappableAlloc
 .text.mappableFree
                0x0000000000104aec       0x54 C:/devkitPro/libctru/lib\libctru.a(mappable.o)
                0x0000000000104aec                mappableFree
 .text.LightLock_Unlock.part.0
                0x0000000000104b40       0x38 C:/devkitPro/libctru/lib\libctru.a(synchronization.o)
 .text.__sync_init
                0x0000000000104b78        0xc C:/devkitPro/libctru/lib\libctru.a(synchronization.o)
                0x0000000000104b78                __sync_init
 .text.__sync_fini
                0x0000000000104b84       0x18 C:/devkitPro/libctru/lib\libctru.a(synchronization.o)
                0x0000000000104b84                __sync_fini
 .text.__sync_get_arbiter
                0x0000000000104b9c       0x10 C:/devkitPro/libctru/lib\libctru.a(synchronization.o)
                0x0000000000104b9c                __sync_get_arbiter
 .text.LightLock_Init
                0x0000000000104bac       0x18 C:/devkitPro/libctru/lib\libctru.a(synchronization.o)
                0x0000000000104bac                LightLock_Init
 .text.LightLock_Lock
                0x0000000000104bc4       0x90 C:/devkitPro/libctru/lib\libctru.a(synchronization.o)
                0x0000000000104bc4                LightLock_Lock
 .text.LightLock_TryLock
                0x0000000000104c54       0x34 C:/devkitPro/libctru/lib\libctru.a(synchronization.o)
                0x0000000000104c54                LightLock_TryLock
 .text.LightLock_Unlock
                0x0000000000104c88       0x20 C:/devkitPro/libctru/lib\libctru.a(synchronization.o)
                0x0000000000104c88                LightLock_Unlock
 .text.RecursiveLock_Init
                0x0000000000104ca8       0x24 C:/devkitPro/libctru/lib\libctru.a(synchronization.o)
                0x0000000000104ca8                RecursiveLock_Init
 .text.RecursiveLock_Lock
                0x0000000000104ccc       0x30 C:/devkitPro/libctru/lib\libctru.a(synchronization.o)
                0x0000000000104ccc                RecursiveLock_Lock
 .text.RecursiveLock_TryLock
                0x0000000000104cfc       0x58 C:/devkitPro/libctru/lib\libctru.a(synchronization.o)
                0x0000000000104cfc                RecursiveLock_TryLock
 .text.RecursiveLock_Unlock
                0x0000000000104d54       0x38 C:/devkitPro/libctru/lib\libctru.a(synchronization.o)
                0x0000000000104d54                RecursiveLock_Unlock
 .text.LightEvent_Init
                0x0000000000104d8c       0x38 C:/devkitPro/libctru/lib\libctru.a(synchronization.o)
                0x0000000000104d8c                LightEvent_Init
 .text.LightEvent_Clear
                0x0000000000104dc4       0x7c C:/devkitPro/libctru/lib\libctru.a(synchronization.o)
                0x0000000000104dc4                LightEvent_Clear
 .text.LightEvent_Signal
                0x0000000000104e40       0xdc C:/devkitPro/libctru/lib\libctru.a(synchronization.o)
                0x0000000000104e40                LightEvent_Signal
 .text.LightEvent_Wait
                0x0000000000104f1c       0xc0 C:/devkitPro/libctru/lib\libctru.a(synchronization.o)
                0x0000000000104f1c                LightEvent_Wait
 .text.getSysTime
                0x0000000000104fdc       0x58 C:/devkitPro/libctru/lib\libctru.a(os.o)
 .text.__ctru_speedup_config.part.0
                0x0000000000105034       0x28 C:/devkitPro/libctru/lib\libctru.a(os.o)
 .text.osConvertVirtToPhys
                0x000000000010505c       0x4c C:/devkitPro/libctru/lib\libctru.a(os.o)
                0x000000000010505c                osConvertVirtToPhys
 .text.osGetMemRegionUsed
                0x00000000001050a8       0x24 C:/devkitPro/libctru/lib\libctru.a(os.o)
                0x00000000001050a8                osGetMemRegionUsed
 *fill*         0x00000000001050cc        0x4 
 .text.__libctru_gtod
                0x00000000001050d0      0x128 C:/devkitPro/libctru/lib\libctru.a(os.o)
                0x00000000001050d0                __libctru_gtod
 .text.__ctru_speedup_config
                0x00000000001051f8       0x18 C:/devkitPro/libctru/lib\libctru.a(os.o)
                0x00000000001051f8                __ctru_speedup_config
 .text.srvExit  0x0000000000105210       0x58 C:/devkitPro/libctru/lib\libctru.a(srv.o)
                0x0000000000105210                srvExit
 .text.srvRegisterClient
                0x0000000000105268       0x38 C:/devkitPro/libctru/lib\libctru.a(srv.o)
                0x0000000000105268                srvRegisterClient
 .text.srvInit  0x00000000001052a0       0xcc C:/devkitPro/libctru/lib\libctru.a(srv.o)
                0x00000000001052a0                srvInit
 .text.srvGetServiceHandleDirect
                0x000000000010536c       0x80 C:/devkitPro/libctru/lib\libctru.a(srv.o)
                0x000000000010536c                srvGetServiceHandleDirect
 .text.srvGetServiceHandle
                0x00000000001053ec       0x48 C:/devkitPro/libctru/lib\libctru.a(srv.o)
                0x00000000001053ec                srvGetServiceHandle
 .text.threadFree.part.0
                0x0000000000105434       0x1c C:/devkitPro/libctru/lib\libctru.a(thread.o)
 .text.threadCreate
                0x0000000000105450      0x180 C:/devkitPro/libctru/lib\libctru.a(thread.o)
                0x0000000000105450                threadCreate
 .text.threadJoin
                0x00000000001055d0       0x24 C:/devkitPro/libctru/lib\libctru.a(thread.o)
                0x00000000001055d0                threadJoin
 .text.threadExit
                0x00000000001055f4       0x68 C:/devkitPro/libctru/lib\libctru.a(thread.o)
                0x00000000001055f4                threadExit
 .text._thread_begin
                0x000000000010565c       0x48 C:/devkitPro/libctru/lib\libctru.a(thread.o)
 .text.irrstScanInput
                0x00000000001056a4       0xac C:/devkitPro/libctru/lib\libctru.a(irrst.o)
                0x00000000001056a4                irrstScanInput
 .text.irrstKeysHeld
                0x0000000000105750       0x24 C:/devkitPro/libctru/lib\libctru.a(irrst.o)
                0x0000000000105750                irrstKeysHeld
 .text.IRRST_GetHandles
                0x0000000000105774       0x50 C:/devkitPro/libctru/lib\libctru.a(irrst.o)
                0x0000000000105774                IRRST_GetHandles
 .text.irrstInit
                0x00000000001057c4      0x154 C:/devkitPro/libctru/lib\libctru.a(irrst.o)
                0x00000000001057c4                irrstInit
 .text.IRRST_Shutdown
                0x0000000000105918       0x2c C:/devkitPro/libctru/lib\libctru.a(irrst.o)
                0x0000000000105918                IRRST_Shutdown
 .text.irrstExit
                0x0000000000105944       0xac C:/devkitPro/libctru/lib\libctru.a(irrst.o)
                0x0000000000105944                irrstExit
 .text.srvPmGetSessionHandle
                0x00000000001059f0        0xc C:/devkitPro/libctru/lib\libctru.a(srvpm.o)
                0x00000000001059f0                srvPmGetSessionHandle
 .text.ptmSysmInit
                0x00000000001059fc       0x74 C:/devkitPro/libctru/lib\libctru.a(ptmsysm.o)
                0x00000000001059fc                ptmSysmInit
 .text.ptmSysmExit
                0x0000000000105a70       0x3c C:/devkitPro/libctru/lib\libctru.a(ptmsysm.o)
                0x0000000000105a70                ptmSysmExit
 .text.PTMSYSM_ConfigureNew3DSCPU
                0x0000000000105aac       0x34 C:/devkitPro/libctru/lib\libctru.a(ptmsysm.o)
                0x0000000000105aac                PTMSYSM_ConfigureNew3DSCPU
 .text.rbtree_node_next
                0x0000000000105ae0       0x50 C:/devkitPro/libctru/lib\libctru.a(rbtree_iterator.o)
                0x0000000000105ae0                rbtree_node_next
 .text.__appInit
                0x0000000000105b30       0x1c C:/devkitPro/libctru/lib\libctru.a(appInit.o)
                0x0000000000105b30                __appInit
 .text.__appExit
                0x0000000000105b4c       0x1c C:/devkitPro/libctru/lib\libctru.a(appExit.o)
                0x0000000000105b4c                __appExit
 .text.__libctru_exit
                0x0000000000105b68       0xa0 C:/devkitPro/libctru/lib\libctru.a(ctru_exit.o)
                0x0000000000105b68                __libctru_exit
 .text.envGetHandle
                0x0000000000105c08       0x84 C:/devkitPro/libctru/lib\libctru.a(env.o)
                0x0000000000105c08                envGetHandle
 .text.envDestroyHandles
                0x0000000000105c8c       0x4c C:/devkitPro/libctru/lib\libctru.a(env.o)
                0x0000000000105c8c                envDestroyHandles
 .text.sdmc_link
                0x0000000000105cd8       0x14 C:/devkitPro/libctru/lib\libctru.a(sdmc_dev.o)
 .text.sdmc_dirreset
                0x0000000000105cec       0x14 C:/devkitPro/libctru/lib\libctru.a(sdmc_dev.o)
 .text.sdmc_chmod
                0x0000000000105d00       0x14 C:/devkitPro/libctru/lib\libctru.a(sdmc_dev.o)
 .text.error_cmp
                0x0000000000105d14       0x24 C:/devkitPro/libctru/lib\libctru.a(sdmc_dev.o)
 .text.sdmc_translate_error
                0x0000000000105d38       0x50 C:/devkitPro/libctru/lib\libctru.a(sdmc_dev.o)
 .text.sdmc_fsync
                0x0000000000105d88       0x34 C:/devkitPro/libctru/lib\libctru.a(sdmc_dev.o)
 .text.sdmc_ftruncate
                0x0000000000105dbc       0x54 C:/devkitPro/libctru/lib\libctru.a(sdmc_dev.o)
 .text.sdmc_statvfs
                0x0000000000105e10       0xbc C:/devkitPro/libctru/lib\libctru.a(sdmc_dev.o)
 .text.sdmc_dirclose
                0x0000000000105ecc       0x38 C:/devkitPro/libctru/lib\libctru.a(sdmc_dev.o)
 .text.sdmc_dirnext
                0x0000000000105f04      0x13c C:/devkitPro/libctru/lib\libctru.a(sdmc_dev.o)
 .text.sdmc_close
                0x0000000000106040       0x34 C:/devkitPro/libctru/lib\libctru.a(sdmc_dev.o)
 .text.sdmc_fstat
                0x0000000000106074       0x70 C:/devkitPro/libctru/lib\libctru.a(sdmc_dev.o)
 .text.sdmc_seek
                0x00000000001060e4       0xd4 C:/devkitPro/libctru/lib\libctru.a(sdmc_dev.o)
 .text.sdmc_read
                0x00000000001061b8       0x78 C:/devkitPro/libctru/lib\libctru.a(sdmc_dev.o)
 .text.sdmc_write
                0x0000000000106230       0xac C:/devkitPro/libctru/lib\libctru.a(sdmc_dev.o)
 .text.sdmc_utf16path
                0x00000000001062dc      0x1b0 C:/devkitPro/libctru/lib\libctru.a(sdmc_dev.o)
 .text.sdmc_rmdir
                0x000000000010648c       0x74 C:/devkitPro/libctru/lib\libctru.a(sdmc_dev.o)
 .text.sdmc_diropen
                0x0000000000106500       0xa4 C:/devkitPro/libctru/lib\libctru.a(sdmc_dev.o)
 .text.sdmc_chdir
                0x00000000001065a4       0xac C:/devkitPro/libctru/lib\libctru.a(sdmc_dev.o)
 .text.sdmc_mkdir
                0x0000000000106650       0x98 C:/devkitPro/libctru/lib\libctru.a(sdmc_dev.o)
 .text.sdmc_rename
                0x00000000001066e8      0x108 C:/devkitPro/libctru/lib\libctru.a(sdmc_dev.o)
 .text.sdmc_unlink
                0x00000000001067f0       0x74 C:/devkitPro/libctru/lib\libctru.a(sdmc_dev.o)
 .text.sdmc_stat
                0x0000000000106864      0x108 C:/devkitPro/libctru/lib\libctru.a(sdmc_dev.o)
 .text.sdmc_open
                0x000000000010696c      0x198 C:/devkitPro/libctru/lib\libctru.a(sdmc_dev.o)
 .text.sdmc_fchmod
                0x0000000000106b04       0x14 C:/devkitPro/libctru/lib\libctru.a(sdmc_dev.o)
 .text.sdmcInit
                0x0000000000106b18      0x168 C:/devkitPro/libctru/lib\libctru.a(sdmc_dev.o)
                0x0000000000106b18                sdmcInit
 .text.sdmcExit
                0x0000000000106c80       0x60 C:/devkitPro/libctru/lib\libctru.a(sdmc_dev.o)
                0x0000000000106c80                sdmcExit
 .text.fsSessionForArchive.part.0
                0x0000000000106ce0       0x28 C:/devkitPro/libctru/lib\libctru.a(fs.o)
 .text.fsInit   0x0000000000106d08       0xc4 C:/devkitPro/libctru/lib\libctru.a(fs.o)
                0x0000000000106d08                fsInit
 .text.fsExit   0x0000000000106dcc       0x3c C:/devkitPro/libctru/lib\libctru.a(fs.o)
                0x0000000000106dcc                fsExit
 .text.fsExemptFromSession
                0x0000000000106e08       0x64 C:/devkitPro/libctru/lib\libctru.a(fs.o)
                0x0000000000106e08                fsExemptFromSession
 .text.fsUnexemptFromSession
                0x0000000000106e6c       0x5c C:/devkitPro/libctru/lib\libctru.a(fs.o)
                0x0000000000106e6c                fsUnexemptFromSession
 .text.FSUSER_OpenFile
                0x0000000000106ec8       0xbc C:/devkitPro/libctru/lib\libctru.a(fs.o)
                0x0000000000106ec8                FSUSER_OpenFile
 .text.FSUSER_DeleteFile
                0x0000000000106f84       0xac C:/devkitPro/libctru/lib\libctru.a(fs.o)
                0x0000000000106f84                FSUSER_DeleteFile
 .text.FSUSER_RenameFile
                0x0000000000107030       0xe8 C:/devkitPro/libctru/lib\libctru.a(fs.o)
                0x0000000000107030                FSUSER_RenameFile
 .text.FSUSER_DeleteDirectory
                0x0000000000107118       0xac C:/devkitPro/libctru/lib\libctru.a(fs.o)
                0x0000000000107118                FSUSER_DeleteDirectory
 .text.FSUSER_CreateFile
                0x00000000001071c4       0xc4 C:/devkitPro/libctru/lib\libctru.a(fs.o)
                0x00000000001071c4                FSUSER_CreateFile
 .text.FSUSER_CreateDirectory
                0x0000000000107288       0xb4 C:/devkitPro/libctru/lib\libctru.a(fs.o)
                0x0000000000107288                FSUSER_CreateDirectory
 .text.FSUSER_RenameDirectory
                0x000000000010733c       0xe8 C:/devkitPro/libctru/lib\libctru.a(fs.o)
                0x000000000010733c                FSUSER_RenameDirectory
 .text.FSUSER_OpenDirectory
                0x0000000000107424       0xa0 C:/devkitPro/libctru/lib\libctru.a(fs.o)
                0x0000000000107424                FSUSER_OpenDirectory
 .text.FSUSER_OpenArchive
                0x00000000001074c4       0x98 C:/devkitPro/libctru/lib\libctru.a(fs.o)
                0x00000000001074c4                FSUSER_OpenArchive
 .text.FSUSER_CloseArchive
                0x000000000010755c       0x78 C:/devkitPro/libctru/lib\libctru.a(fs.o)
                0x000000000010755c                FSUSER_CloseArchive
 .text.FSUSER_GetSdmcArchiveResource
                0x00000000001075d4       0x78 C:/devkitPro/libctru/lib\libctru.a(fs.o)
                0x00000000001075d4                FSUSER_GetSdmcArchiveResource
 .text.FSUSER_IsSdmcWritable
                0x000000000010764c       0x64 C:/devkitPro/libctru/lib\libctru.a(fs.o)
                0x000000000010764c                FSUSER_IsSdmcWritable
 .text.FSFILE_Read
                0x00000000001076b0       0x5c C:/devkitPro/libctru/lib\libctru.a(fs.o)
                0x00000000001076b0                FSFILE_Read
 .text.FSFILE_Write
                0x000000000010770c       0x64 C:/devkitPro/libctru/lib\libctru.a(fs.o)
                0x000000000010770c                FSFILE_Write
 .text.FSFILE_GetSize
                0x0000000000107770       0x38 C:/devkitPro/libctru/lib\libctru.a(fs.o)
                0x0000000000107770                FSFILE_GetSize
 .text.FSFILE_SetSize
                0x00000000001077a8       0x28 C:/devkitPro/libctru/lib\libctru.a(fs.o)
                0x00000000001077a8                FSFILE_SetSize
 .text.FSFILE_Close
                0x00000000001077d0       0x3c C:/devkitPro/libctru/lib\libctru.a(fs.o)
                0x00000000001077d0                FSFILE_Close
 .text.FSFILE_Flush
                0x000000000010780c       0x24 C:/devkitPro/libctru/lib\libctru.a(fs.o)
                0x000000000010780c                FSFILE_Flush
 .text.FSDIR_Read
                0x0000000000107830       0x54 C:/devkitPro/libctru/lib\libctru.a(fs.o)
                0x0000000000107830                FSDIR_Read
 .text.FSDIR_Close
                0x0000000000107884       0x3c C:/devkitPro/libctru/lib\libctru.a(fs.o)
                0x0000000000107884                FSDIR_Close
 .text.utf16_to_utf8
                0x00000000001078c0       0xe8 C:/devkitPro/libctru/lib\libctru.a(utf16_to_utf8.o)
                0x00000000001078c0                utf16_to_utf8
 .text.decode_utf16
                0x00000000001079a8       0x60 C:/devkitPro/libctru/lib\libctru.a(decode_utf16.o)
                0x00000000001079a8                decode_utf16
 .text.decode_utf8
                0x0000000000107a08      0x138 C:/devkitPro/libctru/lib\libctru.a(decode_utf8.o)
                0x0000000000107a08                decode_utf8
 .text.utf8_to_utf16
                0x0000000000107b40       0xc0 C:/devkitPro/libctru/lib\libctru.a(utf8_to_utf16.o)
                0x0000000000107b40                utf8_to_utf16
 .text.__aeabi_read_tp
                0x0000000000107c00        0xc C:/devkitPro/libctru/lib\libctru.a(readtp.o)
                0x0000000000107c00                __aeabi_read_tp
 .text.encode_utf16
                0x0000000000107c0c       0x68 C:/devkitPro/libctru/lib\libctru.a(encode_utf16.o)
                0x0000000000107c0c                encode_utf16
 .text.encode_utf8
                0x0000000000107c74      0x104 C:/devkitPro/libctru/lib\libctru.a(encode_utf8.o)
                0x0000000000107c74                encode_utf8
 .text.__fixdfdi
                0x0000000000107d78       0x38 c:/devkitpro/devkitarm/bin/../lib/gcc/arm-none-eabi/9.1.0/armv6k/fpu\libgcc.a(_fixdfdi.o)
                0x0000000000107d78                __fixdfdi
                0x0000000000107d78                __aeabi_d2lz
 .text.__fixunsdfdi
                0x0000000000107db0       0x40 c:/devkitpro/devkitarm/bin/../lib/gcc/arm-none-eabi/9.1.0/armv6k/fpu\libgcc.a(_fixunsdfdi.o)
                0x0000000000107db0                __fixunsdfdi
                0x0000000000107db0                __aeabi_d2ulz
 .text.bsearch  0x0000000000107df0       0x7c c:/devkitpro/devkitarm/bin/../lib/gcc/arm-none-eabi/9.1.0/../../../../arm-none-eabi/lib/armv6k/fpu\libg.a(lib_a-bsearch.o)
                0x0000000000107df0                bsearch
 .text.__errno  0x0000000000107e6c        0xc c:/devkitpro/devkitarm/bin/../lib/gcc/arm-none-eabi/9.1.0/../../../../arm-none-eabi/lib/armv6k/fpu\libg.a(lib_a-errno.o)
                0x0000000000107e6c                __errno
 .text.exit     0x0000000000107e78       0x34 c:/devkitpro/devkitarm/bin/../lib/gcc/arm-none-eabi/9.1.0/../../../../arm-none-eabi/lib/armv6k/fpu\libg.a(lib_a-exit.o)
                0x0000000000107e78                exit
 .text._fclose_r
                0x0000000000107eac      0x160 c:/devkitpro/devkitarm/bin/../lib/gcc/arm-none-eabi/9.1.0/../../../../arm-none-eabi/lib/armv6k/fpu\libg.a(lib_a-fclose.o)
                0x0000000000107eac                _fclose_r
 .text.fclose   0x000000000010800c       0x20 c:/devkitpro/devkitarm/bin/../lib/gcc/arm-none-eabi/9.1.0/../../../../arm-none-eabi/lib/armv6k/fpu\libg.a(lib_a-fclose.o)
                0x000000000010800c                fclose
 .text.__sflush_r
                0x000000000010802c      0x278 c:/devkitpro/devkitarm/bin/../lib/gcc/arm-none-eabi/9.1.0/../../../../arm-none-eabi/lib/armv6k/fpu\libg.a(lib_a-fflush.o)
                0x000000000010802c                __sflush_r
 .text._fflush_r
                0x00000000001082a4       0x94 c:/devkitpro/devkitarm/bin/../lib/gcc/arm-none-eabi/9.1.0/../../../../arm-none-eabi/lib/armv6k/fpu\libg.a(lib_a-fflush.o)
                0x00000000001082a4                _fflush_r
 .text.fflush   0x0000000000108338       0x38 c:/devkitpro/devkitarm/bin/../lib/gcc/arm-none-eabi/9.1.0/../../../../arm-none-eabi/lib/armv6k/fpu\libg.a(lib_a-fflush.o)
                0x0000000000108338                fflush
 .text.std      0x0000000000108370       0x78 c:/devkitpro/devkitarm/bin/../lib/gcc/arm-none-eabi/9.1.0/../../../../arm-none-eabi/lib/armv6k/fpu\libg.a(lib_a-findfp.o)
 .text._cleanup_r
                0x00000000001083e8        0xc c:/devkitpro/devkitarm/bin/../lib/gcc/arm-none-eabi/9.1.0/../../../../arm-none-eabi/lib/armv6k/fpu\libg.a(lib_a-findfp.o)
                0x00000000001083e8                _cleanup_r
 .text.__sfmoreglue
                0x00000000001083f4       0x48 c:/devkitpro/devkitarm/bin/../lib/gcc/arm-none-eabi/9.1.0/../../../../arm-none-eabi/lib/armv6k/fpu\libg.a(lib_a-findfp.o)
                0x00000000001083f4                __sfmoreglue
 .text.__sinit  0x000000000010843c       0x8c c:/devkitpro/devkitarm/bin/../lib/gcc/arm-none-eabi/9.1.0/../../../../arm-none-eabi/lib/armv6k/fpu\libg.a(lib_a-findfp.o)
                0x000000000010843c                __sinit
 .text.__sfp    0x00000000001084c8      0x10c c:/devkitpro/devkitarm/bin/../lib/gcc/arm-none-eabi/9.1.0/../../../../arm-none-eabi/lib/armv6k/fpu\libg.a(lib_a-findfp.o)
                0x00000000001084c8                __sfp
 .text.__sfp_lock_acquire
                0x00000000001085d4        0xc c:/devkitpro/devkitarm/bin/../lib/gcc/arm-none-eabi/9.1.0/../../../../arm-none-eabi/lib/armv6k/fpu\libg.a(lib_a-findfp.o)
                0x00000000001085d4                __sfp_lock_acquire
 .text.__sfp_lock_release
                0x00000000001085e0        0xc c:/devkitpro/devkitarm/bin/../lib/gcc/arm-none-eabi/9.1.0/../../../../arm-none-eabi/lib/armv6k/fpu\libg.a(lib_a-findfp.o)
                0x00000000001085e0                __sfp_lock_release
 .text.__libc_fini_array
                0x00000000001085ec       0x3c c:/devkitpro/devkitarm/bin/../lib/gcc/arm-none-eabi/9.1.0/../../../../arm-none-eabi/lib/armv6k/fpu\libg.a(lib_a-fini.o)
                0x00000000001085ec                __libc_fini_array
 .text._fopen_r
                0x0000000000108628      0x138 c:/devkitpro/devkitarm/bin/../lib/gcc/arm-none-eabi/9.1.0/../../../../arm-none-eabi/lib/armv6k/fpu\libg.a(lib_a-fopen.o)
                0x0000000000108628                _fopen_r
 .text.fopen    0x0000000000108760       0x28 c:/devkitpro/devkitarm/bin/../lib/gcc/arm-none-eabi/9.1.0/../../../../arm-none-eabi/lib/armv6k/fpu\libg.a(lib_a-fopen.o)
                0x0000000000108760                fopen
 .text._fread_r
                0x0000000000108788      0x2e0 c:/devkitpro/devkitarm/bin/../lib/gcc/arm-none-eabi/9.1.0/../../../../arm-none-eabi/lib/armv6k/fpu\libg.a(lib_a-fread.o)
                0x0000000000108788                _fread_r
 .text.fread    0x0000000000108a68       0x38 c:/devkitpro/devkitarm/bin/../lib/gcc/arm-none-eabi/9.1.0/../../../../arm-none-eabi/lib/armv6k/fpu\libg.a(lib_a-fread.o)
                0x0000000000108a68                fread
 .text._malloc_trim_r
                0x0000000000108aa0       0xf8 c:/devkitpro/devkitarm/bin/../lib/gcc/arm-none-eabi/9.1.0/../../../../arm-none-eabi/lib/armv6k/fpu\libg.a(lib_a-freer.o)
                0x0000000000108aa0                _malloc_trim_r
 .text._free_r  0x0000000000108b98      0x2e8 c:/devkitpro/devkitarm/bin/../lib/gcc/arm-none-eabi/9.1.0/../../../../arm-none-eabi/lib/armv6k/fpu\libg.a(lib_a-freer.o)
                0x0000000000108b98                _free_r
 .text._fseek_r
                0x0000000000108e80       0x20 c:/devkitpro/devkitarm/bin/../lib/gcc/arm-none-eabi/9.1.0/../../../../arm-none-eabi/lib/armv6k/fpu\libg.a(lib_a-fseek.o)
                0x0000000000108e80                _fseek_r
 .text.fseek    0x0000000000108ea0       0x34 c:/devkitpro/devkitarm/bin/../lib/gcc/arm-none-eabi/9.1.0/../../../../arm-none-eabi/lib/armv6k/fpu\libg.a(lib_a-fseek.o)
                0x0000000000108ea0                fseek
 .text._fseeko_r
                0x0000000000108ed4      0x5ac c:/devkitpro/devkitarm/bin/../lib/gcc/arm-none-eabi/9.1.0/../../../../arm-none-eabi/lib/armv6k/fpu\libg.a(lib_a-fseeko.o)
                0x0000000000108ed4                _fseeko_r
 .text.ftell    0x0000000000109480       0x40 c:/devkitpro/devkitarm/bin/../lib/gcc/arm-none-eabi/9.1.0/../../../../arm-none-eabi/lib/armv6k/fpu\libg.a(lib_a-ftell.o)
                0x0000000000109480                ftell
 .text._ftello_r
                0x00000000001094c0      0x1bc c:/devkitpro/devkitarm/bin/../lib/gcc/arm-none-eabi/9.1.0/../../../../arm-none-eabi/lib/armv6k/fpu\libg.a(lib_a-ftello.o)
                0x00000000001094c0                _ftello_r
 .text._fwalk   0x000000000010967c       0x68 c:/devkitpro/devkitarm/bin/../lib/gcc/arm-none-eabi/9.1.0/../../../../arm-none-eabi/lib/armv6k/fpu\libg.a(lib_a-fwalk.o)
                0x000000000010967c                _fwalk
 .text._fwalk_reent
                0x00000000001096e4       0x70 c:/devkitpro/devkitarm/bin/../lib/gcc/arm-none-eabi/9.1.0/../../../../arm-none-eabi/lib/armv6k/fpu\libg.a(lib_a-fwalk.o)
                0x00000000001096e4                _fwalk_reent
 .text.__libc_init_array
                0x0000000000109754       0x7c c:/devkitpro/devkitarm/bin/../lib/gcc/arm-none-eabi/9.1.0/../../../../arm-none-eabi/lib/armv6k/fpu\libg.a(lib_a-init.o)
                0x0000000000109754                __libc_init_array
 .text.__swhatbuf_r
                0x00000000001097d0       0x94 c:/devkitpro/devkitarm/bin/../lib/gcc/arm-none-eabi/9.1.0/../../../../arm-none-eabi/lib/armv6k/fpu\libg.a(lib_a-makebuf.o)
                0x00000000001097d0                __swhatbuf_r
 .text.__smakebuf_r
                0x0000000000109864       0xf8 c:/devkitpro/devkitarm/bin/../lib/gcc/arm-none-eabi/9.1.0/../../../../arm-none-eabi/lib/armv6k/fpu\libg.a(lib_a-makebuf.o)
                0x0000000000109864                __smakebuf_r
 .text.memalign
                0x000000000010995c       0x28 c:/devkitpro/devkitarm/bin/../lib/gcc/arm-none-eabi/9.1.0/../../../../arm-none-eabi/lib/armv6k/fpu\libg.a(lib_a-malign.o)
                0x000000000010995c                memalign
 .text._memalign_r
                0x0000000000109984      0x14c c:/devkitpro/devkitarm/bin/../lib/gcc/arm-none-eabi/9.1.0/../../../../arm-none-eabi/lib/armv6k/fpu\libg.a(lib_a-malignr.o)
                0x0000000000109984                _memalign_r
 .text.malloc   0x0000000000109ad0       0x20 c:/devkitpro/devkitarm/bin/../lib/gcc/arm-none-eabi/9.1.0/../../../../arm-none-eabi/lib/armv6k/fpu\libg.a(lib_a-malloc.o)
                0x0000000000109ad0                malloc
 .text.free     0x0000000000109af0       0x20 c:/devkitpro/devkitarm/bin/../lib/gcc/arm-none-eabi/9.1.0/../../../../arm-none-eabi/lib/armv6k/fpu\libg.a(lib_a-malloc.o)
                0x0000000000109af0                free
 .text._malloc_r
                0x0000000000109b10      0x7d0 c:/devkitpro/devkitarm/bin/../lib/gcc/arm-none-eabi/9.1.0/../../../../arm-none-eabi/lib/armv6k/fpu\libg.a(lib_a-mallocr.o)
                0x0000000000109b10                _malloc_r
 .text.memcpy   0x000000000010a2e0      0x120 c:/devkitpro/devkitarm/bin/../lib/gcc/arm-none-eabi/9.1.0/../../../../arm-none-eabi/lib/armv6k/fpu\libg.a(lib_a-memcpy-stub.o)
                0x000000000010a2e0                memcpy
 .text.memset   0x000000000010a400      0x118 c:/devkitpro/devkitarm/bin/../lib/gcc/arm-none-eabi/9.1.0/../../../../arm-none-eabi/lib/armv6k/fpu\libg.a(lib_a-memset.o)
                0x000000000010a400                memset
 .text.__malloc_lock
                0x000000000010a518        0xc c:/devkitpro/devkitarm/bin/../lib/gcc/arm-none-eabi/9.1.0/../../../../arm-none-eabi/lib/armv6k/fpu\libg.a(lib_a-mlock.o)
                0x000000000010a518                __malloc_lock
 .text.__malloc_unlock
                0x000000000010a524        0xc c:/devkitpro/devkitarm/bin/../lib/gcc/arm-none-eabi/9.1.0/../../../../arm-none-eabi/lib/armv6k/fpu\libg.a(lib_a-mlock.o)
                0x000000000010a524                __malloc_unlock
 .text.lflush   0x000000000010a530       0x1c c:/devkitpro/devkitarm/bin/../lib/gcc/arm-none-eabi/9.1.0/../../../../arm-none-eabi/lib/armv6k/fpu\libg.a(lib_a-refill.o)
 .text.__srefill_r
                0x000000000010a54c      0x1ac c:/devkitpro/devkitarm/bin/../lib/gcc/arm-none-eabi/9.1.0/../../../../arm-none-eabi/lib/armv6k/fpu\libg.a(lib_a-refill.o)
                0x000000000010a54c                __srefill_r
 .text.__sread  0x000000000010a6f8       0x3c c:/devkitpro/devkitarm/bin/../lib/gcc/arm-none-eabi/9.1.0/../../../../arm-none-eabi/lib/armv6k/fpu\libg.a(lib_a-stdio.o)
                0x000000000010a6f8                __sread
 .text.__swrite
                0x000000000010a734       0x68 c:/devkitpro/devkitarm/bin/../lib/gcc/arm-none-eabi/9.1.0/../../../../arm-none-eabi/lib/armv6k/fpu\libg.a(lib_a-stdio.o)
                0x000000000010a734                __swrite
 .text.__sseek  0x000000000010a79c       0x58 c:/devkitpro/devkitarm/bin/../lib/gcc/arm-none-eabi/9.1.0/../../../../arm-none-eabi/lib/armv6k/fpu\libg.a(lib_a-stdio.o)
                0x000000000010a79c                __sseek
 .text.__sclose
                0x000000000010a7f4        0x8 c:/devkitpro/devkitarm/bin/../lib/gcc/arm-none-eabi/9.1.0/../../../../arm-none-eabi/lib/armv6k/fpu\libg.a(lib_a-stdio.o)
                0x000000000010a7f4                __sclose
 .text.strlen   0x000000000010a7fc       0x5c c:/devkitpro/devkitarm/bin/../lib/gcc/arm-none-eabi/9.1.0/../../../../arm-none-eabi/lib/armv6k/fpu\libg.a(lib_a-strlen-stub.o)
                0x000000000010a7fc                strlen
 .text.strncat  0x000000000010a858       0x98 c:/devkitpro/devkitarm/bin/../lib/gcc/arm-none-eabi/9.1.0/../../../../arm-none-eabi/lib/armv6k/fpu\libg.a(lib_a-strncat.o)
                0x000000000010a858                strncat
 .text.strncpy  0x000000000010a8f0       0xc0 c:/devkitpro/devkitarm/bin/../lib/gcc/arm-none-eabi/9.1.0/../../../../arm-none-eabi/lib/armv6k/fpu\libg.a(lib_a-strncpy.o)
                0x000000000010a8f0                strncpy
 .text.strnlen  0x000000000010a9b0       0x48 c:/devkitpro/devkitarm/bin/../lib/gcc/arm-none-eabi/9.1.0/../../../../arm-none-eabi/lib/armv6k/fpu\libg.a(lib_a-strnlen.o)
                0x000000000010a9b0                strnlen
 .text.__call_exitprocs
                0x000000000010a9f8      0x118 c:/devkitpro/devkitarm/bin/../lib/gcc/arm-none-eabi/9.1.0/../../../../arm-none-eabi/lib/armv6k/fpu\libg.a(lib_a-__call_atexit.o)
                0x000000000010a9f8                __call_exitprocs
 .text.__sflags
                0x000000000010ab10       0xc8 c:/devkitpro/devkitarm/bin/../lib/gcc/arm-none-eabi/9.1.0/../../../../arm-none-eabi/lib/armv6k/fpu\libg.a(lib_a-flags.o)
                0x000000000010ab10                __sflags
 .text.null_write
                0x000000000010abd8        0x8 c:/devkitpro/devkitarm/bin/../lib/gcc/arm-none-eabi/9.1.0/../../../../arm-none-eabi/lib/armv6k/fpu\libsysbase.a(iosupport.o)
 .text.setDefaultDevice
                0x000000000010abe0       0x18 c:/devkitpro/devkitarm/bin/../lib/gcc/arm-none-eabi/9.1.0/../../../../arm-none-eabi/lib/armv6k/fpu\libsysbase.a(iosupport.o)
                0x000000000010abe0                setDefaultDevice
 .text.FindDevice
                0x000000000010abf8       0xc8 c:/devkitpro/devkitarm/bin/../lib/gcc/arm-none-eabi/9.1.0/../../../../arm-none-eabi/lib/armv6k/fpu\libsysbase.a(iosupport.o)
                0x000000000010abf8                FindDevice
 .text.RemoveDevice
                0x000000000010acc0       0x28 c:/devkitpro/devkitarm/bin/../lib/gcc/arm-none-eabi/9.1.0/../../../../arm-none-eabi/lib/armv6k/fpu\libsysbase.a(iosupport.o)
                0x000000000010acc0                RemoveDevice
 .text.AddDevice
                0x000000000010ace8       0x9c c:/devkitpro/devkitarm/bin/../lib/gcc/arm-none-eabi/9.1.0/../../../../arm-none-eabi/lib/armv6k/fpu\libsysbase.a(iosupport.o)
                0x000000000010ace8                AddDevice
 .text._fstat_r
                0x000000000010ad84       0x78 c:/devkitpro/devkitarm/bin/../lib/gcc/arm-none-eabi/9.1.0/../../../../arm-none-eabi/lib/armv6k/fpu\libsysbase.a(fstat.o)
                0x000000000010ad84                _fstat_r
 .text._isatty_r
                0x000000000010adfc        0x8 c:/devkitpro/devkitarm/bin/../lib/gcc/arm-none-eabi/9.1.0/../../../../arm-none-eabi/lib/armv6k/fpu\libsysbase.a(isatty.o)
                0x000000000010adfc                _isatty_r
 .text._lseek_r
                0x000000000010ae04       0x84 c:/devkitpro/devkitarm/bin/../lib/gcc/arm-none-eabi/9.1.0/../../../../arm-none-eabi/lib/armv6k/fpu\libsysbase.a(lseek.o)
                0x000000000010ae04                _lseek_r
 .text._open_r  0x000000000010ae88       0xc4 c:/devkitpro/devkitarm/bin/../lib/gcc/arm-none-eabi/9.1.0/../../../../arm-none-eabi/lib/armv6k/fpu\libsysbase.a(open.o)
                0x000000000010ae88                _open_r
 .text._read_r  0x000000000010af4c       0x80 c:/devkitpro/devkitarm/bin/../lib/gcc/arm-none-eabi/9.1.0/../../../../arm-none-eabi/lib/armv6k/fpu\libsysbase.a(read.o)
                0x000000000010af4c                _read_r
 .text._sbrk_r  0x000000000010afcc       0x78 c:/devkitpro/devkitarm/bin/../lib/gcc/arm-none-eabi/9.1.0/../../../../arm-none-eabi/lib/armv6k/fpu\libsysbase.a(sbrk.o)
                0x000000000010afcc                _sbrk_r
 .text._write_r
                0x000000000010b044       0x80 c:/devkitpro/devkitarm/bin/../lib/gcc/arm-none-eabi/9.1.0/../../../../arm-none-eabi/lib/armv6k/fpu\libsysbase.a(write.o)
                0x000000000010b044                _write_r
 .text._exit    0x000000000010b0c4       0x24 c:/devkitpro/devkitarm/bin/../lib/gcc/arm-none-eabi/9.1.0/../../../../arm-none-eabi/lib/armv6k/fpu\libsysbase.a(_exit.o)
                0x000000000010b0c4                _exit
 .text._concatenate_path
                0x000000000010b0e8      0x1bc c:/devkitpro/devkitarm/bin/../lib/gcc/arm-none-eabi/9.1.0/../../../../arm-none-eabi/lib/armv6k/fpu\libsysbase.a(chdir.o)
                0x000000000010b0e8                _concatenate_path
 .text.chdir    0x000000000010b2a4      0x15c c:/devkitpro/devkitarm/bin/../lib/gcc/arm-none-eabi/9.1.0/../../../../arm-none-eabi/lib/armv6k/fpu\libsysbase.a(chdir.o)
                0x000000000010b2a4                chdir
 .text.__flockfile
                0x000000000010b400        0x8 c:/devkitpro/devkitarm/bin/../lib/gcc/arm-none-eabi/9.1.0/../../../../arm-none-eabi/lib/armv6k/fpu\libsysbase.a(flock.o)
                0x000000000010b400                __flockfile
 .text.__funlockfile
                0x000000000010b408        0x8 c:/devkitpro/devkitarm/bin/../lib/gcc/arm-none-eabi/9.1.0/../../../../arm-none-eabi/lib/armv6k/fpu\libsysbase.a(flock.o)
                0x000000000010b408                __funlockfile
 .text.__libc_lock_acquire
                0x000000000010b410       0x18 c:/devkitpro/devkitarm/bin/../lib/gcc/arm-none-eabi/9.1.0/../../../../arm-none-eabi/lib/armv6k/fpu\libsysbase.a(syscall_support.o)
                0x000000000010b410                __libc_lock_acquire
 .text.__libc_lock_release
                0x000000000010b428       0x18 c:/devkitpro/devkitarm/bin/../lib/gcc/arm-none-eabi/9.1.0/../../../../arm-none-eabi/lib/armv6k/fpu\libsysbase.a(syscall_support.o)
                0x000000000010b428                __libc_lock_release
 .text.__libc_lock_init_recursive
                0x000000000010b440       0x18 c:/devkitpro/devkitarm/bin/../lib/gcc/arm-none-eabi/9.1.0/../../../../arm-none-eabi/lib/armv6k/fpu\libsysbase.a(syscall_support.o)
                0x000000000010b440                __libc_lock_init_recursive
 .text.__libc_lock_acquire_recursive
                0x000000000010b458       0x18 c:/devkitpro/devkitarm/bin/../lib/gcc/arm-none-eabi/9.1.0/../../../../arm-none-eabi/lib/armv6k/fpu\libsysbase.a(syscall_support.o)
                0x000000000010b458                __libc_lock_acquire_recursive
 .text.__libc_lock_release_recursive
                0x000000000010b470       0x18 c:/devkitpro/devkitarm/bin/../lib/gcc/arm-none-eabi/9.1.0/../../../../arm-none-eabi/lib/armv6k/fpu\libsysbase.a(syscall_support.o)
                0x000000000010b470                __libc_lock_release_recursive
 .text.__libc_lock_close_recursive
                0x000000000010b488       0x18 c:/devkitpro/devkitarm/bin/../lib/gcc/arm-none-eabi/9.1.0/../../../../arm-none-eabi/lib/armv6k/fpu\libsysbase.a(syscall_support.o)
                0x000000000010b488                __libc_lock_close_recursive
 .text.__release_handle
                0x000000000010b4a0       0x8c c:/devkitpro/devkitarm/bin/../lib/gcc/arm-none-eabi/9.1.0/../../../../arm-none-eabi/lib/armv6k/fpu\libsysbase.a(handle_manager.o)
                0x000000000010b4a0                __release_handle
 .text.__alloc_handle
                0x000000000010b52c       0xb4 c:/devkitpro/devkitarm/bin/../lib/gcc/arm-none-eabi/9.1.0/../../../../arm-none-eabi/lib/armv6k/fpu\libsysbase.a(handle_manager.o)
                0x000000000010b52c                __alloc_handle
 .text.__get_handle
                0x000000000010b5e0       0x3c c:/devkitpro/devkitarm/bin/../lib/gcc/arm-none-eabi/9.1.0/../../../../arm-none-eabi/lib/armv6k/fpu\libsysbase.a(handle_manager.o)
                0x000000000010b5e0                __get_handle
 .text._close_r
                0x000000000010b61c       0xf8 c:/devkitpro/devkitarm/bin/../lib/gcc/arm-none-eabi/9.1.0/../../../../arm-none-eabi/lib/armv6k/fpu\libsysbase.a(handle_manager.o)
                0x000000000010b61c                _close_r
 .text.__getreent
                0x000000000010b714       0x28 c:/devkitpro/devkitarm/bin/../lib/gcc/arm-none-eabi/9.1.0/../../../../arm-none-eabi/lib/armv6k/fpu\libsysbase.a(getreent.o)
                0x000000000010b714                __getreent
 .text.strchr   0x000000000010b73c      0x144 c:/devkitpro/devkitarm/bin/../lib/gcc/arm-none-eabi/9.1.0/../../../../arm-none-eabi/lib/armv6k/fpu\libg.a(lib_a-strchr.o)
                0x000000000010b73c                strchr
 .text.strncmp  0x000000000010b880       0xec c:/devkitpro/devkitarm/bin/../lib/gcc/arm-none-eabi/9.1.0/../../../../arm-none-eabi/lib/armv6k/fpu\libg.a(lib_a-strncmp.o)
                0x000000000010b880                strncmp
 .text.strrchr  0x000000000010b96c       0x44 c:/devkitpro/devkitarm/bin/../lib/gcc/arm-none-eabi/9.1.0/../../../../arm-none-eabi/lib/armv6k/fpu\libg.a(lib_a-strrchr.o)
                0x000000000010b96c                strrchr
 *(.glue_7)
 .glue_7        0x000000000010b9b0        0x0 linker stubs
 *(.glue_7t)
 .glue_7t       0x000000000010b9b0        0x0 linker stubs
 *(.stub)
 *(.gnu.warning)
 *(.gnu.linkonce.t*)
                0x000000000010b9b0                . = ALIGN (0x4)
 *(.fini)
 .fini          0x000000000010b9b0        0xc c:/devkitpro/devkitarm/bin/../lib/gcc/arm-none-eabi/9.1.0/armv6k/fpu/crti.o
                0x000000000010b9b0                _fini
 .fini          0x000000000010b9bc        0xc c:/devkitpro/devkitarm/bin/../lib/gcc/arm-none-eabi/9.1.0/armv6k/fpu/crtn.o
                0x000000000010b9c8                . = ALIGN (0x4)

.vfp11_veneer   0x000000000010b9c8        0x0
 .vfp11_veneer  0x000000000010b9c8        0x0 linker stubs

.v4_bx          0x000000000010b9c8        0x0
 .v4_bx         0x000000000010b9c8        0x0 linker stubs

.iplt           0x000000000010b9c8        0x0
 .iplt          0x000000000010b9c8        0x0 c:/devkitpro/devkitarm/bin/../lib/gcc/arm-none-eabi/9.1.0/../../../../arm-none-eabi/lib/armv6k/fpu/3dsx_crt0.o
                0x000000000010c000                . = ALIGN (0x1000)

.rodata         0x000000000010c000    0x7eba4
 *(.rodata)
 .rodata        0x000000000010c000    0x46504 top_screen.bgr.o
                0x000000000010c000                top_screen_bgr
                0x0000000000152500                top_screen_bgr_size
                0x0000000000152500                top_screen_bgr_end
 .rodata        0x0000000000152504    0x38404 bottom_screen.bgr.o
                0x0000000000152504                bottom_screen_bgr
                0x000000000018a904                bottom_screen_bgr_size
                0x000000000018a904                bottom_screen_bgr_end
 .rodata        0x000000000018a908        0xc C:/devkitPro/libctru/lib\libctru.a(sdmc_dev.o)
 *(.roda)
 *(.rodata.*)
 .rodata.str1.4
                0x000000000018a914       0x46 main.o
 *fill*         0x000000000018a95a        0x2 
 .rodata.CSWTCH.62
                0x000000000018a95c       0x14 C:/devkitPro/libctru/lib\libctru.a(gfx.o)
 .rodata.framebufferInfoSt
                0x000000000018a970        0x8 C:/devkitPro/libctru/lib\libctru.a(gfx.o)
 .rodata.gspInit.str1.4
                0x000000000018a978        0x9 C:/devkitPro/libctru/lib\libctru.a(gspgpu.o)
 *fill*         0x000000000018a981        0x3 
 .rodata.csndInit.str1.4
                0x000000000018a984        0x9 C:/devkitPro/libctru/lib\libctru.a(csnd.o)
 *fill*         0x000000000018a98d        0x3 
 .rodata.aptSendCommand.str1.4
                0x000000000018a990       0x16 C:/devkitPro/libctru/lib\libctru.a(apt.o)
 *fill*         0x000000000018a9a6        0x2 
 .rodata.hidInit.str1.4
                0x000000000018a9a8       0x15 C:/devkitPro/libctru/lib\libctru.a(hid.o)
 *fill*         0x000000000018a9bd        0x3 
 .rodata.srvInit.str1.4
                0x000000000018a9c0        0x5 C:/devkitPro/libctru/lib\libctru.a(srv.o)
 *fill*         0x000000000018a9c5        0x3 
 .rodata.irrstInit.str1.4
                0x000000000018a9c8        0x7 C:/devkitPro/libctru/lib\libctru.a(irrst.o)
 *fill*         0x000000000018a9cf        0x1 
 .rodata.ptmSysmInit.str1.4
                0x000000000018a9d0        0x9 C:/devkitPro/libctru/lib\libctru.a(ptmsysm.o)
 *fill*         0x000000000018a9d9        0x3 
 .rodata.str1.4
                0x000000000018a9dc        0x5 C:/devkitPro/libctru/lib\libctru.a(sdmc_dev.o)
                                          0x9 (size before relaxing)
 *fill*         0x000000000018a9e1        0x3 
 .rodata.sdmcExit.str1.4
                0x000000000018a9e4        0x6 C:/devkitPro/libctru/lib\libctru.a(sdmc_dev.o)
 *fill*         0x000000000018a9ea        0x2 
 .rodata.error_table
                0x000000000018a9ec       0x30 C:/devkitPro/libctru/lib\libctru.a(sdmc_dev.o)
 .rodata.fsInit.str1.4
                0x000000000018aa1c        0x8 C:/devkitPro/libctru/lib\libctru.a(fs.o)
 .rodata._global_impure_ptr
                0x000000000018aa24        0x4 c:/devkitpro/devkitarm/bin/../lib/gcc/arm-none-eabi/9.1.0/../../../../arm-none-eabi/lib/armv6k/fpu\libg.a(lib_a-impure.o)
                0x000000000018aa24                _global_impure_ptr
 .rodata.AddDevice.str1.4
                0x000000000018aa28        0x8 c:/devkitpro/devkitarm/bin/../lib/gcc/arm-none-eabi/9.1.0/../../../../arm-none-eabi/lib/armv6k/fpu\libsysbase.a(iosupport.o)
 .rodata.dotab_stdnull
                0x000000000018aa30       0x70 c:/devkitpro/devkitarm/bin/../lib/gcc/arm-none-eabi/9.1.0/../../../../arm-none-eabi/lib/armv6k/fpu\libsysbase.a(iosupport.o)
                0x000000000018aa30                dotab_stdnull
 .rodata._ctype_
                0x000000000018aaa0      0x101 c:/devkitpro/devkitarm/bin/../lib/gcc/arm-none-eabi/9.1.0/../../../../arm-none-eabi/lib/armv6k/fpu\libg.a(lib_a-ctype_.o)
                0x000000000018aaa0                _ctype_
 *all.rodata*(*)
 *(.gnu.linkonce.r*)
                0x000000000018aba4                . = ALIGN (0x4)
 *fill*         0x000000000018aba1        0x3 

.eh_frame       0x000000000018aba4        0x0
 .eh_frame      0x000000000018aba4        0x0 c:/devkitpro/devkitarm/bin/../lib/gcc/arm-none-eabi/9.1.0/armv6k/fpu/crtbegin.o

.rel.dyn        0x000000000018aba4        0x0
 .rel.iplt      0x000000000018aba4        0x0 c:/devkitpro/devkitarm/bin/../lib/gcc/arm-none-eabi/9.1.0/../../../../arm-none-eabi/lib/armv6k/fpu/3dsx_crt0.o

.ARM.extab
 *(.ARM.extab* .gnu.linkonce.armextab.*)
                0x000000000018aba4                __exidx_start = .

ARM.exidx
 *(.ARM.exidx* .gnu.linkonce.armexidx.*)
                0x000000000018aba4                __exidx_end = .
                0x000000000018b000                . = ALIGN (0x1000)

.data           0x000000000018b000     0x21f8
 *(.data)
 .data          0x000000000018b000        0x4 C:/devkitPro/libctru/lib\libctru.a(stack_adjust.o)
                0x000000000018b000                __stacksize__
 *(.data.*)
 .data.botFormat
                0x000000000018b004        0x1 C:/devkitPro/libctru/lib\libctru.a(gfx.o)
 *fill*         0x000000000018b005        0x3 
 .data.doubleBuf
                0x000000000018b008        0x8 C:/devkitPro/libctru/lib\libctru.a(gfx.o)
 .data.topFormat
                0x000000000018b010        0x1 C:/devkitPro/libctru/lib\libctru.a(gfx.o)
 *fill*         0x000000000018b011        0x3 
 .data.gspLastEvent
                0x000000000018b014        0x4 C:/devkitPro/libctru/lib\libctru.a(gspgpu.o)
 .data.aptFlags
                0x000000000018b018        0x4 C:/devkitPro/libctru/lib\libctru.a(apt.o)
 .data.aptHomeAllowed
                0x000000000018b01c        0x1 C:/devkitPro/libctru/lib\libctru.a(apt.o)
 *fill*         0x000000000018b01d        0x3 
 .data.__ctru_linear_heap_size
                0x000000000018b020        0x4 C:/devkitPro/libctru/lib\libctru.a(allocateHeaps.o)
                0x000000000018b020                __ctru_linear_heap_size
 .data.__cwd    0x000000000018b024      0x401 C:/devkitPro/libctru/lib\libctru.a(sdmc_dev.o)
 *fill*         0x000000000018b425        0x3 
 .data.sdmc_devoptab
                0x000000000018b428       0x70 C:/devkitPro/libctru/lib\libctru.a(sdmc_dev.o)
 .data.__sfp_recursive_mutex
                0x000000000018b498        0xc c:/devkitpro/devkitarm/bin/../lib/gcc/arm-none-eabi/9.1.0/../../../../arm-none-eabi/lib/armv6k/fpu\libg.a(lib_a-findfp.o)
 .data.__sinit_recursive_mutex
                0x000000000018b4a4        0xc c:/devkitpro/devkitarm/bin/../lib/gcc/arm-none-eabi/9.1.0/../../../../arm-none-eabi/lib/armv6k/fpu\libg.a(lib_a-findfp.o)
 .data._impure_ptr
                0x000000000018b4b0        0x4 c:/devkitpro/devkitarm/bin/../lib/gcc/arm-none-eabi/9.1.0/../../../../arm-none-eabi/lib/armv6k/fpu\libg.a(lib_a-impure.o)
                0x000000000018b4b0                _impure_ptr
 *fill*         0x000000000018b4b4        0x4 
 .data.impure_data
                0x000000000018b4b8      0x460 c:/devkitpro/devkitarm/bin/../lib/gcc/arm-none-eabi/9.1.0/../../../../arm-none-eabi/lib/armv6k/fpu\libg.a(lib_a-impure.o)
 .data.__malloc_av_
                0x000000000018b918      0x408 c:/devkitpro/devkitarm/bin/../lib/gcc/arm-none-eabi/9.1.0/../../../../arm-none-eabi/lib/armv6k/fpu\libg.a(lib_a-mallocr.o)
                0x000000000018b918                __malloc_av_
 .data.__malloc_sbrk_base
                0x000000000018bd20        0x4 c:/devkitpro/devkitarm/bin/../lib/gcc/arm-none-eabi/9.1.0/../../../../arm-none-eabi/lib/armv6k/fpu\libg.a(lib_a-mallocr.o)
                0x000000000018bd20                __malloc_sbrk_base
 .data.__malloc_trim_threshold
                0x000000000018bd24        0x4 c:/devkitpro/devkitarm/bin/../lib/gcc/arm-none-eabi/9.1.0/../../../../arm-none-eabi/lib/armv6k/fpu\libg.a(lib_a-mallocr.o)
                0x000000000018bd24                __malloc_trim_threshold
 .data.__malloc_recursive_mutex
                0x000000000018bd28        0xc c:/devkitpro/devkitarm/bin/../lib/gcc/arm-none-eabi/9.1.0/../../../../arm-none-eabi/lib/armv6k/fpu\libg.a(lib_a-mlock.o)
 .data.__atexit_recursive_mutex
                0x000000000018bd34        0xc c:/devkitpro/devkitarm/bin/../lib/gcc/arm-none-eabi/9.1.0/../../../../arm-none-eabi/lib/armv6k/fpu\libg.a(lib_a-__call_atexit.o)
                0x000000000018bd34                __atexit_recursive_mutex
 .data.defaultDevice
                0x000000000018bd40        0x4 c:/devkitpro/devkitarm/bin/../lib/gcc/arm-none-eabi/9.1.0/../../../../arm-none-eabi/lib/armv6k/fpu\libsysbase.a(iosupport.o)
 .data.devoptab_list
                0x000000000018bd44       0x8c c:/devkitpro/devkitarm/bin/../lib/gcc/arm-none-eabi/9.1.0/../../../../arm-none-eabi/lib/armv6k/fpu\libsysbase.a(iosupport.o)
                0x000000000018bd44                devoptab_list
 .data._current_working_directory
                0x000000000018bdd0      0x400 c:/devkitpro/devkitarm/bin/../lib/gcc/arm-none-eabi/9.1.0/../../../../arm-none-eabi/lib/armv6k/fpu\libsysbase.a(chdir.o)
 .data.__hndl_lock
                0x000000000018c1d0        0x4 c:/devkitpro/devkitarm/bin/../lib/gcc/arm-none-eabi/9.1.0/../../../../arm-none-eabi/lib/armv6k/fpu\libsysbase.a(handle_manager.o)
 .data.__stderr_handle
                0x000000000018c1d4        0xc c:/devkitpro/devkitarm/bin/../lib/gcc/arm-none-eabi/9.1.0/../../../../arm-none-eabi/lib/armv6k/fpu\libsysbase.a(handle_manager.o)
 .data.__stdin_handle
                0x000000000018c1e0        0xc c:/devkitpro/devkitarm/bin/../lib/gcc/arm-none-eabi/9.1.0/../../../../arm-none-eabi/lib/armv6k/fpu\libsysbase.a(handle_manager.o)
 .data.__stdout_handle
                0x000000000018c1ec        0xc c:/devkitpro/devkitarm/bin/../lib/gcc/arm-none-eabi/9.1.0/../../../../arm-none-eabi/lib/armv6k/fpu\libsysbase.a(handle_manager.o)
 .data.handles  0x000000000018c1f8     0x1000 c:/devkitpro/devkitarm/bin/../lib/gcc/arm-none-eabi/9.1.0/../../../../arm-none-eabi/lib/armv6k/fpu\libsysbase.a(handle_manager.o)
 *(.gnu.linkonce.d*)
                0x000000000018d1f8                . = ALIGN (0x4)

.igot.plt       0x000000000018d1f8        0x0
 .igot.plt      0x000000000018d1f8        0x0 c:/devkitpro/devkitarm/bin/../lib/gcc/arm-none-eabi/9.1.0/../../../../arm-none-eabi/lib/armv6k/fpu/3dsx_crt0.o

.tm_clone_table
                0x000000000018d1f8        0x0
 .tm_clone_table
                0x000000000018d1f8        0x0 c:/devkitpro/devkitarm/bin/../lib/gcc/arm-none-eabi/9.1.0/armv6k/fpu/crtbegin.o
 .tm_clone_table
                0x000000000018d1f8        0x0 c:/devkitpro/devkitarm/bin/../lib/gcc/arm-none-eabi/9.1.0/armv6k/fpu/crtend.o
                0x000000000018d1f8                __TMC_END__

.tdata          0x000000000018d1f8        0x0
                0x000000000018d1f8                __tdata_lma = .
 *(.tdata)
 *(.tdata.*)
 *(.gnu.linkonce.td.*)
                0x000000000018d1f8                . = ALIGN (0x4)
                0x000000000018d1f8                __tdata_lma_end = .

.tbss           0x000000000018d1f8     0x140c
 *(.tbss)
 *(.tbss.*)
 .tbss.__fixedpath
                0x000000000018d1f8      0x401 C:/devkitPro/libctru/lib\libctru.a(sdmc_dev.o)
 *fill*         0x000000000018d5f9        0x3 
 .tbss.__utf16path
                0x000000000018d5fc      0x802 C:/devkitPro/libctru/lib\libctru.a(sdmc_dev.o)
 *fill*         0x000000000018ddfe        0x2 
 .tbss.__utf16path_old.8583
                0x000000000018de00      0x802 C:/devkitPro/libctru/lib\libctru.a(sdmc_dev.o)
 *(.gnu.linkonce.tb.*)
 *(.tcommon)
                0x000000000018e604                . = ALIGN (0x4)
 *fill*         0x000000000018e602        0x2 

.preinit_array  0x000000000018d1f8        0x0
                0x000000000018d1f8                PROVIDE (__preinit_array_start = .)
 *(.preinit_array)
                0x000000000018d1f8                PROVIDE (__preinit_array_end = .)

.init_array     0x000000000018d1f8        0x4
                0x000000000018d1f8                PROVIDE (__init_array_start = .)
 *(SORT_BY_NAME(.init_array.*))
 *(.init_array)
 .init_array    0x000000000018d1f8        0x4 c:/devkitpro/devkitarm/bin/../lib/gcc/arm-none-eabi/9.1.0/armv6k/fpu/crtbegin.o
                0x000000000018d1fc                PROVIDE (__init_array_end = .)

.fini_array     0x000000000018d1fc        0x4
                0x000000000018d1fc                PROVIDE (__fini_array_start = .)
 *(.fini_array)
 .fini_array    0x000000000018d1fc        0x4 c:/devkitpro/devkitarm/bin/../lib/gcc/arm-none-eabi/9.1.0/armv6k/fpu/crtbegin.o
 *(SORT_BY_NAME(.fini_array.*))
                0x000000000018d200                PROVIDE (__fini_array_end = .)

.ctors
 *crtbegin.o(.ctors)
 *(EXCLUDE_FILE(*crtend.o) .ctors)
 *(SORT_BY_NAME(.ctors.*))
 *(.ctors)

.dtors
 *crtbegin.o(.dtors)
 *(EXCLUDE_FILE(*crtend.o) .dtors)
 *(SORT_BY_NAME(.dtors.*))
 *(.dtors)
                0x000000000018d200                __bss_start__ = .

.bss            0x000000000018d200     0x2be4
 *(.dynbss)
 *(.bss)
 .bss           0x000000000018d200        0x8 C:/devkitPro/libctru/lib\libctru.a(stack_adjust.o)
 *(.bss.*)
 .bss.completed.10434
                0x000000000018d208        0x1 c:/devkitpro/devkitarm/bin/../lib/gcc/arm-none-eabi/9.1.0/armv6k/fpu/crtbegin.o
 *fill*         0x000000000018d209        0x3 
 .bss.object.10439
                0x000000000018d20c       0x18 c:/devkitpro/devkitarm/bin/../lib/gcc/arm-none-eabi/9.1.0/armv6k/fpu/crtbegin.o
 .bss._ZL11sLinearPool
                0x000000000018d224        0x8 C:/devkitPro/libctru/lib\libctru.a(linear.o)
 .bss._ZL8sAddrMap
                0x000000000018d22c        0xc C:/devkitPro/libctru/lib\libctru.a(linear.o)
 .bss.currentBuffer
                0x000000000018d238        0x2 C:/devkitPro/libctru/lib\libctru.a(gfx.o)
 .bss.enable3d  0x000000000018d23a        0x1 C:/devkitPro/libctru/lib\libctru.a(gfx.o)
 *fill*         0x000000000018d23b        0x1 
 .bss.screenAlloc
                0x000000000018d23c        0x4 C:/devkitPro/libctru/lib\libctru.a(gfx.o)
 .bss.screenFree
                0x000000000018d240        0x4 C:/devkitPro/libctru/lib\libctru.a(gfx.o)
 .bss.gspEvent  0x000000000018d244        0x4 C:/devkitPro/libctru/lib\libctru.a(gspgpu.o)
 .bss.gspEventCb
                0x000000000018d248       0x1c C:/devkitPro/libctru/lib\libctru.a(gspgpu.o)
 .bss.gspEventCbData
                0x000000000018d264       0x1c C:/devkitPro/libctru/lib\libctru.a(gspgpu.o)
 .bss.gspEventCbOneShot
                0x000000000018d280        0x7 C:/devkitPro/libctru/lib\libctru.a(gspgpu.o)
 *fill*         0x000000000018d287        0x1 
 .bss.gspEventCounts
                0x000000000018d288       0x1c C:/devkitPro/libctru/lib\libctru.a(gspgpu.o)
 .bss.gspEventData
                0x000000000018d2a4        0x4 C:/devkitPro/libctru/lib\libctru.a(gspgpu.o)
 .bss.gspEventThread
                0x000000000018d2a8        0x4 C:/devkitPro/libctru/lib\libctru.a(gspgpu.o)
 .bss.gspEvents
                0x000000000018d2ac       0x38 C:/devkitPro/libctru/lib\libctru.a(gspgpu.o)
 .bss.gspRefCount
                0x000000000018d2e4        0x4 C:/devkitPro/libctru/lib\libctru.a(gspgpu.o)
 .bss.gspRunEvents
                0x000000000018d2e8        0x1 C:/devkitPro/libctru/lib\libctru.a(gspgpu.o)
 *fill*         0x000000000018d2e9        0x3 
 .bss.csndCmdCurOff
                0x000000000018d2ec        0x4 C:/devkitPro/libctru/lib\libctru.a(csnd.o)
 .bss.csndCmdStartOff
                0x000000000018d2f0        0x4 C:/devkitPro/libctru/lib\libctru.a(csnd.o)
 .bss.csndHandle
                0x000000000018d2f4        0x4 C:/devkitPro/libctru/lib\libctru.a(csnd.o)
 .bss.csndMutex
                0x000000000018d2f8        0x4 C:/devkitPro/libctru/lib\libctru.a(csnd.o)
 .bss.csndRefCount
                0x000000000018d2fc        0x4 C:/devkitPro/libctru/lib\libctru.a(csnd.o)
 .bss.csndSharedMemBlock
                0x000000000018d300        0x4 C:/devkitPro/libctru/lib\libctru.a(csnd.o)
 .bss.aptChainloadMediatype
                0x000000000018d304        0x1 C:/devkitPro/libctru/lib\libctru.a(apt.o)
 *fill*         0x000000000018d305        0x3 
 .bss.aptChainloadTid
                0x000000000018d308        0x8 C:/devkitPro/libctru/lib\libctru.a(apt.o)
 .bss.aptEventHandlerThread
                0x000000000018d310        0x4 C:/devkitPro/libctru/lib\libctru.a(apt.o)
 .bss.aptEvents
                0x000000000018d314        0xc C:/devkitPro/libctru/lib\libctru.a(apt.o)
 .bss.aptFirstHook
                0x000000000018d320        0xc C:/devkitPro/libctru/lib\libctru.a(apt.o)
 .bss.aptHomeButtonState
                0x000000000018d32c        0x1 C:/devkitPro/libctru/lib\libctru.a(apt.o)
 *fill*         0x000000000018d32d        0x3 
 .bss.aptLockHandle
                0x000000000018d330        0x4 C:/devkitPro/libctru/lib\libctru.a(apt.o)
 .bss.aptMessageFunc
                0x000000000018d334        0x4 C:/devkitPro/libctru/lib\libctru.a(apt.o)
 .bss.aptMessageFuncData
                0x000000000018d338        0x4 C:/devkitPro/libctru/lib\libctru.a(apt.o)
 .bss.aptParameters
                0x000000000018d33c     0x1000 C:/devkitPro/libctru/lib\libctru.a(apt.o)
 .bss.aptRecentHomeButtonState
                0x000000000018e33c        0x1 C:/devkitPro/libctru/lib\libctru.a(apt.o)
 *fill*         0x000000000018e33d        0x3 
 .bss.aptRefCount
                0x000000000018e340        0x4 C:/devkitPro/libctru/lib\libctru.a(apt.o)
 .bss.aptSleepEvent
                0x000000000018e344        0x8 C:/devkitPro/libctru/lib\libctru.a(apt.o)
 .bss.flagInit.8300
                0x000000000018e34c        0x1 C:/devkitPro/libctru/lib\libctru.a(apt.o)
 .bss.flagValue.8301
                0x000000000018e34d        0x1 C:/devkitPro/libctru/lib\libctru.a(apt.o)
 *fill*         0x000000000018e34e        0x2 
 .bss.serviceName.7930
                0x000000000018e350        0x4 C:/devkitPro/libctru/lib\libctru.a(apt.o)
 .bss.aVec      0x000000000018e354        0x6 C:/devkitPro/libctru/lib\libctru.a(hid.o)
 *fill*         0x000000000018e35a        0x2 
 .bss.cPos      0x000000000018e35c        0x4 C:/devkitPro/libctru/lib\libctru.a(hid.o)
 .bss.gRate     0x000000000018e360        0x6 C:/devkitPro/libctru/lib\libctru.a(hid.o)
 *fill*         0x000000000018e366        0x2 
 .bss.hidRefCount
                0x000000000018e368        0x4 C:/devkitPro/libctru/lib\libctru.a(hid.o)
 .bss.kDown     0x000000000018e36c        0x4 C:/devkitPro/libctru/lib\libctru.a(hid.o)
 .bss.kHeld     0x000000000018e370        0x4 C:/devkitPro/libctru/lib\libctru.a(hid.o)
 .bss.kOld      0x000000000018e374        0x4 C:/devkitPro/libctru/lib\libctru.a(hid.o)
 .bss.kUp       0x000000000018e378        0x4 C:/devkitPro/libctru/lib\libctru.a(hid.o)
 .bss.tPos      0x000000000018e37c        0x4 C:/devkitPro/libctru/lib\libctru.a(hid.o)
 .bss.__ctru_heap_size
                0x000000000018e380        0x4 C:/devkitPro/libctru/lib\libctru.a(allocateHeaps.o)
                0x000000000018e380                __ctru_heap_size
 .bss._ZL8sAddrMap
                0x000000000018e384        0xc C:/devkitPro/libctru/lib\libctru.a(vram.o)
 .bss._ZL9sVramPool
                0x000000000018e390        0x8 C:/devkitPro/libctru/lib\libctru.a(vram.o)
 .bss._ZL13sMappablePool
                0x000000000018e398        0x8 C:/devkitPro/libctru/lib\libctru.a(mappable.o)
 .bss._ZL8sAddrMap
                0x000000000018e3a0        0xc C:/devkitPro/libctru/lib\libctru.a(mappable.o)
 .bss.arbiter   0x000000000018e3ac        0x4 C:/devkitPro/libctru/lib\libctru.a(synchronization.o)
 .bss.__ctru_speedup
                0x000000000018e3b0        0x1 C:/devkitPro/libctru/lib\libctru.a(os.o)
                0x000000000018e3b0                __ctru_speedup
 *fill*         0x000000000018e3b1        0x3 
 .bss.srvHandle
                0x000000000018e3b4        0x4 C:/devkitPro/libctru/lib\libctru.a(srv.o)
 .bss.srvRefCount
                0x000000000018e3b8        0x4 C:/devkitPro/libctru/lib\libctru.a(srv.o)
 .bss.csPos     0x000000000018e3bc        0x4 C:/devkitPro/libctru/lib\libctru.a(irrst.o)
 .bss.irrstRefCount
                0x000000000018e3c0        0x4 C:/devkitPro/libctru/lib\libctru.a(irrst.o)
 .bss.kHeld     0x000000000018e3c4        0x4 C:/devkitPro/libctru/lib\libctru.a(irrst.o)
 .bss.srvPmHandle
                0x000000000018e3c8        0x4 C:/devkitPro/libctru/lib\libctru.a(srvpm.o)
 .bss.ptmSysmHandle
                0x000000000018e3cc        0x4 C:/devkitPro/libctru/lib\libctru.a(ptmsysm.o)
 .bss.ptmSysmRefCount
                0x000000000018e3d0        0x4 C:/devkitPro/libctru/lib\libctru.a(ptmsysm.o)
 *fill*         0x000000000018e3d4        0x4 
 .bss.sdmcArchive
                0x000000000018e3d8        0x8 C:/devkitPro/libctru/lib\libctru.a(sdmc_dev.o)
 .bss.sdmcInitialised
                0x000000000018e3e0        0x1 C:/devkitPro/libctru/lib\libctru.a(sdmc_dev.o)
 *fill*         0x000000000018e3e1        0x7 
 .bss.fsExemptArchives
                0x000000000018e3e8       0x80 C:/devkitPro/libctru/lib\libctru.a(fs.o)
 .bss.fsuHandle
                0x000000000018e468        0x4 C:/devkitPro/libctru/lib\libctru.a(fs.o)
 .bss.fsuRefCount
                0x000000000018e46c        0x4 C:/devkitPro/libctru/lib\libctru.a(fs.o)
 .bss.__malloc_current_mallinfo
                0x000000000018e470       0x28 c:/devkitpro/devkitarm/bin/../lib/gcc/arm-none-eabi/9.1.0/../../../../arm-none-eabi/lib/armv6k/fpu\libg.a(lib_a-mallocr.o)
                0x000000000018e470                __malloc_current_mallinfo
 .bss.__malloc_max_sbrked_mem
                0x000000000018e498        0x4 c:/devkitpro/devkitarm/bin/../lib/gcc/arm-none-eabi/9.1.0/../../../../arm-none-eabi/lib/armv6k/fpu\libg.a(lib_a-mallocr.o)
                0x000000000018e498                __malloc_max_sbrked_mem
 .bss.__malloc_max_total_mem
                0x000000000018e49c        0x4 c:/devkitpro/devkitarm/bin/../lib/gcc/arm-none-eabi/9.1.0/../../../../arm-none-eabi/lib/armv6k/fpu\libg.a(lib_a-mallocr.o)
                0x000000000018e49c                __malloc_max_total_mem
 .bss.__malloc_top_pad
                0x000000000018e4a0        0x4 c:/devkitpro/devkitarm/bin/../lib/gcc/arm-none-eabi/9.1.0/../../../../arm-none-eabi/lib/armv6k/fpu\libg.a(lib_a-mallocr.o)
                0x000000000018e4a0                __malloc_top_pad
 .bss.heap_start.7420
                0x000000000018e4a4        0x4 c:/devkitpro/devkitarm/bin/../lib/gcc/arm-none-eabi/9.1.0/../../../../arm-none-eabi/lib/armv6k/fpu\libsysbase.a(sbrk.o)
 .bss.fake_heap_end
                0x000000000018e4a8        0x4 c:/devkitpro/devkitarm/bin/../lib/gcc/arm-none-eabi/9.1.0/../../../../arm-none-eabi/lib/armv6k/fpu\libsysbase.a(malloc_vars.o)
                0x000000000018e4a8                fake_heap_end
 .bss.fake_heap_start
                0x000000000018e4ac        0x4 c:/devkitpro/devkitarm/bin/../lib/gcc/arm-none-eabi/9.1.0/../../../../arm-none-eabi/lib/armv6k/fpu\libsysbase.a(malloc_vars.o)
                0x000000000018e4ac                fake_heap_start
 .bss.temp_cwd  0x000000000018e4b0      0x400 c:/devkitpro/devkitarm/bin/../lib/gcc/arm-none-eabi/9.1.0/../../../../arm-none-eabi/lib/armv6k/fpu\libsysbase.a(chdir.o)
 .bss.__syscalls
                0x000000000018e8b0       0x48 c:/devkitpro/devkitarm/bin/../lib/gcc/arm-none-eabi/9.1.0/../../../../arm-none-eabi/lib/armv6k/fpu\libsysbase.a(syscall_support.o)
                0x000000000018e8b0                __syscalls
 *(.gnu.linkonce.b*)
 *(COMMON)
 COMMON         0x000000000018e8f8       0x10 main.o
                0x000000000018e8f8                buffer_para_som_leao
                0x000000000018e8fc                buffer_para_som_pikachu
                0x000000000018e900                buffer_para_som_gato
                0x000000000018e904                buffer_para_som_cachorro
 COMMON         0x000000000018e908       0x68 C:/devkitPro/libctru/lib\libctru.a(gfx.o)
                0x000000000018e908                gfxBottomFramebuffers
                0x000000000018e910                gspSharedMemHandle
                0x000000000018e914                bottomFramebufferInfo
                0x000000000018e930                gspEvent
                0x000000000018e934                gfxTopLeftFramebuffers
                0x000000000018e93c                gfxTopRightFramebuffers
                0x000000000018e944                topFramebufferInfo
                0x000000000018e960                gfxThreadID
                0x000000000018e964                gfxSharedMemory
                0x000000000018e968                gfxTopFramebufferMaxSize
                0x000000000018e96c                gfxBottomFramebufferMaxSize
 COMMON         0x000000000018e970        0x4 C:/devkitPro/libctru/lib\libctru.a(gx.o)
                0x000000000018e970                gxCmdBuf
 COMMON         0x000000000018e974        0x4 C:/devkitPro/libctru/lib\libctru.a(gspgpu.o)
                0x000000000018e974                gspGpuHandle
 COMMON         0x000000000018e978       0x1c C:/devkitPro/libctru/lib\libctru.a(csnd.o)
                0x000000000018e978                csndSharedMemSize
                0x000000000018e97c                csndOffsets
                0x000000000018e98c                csndChannels
                0x000000000018e990                csndSharedMem
 COMMON         0x000000000018e994       0x20 C:/devkitPro/libctru/lib\libctru.a(hid.o)
                0x000000000018e994                hidMemHandle
                0x000000000018e998                hidHandle
                0x000000000018e99c                hidSharedMem
                0x000000000018e9a0                hidEvents
 COMMON         0x000000000018e9b4        0x4 C:/devkitPro/libctru/lib\libctru.a(initSystem.o)
                0x000000000018e9b4                __system_retAddr
 COMMON         0x000000000018e9b8        0x8 C:/devkitPro/libctru/lib\libctru.a(allocateHeaps.o)
                0x000000000018e9b8                __ctru_linear_heap
                0x000000000018e9bc                __ctru_heap
 COMMON         0x000000000018e9c0        0x8 C:/devkitPro/libctru/lib\libctru.a(initArgv.o)
                0x000000000018e9c0                __system_argv
                0x000000000018e9c4                __system_argc
 COMMON         0x000000000018e9c8       0x10 C:/devkitPro/libctru/lib\libctru.a(irrst.o)
                0x000000000018e9c8                irrstHandle
                0x000000000018e9cc                irrstEvent
                0x000000000018e9d0                irrstMemHandle
                0x000000000018e9d4                irrstSharedMem
                0x000000000018e9d8                . = ALIGN (0x4)
                0x000000000018e9d8                __tls_start = .
                0x000000000018fde4                . = (. + (SIZEOF (.tdata) + SIZEOF (.tbss)))
 *fill*         0x000000000018e9d8     0x140c 
                0x000000000018fde4                __tls_end = .
                0x000000000018fde4                __bss_end__ = .
                0x000000000018fde4                __end__ = ABSOLUTE (.)

/DISCARD/
 *(.group .comment .note)

.stab
 *(.stab)

.stabstr
 *(.stabstr)

.stab.excl
 *(.stab.excl)

.stab.exclstr
 *(.stab.exclstr)

.stab.index
 *(.stab.index)

.stab.indexstr
 *(.stab.indexstr)

.debug
 *(.debug)

.line
 *(.line)

.debug_srcinfo
 *(.debug_srcinfo)

.debug_sfnames
 *(.debug_sfnames)

.debug_aranges  0x0000000000000000     0x1578
 *(.debug_aranges)
 .debug_aranges
                0x0000000000000000       0x20 main.o
 .debug_aranges
                0x0000000000000020       0x58 C:/devkitPro/libctru/lib\libctru.a(linear.o)
 .debug_aranges
                0x0000000000000078       0x38 C:/devkitPro/libctru/lib\libctru.a(mem_pool.o)
 .debug_aranges
                0x00000000000000b0       0xa0 C:/devkitPro/libctru/lib\libctru.a(gfx.o)
 .debug_aranges
                0x0000000000000150       0x60 C:/devkitPro/libctru/lib\libctru.a(gx.o)
 .debug_aranges
                0x00000000000001b0       0xe8 C:/devkitPro/libctru/lib\libctru.a(gspgpu.o)
 .debug_aranges
                0x0000000000000298      0x160 C:/devkitPro/libctru/lib\libctru.a(csnd.o)
 .debug_aranges
                0x00000000000003f8      0x200 C:/devkitPro/libctru/lib\libctru.a(apt.o)
 .debug_aranges
                0x00000000000005f8       0xb8 C:/devkitPro/libctru/lib\libctru.a(hid.o)
 .debug_aranges
                0x00000000000006b0       0x20 C:/devkitPro/libctru/lib\libctru.a(rbtree_init.o)
 .debug_aranges
                0x00000000000006d0       0x30 C:/devkitPro/libctru/lib\libctru.a(rbtree_insert.o)
 .debug_aranges
                0x0000000000000700       0x20 C:/devkitPro/libctru/lib\libctru.a(rbtree_rotate.o)
 .debug_aranges
                0x0000000000000720       0x20 C:/devkitPro/libctru/lib\libctru.a(rbtree_remove.o)
 .debug_aranges
                0x0000000000000740       0x20 C:/devkitPro/libctru/lib\libctru.a(rbtree_find.o)
 .debug_aranges
                0x0000000000000760       0x20 C:/devkitPro/libctru/lib\libctru.a(initSystem.o)
 .debug_aranges
                0x0000000000000780       0x30 C:/devkitPro/libctru/lib\libctru.a(syscalls.o)
 .debug_aranges
                0x00000000000007b0       0x28 C:/devkitPro/libctru/lib\libctru.a(allocateHeaps.o)
 .debug_aranges
                0x00000000000007d8       0x20 C:/devkitPro/libctru/lib\libctru.a(initArgv.o)
 .debug_aranges
                0x00000000000007f8      0x318 C:/devkitPro/libctru/lib\libctru.a(svc.o)
 .debug_aranges
                0x0000000000000b10       0x20 C:/devkitPro/libctru/lib\libctru.a(stack_adjust.o)
 .debug_aranges
                0x0000000000000b30       0x58 C:/devkitPro/libctru/lib\libctru.a(vram.o)
 .debug_aranges
                0x0000000000000b88       0x48 C:/devkitPro/libctru/lib\libctru.a(mappable.o)
 .debug_aranges
                0x0000000000000bd0       0xc0 C:/devkitPro/libctru/lib\libctru.a(synchronization.o)
 .debug_aranges
                0x0000000000000c90       0x70 C:/devkitPro/libctru/lib\libctru.a(os.o)
 .debug_aranges
                0x0000000000000d00       0xc0 C:/devkitPro/libctru/lib\libctru.a(srv.o)
 .debug_aranges
                0x0000000000000dc0       0x68 C:/devkitPro/libctru/lib\libctru.a(thread.o)
 .debug_aranges
                0x0000000000000e28       0x68 C:/devkitPro/libctru/lib\libctru.a(irrst.o)
 .debug_aranges
                0x0000000000000e90       0x58 C:/devkitPro/libctru/lib\libctru.a(srvpm.o)
 .debug_aranges
                0x0000000000000ee8       0x48 C:/devkitPro/libctru/lib\libctru.a(ptmsysm.o)
 .debug_aranges
                0x0000000000000f30       0x28 C:/devkitPro/libctru/lib\libctru.a(rbtree_iterator.o)
 .debug_aranges
                0x0000000000000f58       0x20 C:/devkitPro/libctru/lib\libctru.a(appInit.o)
 .debug_aranges
                0x0000000000000f78       0x20 C:/devkitPro/libctru/lib\libctru.a(appExit.o)
 .debug_aranges
                0x0000000000000f98       0x20 C:/devkitPro/libctru/lib\libctru.a(ctru_exit.o)
 .debug_aranges
                0x0000000000000fb8       0x28 C:/devkitPro/libctru/lib\libctru.a(env.o)
 .debug_aranges
                0x0000000000000fe0      0x100 C:/devkitPro/libctru/lib\libctru.a(sdmc_dev.o)
 .debug_aranges
                0x00000000000010e0      0x3b8 C:/devkitPro/libctru/lib\libctru.a(fs.o)
 .debug_aranges
                0x0000000000001498       0x20 C:/devkitPro/libctru/lib\libctru.a(utf16_to_utf8.o)
 .debug_aranges
                0x00000000000014b8       0x20 C:/devkitPro/libctru/lib\libctru.a(decode_utf16.o)
 .debug_aranges
                0x00000000000014d8       0x20 C:/devkitPro/libctru/lib\libctru.a(decode_utf8.o)
 .debug_aranges
                0x00000000000014f8       0x20 C:/devkitPro/libctru/lib\libctru.a(utf8_to_utf16.o)
 .debug_aranges
                0x0000000000001518       0x20 C:/devkitPro/libctru/lib\libctru.a(readtp.o)
 .debug_aranges
                0x0000000000001538       0x20 C:/devkitPro/libctru/lib\libctru.a(encode_utf16.o)
 .debug_aranges
                0x0000000000001558       0x20 C:/devkitPro/libctru/lib\libctru.a(encode_utf8.o)

.debug_pubnames
 *(.debug_pubnames)

.debug_info     0x0000000000000000    0x30e3f
 *(.debug_info)
 .debug_info    0x0000000000000000     0x161b main.o
 .debug_info    0x000000000000161b     0x1a31 C:/devkitPro/libctru/lib\libctru.a(linear.o)
 .debug_info    0x000000000000304c     0x19b9 C:/devkitPro/libctru/lib\libctru.a(mem_pool.o)
 .debug_info    0x0000000000004a05     0x1a65 C:/devkitPro/libctru/lib\libctru.a(gfx.o)
 .debug_info    0x000000000000646a     0x1009 C:/devkitPro/libctru/lib\libctru.a(gx.o)
 .debug_info    0x0000000000007473     0x229d C:/devkitPro/libctru/lib\libctru.a(gspgpu.o)
 .debug_info    0x0000000000009710     0x29ac C:/devkitPro/libctru/lib\libctru.a(csnd.o)
 .debug_info    0x000000000000c0bc     0x4c3f C:/devkitPro/libctru/lib\libctru.a(apt.o)
 .debug_info    0x0000000000010cfb     0x193d C:/devkitPro/libctru/lib\libctru.a(hid.o)
 .debug_info    0x0000000000012638      0x18c C:/devkitPro/libctru/lib\libctru.a(rbtree_init.o)
 .debug_info    0x00000000000127c4      0x74b C:/devkitPro/libctru/lib\libctru.a(rbtree_insert.o)
 .debug_info    0x0000000000012f0f      0x36f C:/devkitPro/libctru/lib\libctru.a(rbtree_rotate.o)
 .debug_info    0x000000000001327e      0x998 C:/devkitPro/libctru/lib\libctru.a(rbtree_remove.o)
 .debug_info    0x0000000000013c16      0x1f4 C:/devkitPro/libctru/lib\libctru.a(rbtree_find.o)
 .debug_info    0x0000000000013e0a     0x1476 C:/devkitPro/libctru/lib\libctru.a(initSystem.o)
 .debug_info    0x0000000000015280     0x1662 C:/devkitPro/libctru/lib\libctru.a(syscalls.o)
 .debug_info    0x00000000000168e2      0x392 C:/devkitPro/libctru/lib\libctru.a(allocateHeaps.o)
 .debug_info    0x0000000000016c74      0xab6 C:/devkitPro/libctru/lib\libctru.a(initArgv.o)
 .debug_info    0x000000000001772a       0x22 C:/devkitPro/libctru/lib\libctru.a(svc.o)
 .debug_info    0x000000000001774c       0x26 C:/devkitPro/libctru/lib\libctru.a(stack_adjust.o)